Archive member included to satisfy reference by file (symbol)

/opt/devkitpro/libnx/lib/libnx.a(applet.o)
                              main.o (appletMainLoop)
/opt/devkitpro/libnx/lib/libnx.a(hid.o)
                              main.o (hidKeysDown)
/opt/devkitpro/libnx/lib/libnx.a(apm.o)
                              /opt/devkitpro/libnx/lib/libnx.a(applet.o) (apmExit)
/opt/devkitpro/libnx/lib/libnx.a(sm.o)
                              /opt/devkitpro/libnx/lib/libnx.a(applet.o) (smGetService)
/opt/devkitpro/libnx/lib/libnx.a(fatal.o)
                              /opt/devkitpro/libnx/lib/libnx.a(applet.o) (fatalSimple)
/opt/devkitpro/libnx/lib/libnx.a(gfx.o)
                              main.o (gfxInitDefault)
/opt/devkitpro/libnx/lib/libnx.a(nvgfx.o)
                              /opt/devkitpro/libnx/lib/libnx.a(gfx.o) (nvgfxInitialize)
/opt/devkitpro/libnx/lib/libnx.a(nxlink_stdio.o)
                              main.o (nxlinkStdio)
/opt/devkitpro/libnx/lib/libnx.a(argv.o)
                              /opt/devkitpro/libnx/lib/libnx.a(nxlink_stdio.o) (__nxlink_host)
/opt/devkitpro/libnx/lib/libnx.a(socket.o)
                              main.o (socketGetDefaultInitConfig)
/opt/devkitpro/libnx/lib/libnx.a(convert_errno.o)
                              /opt/devkitpro/libnx/lib/libnx.a(socket.o) (_convert_errno)
/opt/devkitpro/libnx/lib/libnx.a(cache.o)
                              /opt/devkitpro/libnx/lib/libnx.a(gfx.o) (armDCacheFlush)
/opt/devkitpro/libnx/lib/libnx.a(svc.o)
                              /opt/devkitpro/libnx/lib/libnx.a(argv.o) (svcQueryMemory)
/opt/devkitpro/libnx/lib/libnx.a(readtp.o)
                              /opt/devkitpro/libnx/lib/libnx.a(socket.o) (__aarch64_read_tp)
/opt/devkitpro/libnx/lib/libnx.a(switch_crt0.o)
                              (_start)
/opt/devkitpro/libnx/lib/libnx.a(detect.o)
                              /opt/devkitpro/libnx/lib/libnx.a(applet.o) (kernelAbove200)
/opt/devkitpro/libnx/lib/libnx.a(shmem.o)
                              /opt/devkitpro/libnx/lib/libnx.a(hid.o) (shmemLoadRemote)
/opt/devkitpro/libnx/lib/libnx.a(rwlock.o)
                              /opt/devkitpro/libnx/lib/libnx.a(hid.o) (rwlockReadLock)
/opt/devkitpro/libnx/lib/libnx.a(mutex.o)
                              /opt/devkitpro/libnx/lib/libnx.a(detect.o) (mutexLock)
/opt/devkitpro/libnx/lib/libnx.a(virtmem.o)
                              /opt/devkitpro/libnx/lib/libnx.a(shmem.o) (virtmemReserve)
/opt/devkitpro/libnx/lib/libnx.a(event.o)
                              /opt/devkitpro/libnx/lib/libnx.a(gfx.o) (eventWait)
/opt/devkitpro/libnx/lib/libnx.a(nv.o)
                              /opt/devkitpro/libnx/lib/libnx.a(gfx.o) (nvExit)
/opt/devkitpro/libnx/lib/libnx.a(sfdnsres.o)
                              /opt/devkitpro/libnx/lib/libnx.a(socket.o) (sfdnsresGetHostByName)
/opt/devkitpro/libnx/lib/libnx.a(vi.o)
                              /opt/devkitpro/libnx/lib/libnx.a(gfx.o) (viExit)
/opt/devkitpro/libnx/lib/libnx.a(bsd.o)
                              /opt/devkitpro/libnx/lib/libnx.a(socket.o) (g_bsdResult)
/opt/devkitpro/libnx/lib/libnx.a(nifm.o)
                              /opt/devkitpro/libnx/lib/libnx.a(socket.o) (nifmGetCurrentIpAddress)
/opt/devkitpro/libnx/lib/libnx.a(fence.o)
                              /opt/devkitpro/libnx/lib/libnx.a(gfx.o) (nvFenceInit)
/opt/devkitpro/libnx/lib/libnx.a(nvhost-ctrl.o)
                              /opt/devkitpro/libnx/lib/libnx.a(fence.o) (nvioctlNvhostCtrl_EventSignal)
/opt/devkitpro/libnx/lib/libnx.a(nvmap.o)
                              /opt/devkitpro/libnx/lib/libnx.a(nvgfx.o) (nvioctlNvmap_Create)
/opt/devkitpro/libnx/lib/libnx.a(buffer_producer.o)
                              /opt/devkitpro/libnx/lib/libnx.a(gfx.o) (bqRequestBuffer)
/opt/devkitpro/libnx/lib/libnx.a(binder.o)
                              /opt/devkitpro/libnx/lib/libnx.a(gfx.o) (binderCreate)
/opt/devkitpro/libnx/lib/libnx.a(parcel.o)
                              /opt/devkitpro/libnx/lib/libnx.a(buffer_producer.o) (parcelCreate)
/opt/devkitpro/libnx/lib/libnx.a(dynamic.o)
                              /opt/devkitpro/libnx/lib/libnx.a(switch_crt0.o) (__nx_dynamic)
/opt/devkitpro/libnx/lib/libnx.a(init.o)
                              /opt/devkitpro/libnx/lib/libnx.a(switch_crt0.o) (__libnx_init)
/opt/devkitpro/libnx/lib/libnx.a(nxlink.o)
                              /opt/devkitpro/libnx/lib/libnx.a(argv.o) (nxlinkSetup)
/opt/devkitpro/libnx/lib/libnx.a(env.o)
                              /opt/devkitpro/libnx/lib/libnx.a(init.o) (envSetup)
/opt/devkitpro/libnx/lib/libnx.a(newlib.o)
                              /opt/devkitpro/libnx/lib/libnx.a(init.o) (__libnx_init_time)
/opt/devkitpro/libnx/lib/libnx.a(fs_dev.o)
                              /opt/devkitpro/libnx/lib/libnx.a(init.o) (fsdevMountSdmc)
/opt/devkitpro/libnx/lib/libnx.a(decode_utf8.o)
                              /opt/devkitpro/libnx/lib/libnx.a(fs_dev.o) (decode_utf8)
[...]
Memory Configuration

Name             Origin             Length             Attributes
*default*        0x0000000000000000 0xffffffffffffffff

Linker script and memory map

                0x0000000000000000                PROVIDE (__start__ = 0x0)
                0x0000000000000000                . = __start__

.crt0           0x0000000000000000      0x130
 *(.crt0)
 .crt0          0x0000000000000000      0x130 /opt/devkitpro/libnx/lib/libnx.a(switch_crt0.o)
                0x0000000000000000                _start
                0x0000000000000104                __nx_exit
                0x0000000000000114                __nx_mod0
                0x0000000000000130                . = ALIGN (0x8)

.init           0x0000000000000130       0x38
 *(.init)
 .init          0x0000000000000130       0x18 /opt/devkitpro/devkitA64/bin/../lib/gcc/aarch64-none-elf/8.2.0/pic/crti.o
                0x0000000000000130                _init
 .init          0x0000000000000148       0x1c /opt/devkitpro/devkitA64/bin/../lib/gcc/aarch64-none-elf/8.2.0/pic/crtn.o
                0x0000000000000168                . = ALIGN (0x8)
 *fill*         0x0000000000000164        0x4 

.plt            0x0000000000000168        0x0
 *(.plt)
 .plt           0x0000000000000168        0x0 /opt/devkitpro/devkitA64/bin/../lib/gcc/aarch64-none-elf/8.2.0/pic/crti.o
 *(.iplt)
                0x0000000000000168                . = ALIGN (0x8)

.text           0x0000000000000180    0x20358
 *(.text.unlikely .text.*_unlikely .text.unlikely.*)
 *(.text.exit .text.exit.*)
 .text.exit     0x0000000000000180       0x38 /opt/devkitpro/devkitA64/bin/../lib/gcc/aarch64-none-elf/8.2.0/../../../../aarch64-none-elf/lib/pic/libg.a(lib_a-exit.o)
                0x0000000000000180                exit
 *(.text.startup .text.startup.*)
 *fill*         0x00000000000001b8        0x8 
 .text.startup.main
                0x00000000000001c0      0x1b4 main.o
                0x00000000000001c0                main
 *(.text.hot .text.hot.*)
 *(.text .stub .text.* .gnu.linkonce.t.*)
 *fill*         0x0000000000000374        0x4 
 .text.deregister_tm_clones
                0x0000000000000378       0x2c /opt/devkitpro/devkitA64/bin/../lib/gcc/aarch64-none-elf/8.2.0/pic/crtbegin.o
 *fill*         0x00000000000003a4        0x4 
 .text.register_tm_clones
                0x00000000000003a8       0x38 /opt/devkitpro/devkitA64/bin/../lib/gcc/aarch64-none-elf/8.2.0/pic/crtbegin.o
 .text.__do_global_dtors_aux
                0x00000000000003e0       0x48 /opt/devkitpro/devkitA64/bin/../lib/gcc/aarch64-none-elf/8.2.0/pic/crtbegin.o
 .text.frame_dummy
                0x0000000000000428       0x34 /opt/devkitpro/devkitA64/bin/../lib/gcc/aarch64-none-elf/8.2.0/pic/crtbegin.o
 *fill*         0x000000000000045c        0x4 
 .text.allocFontChar
                0x0000000000000460     0x18fc font.o
                0x0000000000000460                allocFontChar
 *fill*         0x0000000000001d5c        0x4 
 .text.drawPixel.part.0
                0x0000000000001d60       0x48 main.o
 *fill*         0x0000000000001da8        0x8 
 .text.drawRect
                0x0000000000001db0       0xa4 main.o
                0x0000000000001db0                drawRect
 *fill*         0x0000000000001e54        0xc 
 .text.drawBackground
                0x0000000000001e60      0x10c main.o
                0x0000000000001e60                drawBackground
 *fill*         0x0000000000001f6c        0x4 
 .text.drawTextAtOffset
                0x0000000000001f70      0x10c main.o
                0x0000000000001f70                drawTextAtOffset
 *fill*         0x000000000000207c        0x4 
 .text.drawCenteredTextAtOffset
                0x0000000000002080       0x6c main.o
                0x0000000000002080                drawCenteredTextAtOffset
 *fill*         0x00000000000020ec        0x4 
 .text.findNextStart
                0x00000000000020f0      0x2d8 main.o
                0x00000000000020f0                findNextStart
 *fill*         0x00000000000023c8        0x8 
 .text.readSchedule
                0x00000000000023d0       0xb0 main.o
                0x00000000000023d0                readSchedule
 .text.scheduleError
                0x0000000000002480       0xb8 main.o
                0x0000000000002480                scheduleError
 *fill*         0x0000000000002538        0x8 
 .text.showTimeUntilNextLecture
                0x0000000000002540       0xa0 main.o
                0x0000000000002540                showTimeUntilNextLecture
 .text.ipcCloseObjectById
                0x00000000000025e0       0x34 /opt/devkitpro/libnx/lib/libnx.a(applet.o)
 *fill*         0x0000000000002614        0xc 
 .text._appletGetHandle
                0x0000000000002620      0x124 /opt/devkitpro/libnx/lib/libnx.a(applet.o)
 *fill*         0x0000000000002744        0xc 
 .text._appletGetPerformanceMode.constprop.14
                0x0000000000002750       0xe0 /opt/devkitpro/libnx/lib/libnx.a(applet.o)
 .text._appletGetOperationMode.constprop.13
                0x0000000000002830       0xe0 /opt/devkitpro/libnx/lib/libnx.a(applet.o)
 .text._appletGetCurrentFocusState.constprop.15
                0x0000000000002910       0xe0 /opt/devkitpro/libnx/lib/libnx.a(applet.o)
 .text._appletReceiveMessage
                0x00000000000029f0       0xec /opt/devkitpro/libnx/lib/libnx.a(applet.o)
 *fill*         0x0000000000002adc        0x4 
 .text._appletAcquireForegroundRights
                0x0000000000002ae0       0xcc /opt/devkitpro/libnx/lib/libnx.a(applet.o)
 *fill*         0x0000000000002bac        0x4 
 .text._appletSetPerformanceModeChangedNotification.constprop.17
                0x0000000000002bb0       0xd4 /opt/devkitpro/libnx/lib/libnx.a(applet.o)
 *fill*         0x0000000000002c84        0xc 
 .text._appletSetOperationModeChangedNotification.constprop.16
                0x0000000000002c90       0xd4 /opt/devkitpro/libnx/lib/libnx.a(applet.o)
 *fill*         0x0000000000002d64        0xc 
 .text._appletSetOutOfFocusSuspendingEnabled
                0x0000000000002d70       0xd0 /opt/devkitpro/libnx/lib/libnx.a(applet.o)
 .text._appletSetFocusHandlingMode
                0x0000000000002e40       0xd8 /opt/devkitpro/libnx/lib/libnx.a(applet.o)
 *fill*         0x0000000000002f18        0x8 
 .text._appletGetAppletResourceUserId.constprop.11
                0x0000000000002f20       0xe0 /opt/devkitpro/libnx/lib/libnx.a(applet.o)
 .text._appletGetSessionProxy.constprop.10
                0x0000000000003000      0x13c /opt/devkitpro/libnx/lib/libnx.a(applet.o)
 *fill*         0x000000000000313c        0x4 
 .text.appletExit
                0x0000000000003140      0x564 /opt/devkitpro/libnx/lib/libnx.a(applet.o)
                0x0000000000003140                appletExit
 *fill*         0x00000000000036a4        0xc 
 .text.appletGetAppletType
                0x00000000000036b0       0x10 /opt/devkitpro/libnx/lib/libnx.a(applet.o)
                0x00000000000036b0                appletGetAppletType
 .text.appletHook
                0x00000000000036c0       0x28 /opt/devkitpro/libnx/lib/libnx.a(applet.o)
                0x00000000000036c0                appletHook
 *fill*         0x00000000000036e8        0x8 
 .text.appletUnhook
                0x00000000000036f0       0x34 /opt/devkitpro/libnx/lib/libnx.a(applet.o)
                0x00000000000036f0                appletUnhook
 *fill*         0x0000000000003724        0xc 
 .text.appletGetAppletResourceUserId
                0x0000000000003730       0x28 /opt/devkitpro/libnx/lib/libnx.a(applet.o)
                0x0000000000003730                appletGetAppletResourceUserId
 *fill*         0x0000000000003758        0x8 
 .text.appletNotifyRunning
                0x0000000000003760      0x120 /opt/devkitpro/libnx/lib/libnx.a(applet.o)
                0x0000000000003760                appletNotifyRunning
 .text.appletInitialize
                0x0000000000003880      0x56c /opt/devkitpro/libnx/lib/libnx.a(applet.o)
                0x0000000000003880                appletInitialize
 *fill*         0x0000000000003dec        0x4 
 .text.appletCreateManagedDisplayLayer
                0x0000000000003df0       0xec /opt/devkitpro/libnx/lib/libnx.a(applet.o)
                0x0000000000003df0                appletCreateManagedDisplayLayer
 *fill*         0x0000000000003edc        0x4 
 .text.appletGetOperationMode
                0x0000000000003ee0        0xc /opt/devkitpro/libnx/lib/libnx.a(applet.o)
                0x0000000000003ee0                appletGetOperationMode
 *fill*         0x0000000000003eec        0x4 
 .text.appletMainLoop
                0x0000000000003ef0      0x144 /opt/devkitpro/libnx/lib/libnx.a(applet.o)
                0x0000000000003ef0                appletMainLoop
 *fill*         0x0000000000004034        0xc 
 .text.ipcCloseObjectById
                0x0000000000004040       0x34 /opt/devkitpro/libnx/lib/libnx.a(hid.o)
 *fill*         0x0000000000004074        0xc 
 .text._hidGetSharedMemoryHandle.constprop.8
                0x0000000000004080      0x124 /opt/devkitpro/libnx/lib/libnx.a(hid.o)
 *fill*         0x00000000000041a4        0xc 
 .text._hidCreateAppletResource.constprop.7
                0x00000000000041b0      0x134 /opt/devkitpro/libnx/lib/libnx.a(hid.o)
 *fill*         0x00000000000042e4        0xc 
 .text.hidReset
                0x00000000000042f0      0x1b0 /opt/devkitpro/libnx/lib/libnx.a(hid.o)
                0x00000000000042f0                hidReset
 .text.hidGetSharedmemAddr
                0x00000000000044a0        0xc /opt/devkitpro/libnx/lib/libnx.a(hid.o)
                0x00000000000044a0                hidGetSharedmemAddr
 *fill*         0x00000000000044ac        0x4 
 .text.hidKeysDown
                0x00000000000044b0       0x6c /opt/devkitpro/libnx/lib/libnx.a(hid.o)
                0x00000000000044b0                hidKeysDown
 *fill*         0x000000000000451c        0x4 
 .text.hidTouchCount
                0x0000000000004520        0xc /opt/devkitpro/libnx/lib/libnx.a(hid.o)
                0x0000000000004520                hidTouchCount
 *fill*         0x000000000000452c        0x4 
 .text.hidScanInput
                0x0000000000004530      0x49c /opt/devkitpro/libnx/lib/libnx.a(hid.o)
                0x0000000000004530                hidScanInput
 *fill*         0x00000000000049cc        0x4 
 .text.hidSetNpadJoyAssignmentModeDual
                0x00000000000049d0      0x10c /opt/devkitpro/libnx/lib/libnx.a(hid.o)
                0x00000000000049d0                hidSetNpadJoyAssignmentModeDual
 *fill*         0x0000000000004adc        0x4 
 .text.hidExit  0x0000000000004ae0      0x128 /opt/devkitpro/libnx/lib/libnx.a(hid.o)
                0x0000000000004ae0                hidExit
 *fill*         0x0000000000004c08        0x8 
 .text.hidInitialize
                0x0000000000004c10      0x10c /opt/devkitpro/libnx/lib/libnx.a(hid.o)
                0x0000000000004c10                hidInitialize
 *fill*         0x0000000000004d1c        0x4 
 .text.ipcCloseObjectById
                0x0000000000004d20       0x34 /opt/devkitpro/libnx/lib/libnx.a(apm.o)
 *fill*         0x0000000000004d54        0xc 
 .text._apmGetSession.constprop.4
                0x0000000000004d60      0x124 /opt/devkitpro/libnx/lib/libnx.a(apm.o)
 *fill*         0x0000000000004e84        0xc 
 .text.apmExit  0x0000000000004e90       0xf0 /opt/devkitpro/libnx/lib/libnx.a(apm.o)
                0x0000000000004e90                apmExit
 .text.apmInitialize
                0x0000000000004f80       0x8c /opt/devkitpro/libnx/lib/libnx.a(apm.o)
                0x0000000000004f80                apmInitialize
 *fill*         0x000000000000500c        0x4 
 .text.apmSetPerformanceConfiguration
                0x0000000000005010       0xcc /opt/devkitpro/libnx/lib/libnx.a(apm.o)
                0x0000000000005010                apmSetPerformanceConfiguration
 *fill*         0x00000000000050dc        0x4 
 .text.smAddOverrideHandle
                0x00000000000050e0       0x44 /opt/devkitpro/libnx/lib/libnx.a(sm.o)
                0x00000000000050e0                smAddOverrideHandle
 *fill*         0x0000000000005124        0xc 
 .text.smGetServiceOverride
                0x0000000000005130       0x60 /opt/devkitpro/libnx/lib/libnx.a(sm.o)
                0x0000000000005130                smGetServiceOverride
 .text.smHasInitialized
                0x0000000000005190       0x14 /opt/devkitpro/libnx/lib/libnx.a(sm.o)
                0x0000000000005190                smHasInitialized
 *fill*         0x00000000000051a4        0xc 
 .text.smExit   0x00000000000051b0       0x5c /opt/devkitpro/libnx/lib/libnx.a(sm.o)
                0x00000000000051b0                smExit
 *fill*         0x000000000000520c        0x4 
 .text.smEncodeName
                0x0000000000005210       0x38 /opt/devkitpro/libnx/lib/libnx.a(sm.o)
                0x0000000000005210                smEncodeName
 *fill*         0x0000000000005248        0x8 
 .text.smGetServiceOriginal
                0x0000000000005250      0x12c /opt/devkitpro/libnx/lib/libnx.a(sm.o)
                0x0000000000005250                smGetServiceOriginal
 *fill*         0x000000000000537c        0x4 
 .text.smInitialize
                0x0000000000005380      0x158 /opt/devkitpro/libnx/lib/libnx.a(sm.o)
                0x0000000000005380                smInitialize
 *fill*         0x00000000000054d8        0x8 
 .text.smGetService
                0x00000000000054e0       0x74 /opt/devkitpro/libnx/lib/libnx.a(sm.o)
                0x00000000000054e0                smGetService
 *fill*         0x0000000000005554        0xc 
 .text.fatalWithType
                0x0000000000005560       0xec /opt/devkitpro/libnx/lib/libnx.a(fatal.o)
                0x0000000000005560                fatalWithType
 *fill*         0x000000000000564c        0x4 
 .text.fatalSimple
                0x0000000000005650       0x14 /opt/devkitpro/libnx/lib/libnx.a(fatal.o)
                0x0000000000005650                fatalSimple
 *fill*         0x0000000000005664        0xc 
 .text._gfxCancelBuffer
                0x0000000000005670       0x48 /opt/devkitpro/libnx/lib/libnx.a(gfx.o)
 *fill*         0x00000000000056b8        0x8 
 .text._gfxDequeueBuffer.part.0
                0x00000000000056c0      0x170 /opt/devkitpro/libnx/lib/libnx.a(gfx.o)
 .text.gfxInitDefault
                0x0000000000005830      0x4b4 /opt/devkitpro/libnx/lib/libnx.a(gfx.o)
                0x0000000000005830                gfxInitDefault
 *fill*         0x0000000000005ce4        0xc 
 .text.gfxConfigureCrop
                0x0000000000005cf0       0xe8 /opt/devkitpro/libnx/lib/libnx.a(gfx.o)
                0x0000000000005cf0                gfxConfigureCrop
 *fill*         0x0000000000005dd8        0x8 
 .text.gfxConfigureResolution
                0x0000000000005de0       0x14 /opt/devkitpro/libnx/lib/libnx.a(gfx.o)
                0x0000000000005de0                gfxConfigureResolution
 *fill*         0x0000000000005df4        0xc 
 .text._gfxAutoResolutionAppletHook
                0x0000000000005e00       0x60 /opt/devkitpro/libnx/lib/libnx.a(gfx.o)
 .text.gfxConfigureAutoResolution
                0x0000000000005e60      0x11c /opt/devkitpro/libnx/lib/libnx.a(gfx.o)
                0x0000000000005e60                gfxConfigureAutoResolution
 *fill*         0x0000000000005f7c        0x4 
 .text.gfxExit  0x0000000000005f80      0x174 /opt/devkitpro/libnx/lib/libnx.a(gfx.o)
                0x0000000000005f80                gfxExit
 *fill*         0x00000000000060f4        0xc 
 .text._gfxGraphicBufferInit
                0x0000000000006100       0x3c /opt/devkitpro/libnx/lib/libnx.a(gfx.o)
                0x0000000000006100                _gfxGraphicBufferInit
 *fill*         0x000000000000613c        0x4 
 .text.gfxWaitForVsync
                0x0000000000006140       0x2c /opt/devkitpro/libnx/lib/libnx.a(gfx.o)
                0x0000000000006140                gfxWaitForVsync
 *fill*         0x000000000000616c        0x4 
 .text.gfxSwapBuffers
                0x0000000000006170       0x64 /opt/devkitpro/libnx/lib/libnx.a(gfx.o)
                0x0000000000006170                gfxSwapBuffers
 *fill*         0x00000000000061d4        0xc 
 .text.gfxGetFramebuffer
                0x00000000000061e0       0x68 /opt/devkitpro/libnx/lib/libnx.a(gfx.o)
                0x00000000000061e0                gfxGetFramebuffer
 *fill*         0x0000000000006248        0x8 
 .text.gfxFlushBuffers
                0x0000000000006250      0x12c /opt/devkitpro/libnx/lib/libnx.a(gfx.o)
                0x0000000000006250                gfxFlushBuffers
 *fill*         0x000000000000637c        0x4 
 .text.nvmapobjClose.part.0.constprop.3
                0x0000000000006380       0x38 /opt/devkitpro/libnx/lib/libnx.a(nvgfx.o)
 *fill*         0x00000000000063b8        0x8 
 .text.nvgfxInitialize
                0x00000000000063c0      0x1e8 /opt/devkitpro/libnx/lib/libnx.a(nvgfx.o)
                0x00000000000063c0                nvgfxInitialize
 *fill*         0x00000000000065a8        0x8 
 .text.nvgfxExit
                0x00000000000065b0       0x58 /opt/devkitpro/libnx/lib/libnx.a(nvgfx.o)
                0x00000000000065b0                nvgfxExit
 *fill*         0x0000000000006608        0x8 
 .text.nvgfxGetFramebuffer
                0x0000000000006610       0x4c /opt/devkitpro/libnx/lib/libnx.a(nvgfx.o)
                0x0000000000006610                nvgfxGetFramebuffer
 *fill*         0x000000000000665c        0x4 
 .text.nxlinkStdio
                0x0000000000006660       0xb8 /opt/devkitpro/libnx/lib/libnx.a(nxlink_stdio.o)
                0x0000000000006660                nxlinkStdio
 *fill*         0x0000000000006718        0x8 
 .text.argvSetup
                0x0000000000006720      0x368 /opt/devkitpro/libnx/lib/libnx.a(argv.o)
                0x0000000000006720                argvSetup
 *fill*         0x0000000000006a88        0x8 
 .text._socketParseBsdResult.part.0
                0x0000000000006a90       0xa8 /opt/devkitpro/libnx/lib/libnx.a(socket.o)
 *fill*         0x0000000000006b38        0x8 
 .text._socketRead
                0x0000000000006b40       0x48 /opt/devkitpro/libnx/lib/libnx.a(socket.o)
 *fill*         0x0000000000006b88        0x8 
 .text._socketWrite
                0x0000000000006b90       0x48 /opt/devkitpro/libnx/lib/libnx.a(socket.o)
 *fill*         0x0000000000006bd8        0x8 
 .text._socketClose
                0x0000000000006be0       0x3c /opt/devkitpro/libnx/lib/libnx.a(socket.o)
 *fill*         0x0000000000006c1c        0x4 
 .text._socketOpen
                0x0000000000006c20       0x7c /opt/devkitpro/libnx/lib/libnx.a(socket.o)
 *fill*         0x0000000000006c9c        0x4 
 .text._socketGetFd
                0x0000000000006ca0       0x80 /opt/devkitpro/libnx/lib/libnx.a(socket.o)
 .text.socketGetDefaultInitConfig
                0x0000000000006d20        0xc /opt/devkitpro/libnx/lib/libnx.a(socket.o)
                0x0000000000006d20                socketGetDefaultInitConfig
 *fill*         0x0000000000006d2c        0x4 
 .text.socketExit
                0x0000000000006d30       0x1c /opt/devkitpro/libnx/lib/libnx.a(socket.o)
                0x0000000000006d30                socketExit
 *fill*         0x0000000000006d4c        0x4 
 .text.socketInitialize
                0x0000000000006d50      0x110 /opt/devkitpro/libnx/lib/libnx.a(socket.o)
                0x0000000000006d50                socketInitialize
 .text.socket   0x0000000000006e60       0xa4 /opt/devkitpro/libnx/lib/libnx.a(socket.o)
                0x0000000000006e60                socket
 *fill*         0x0000000000006f04        0xc 
 .text.connect  0x0000000000006f10       0x54 /opt/devkitpro/libnx/lib/libnx.a(socket.o)
                0x0000000000006f10                connect
 *fill*         0x0000000000006f64        0xc 
 .text._convert_errno
                0x0000000000006f70       0x30 /opt/devkitpro/libnx/lib/libnx.a(convert_errno.o)
                0x0000000000006f70                _convert_errno
 .text.armDCacheFlush
                0x0000000000006fa0       0x3c /opt/devkitpro/libnx/lib/libnx.a(cache.o)
                0x0000000000006fa0                armDCacheFlush
 .text.svcSetHeapSize
                0x0000000000006fdc       0x14 /opt/devkitpro/libnx/lib/libnx.a(svc.o)
                0x0000000000006fdc                svcSetHeapSize
 .text.svcUnmapMemory
                0x0000000000006ff0        0x8 /opt/devkitpro/libnx/lib/libnx.a(svc.o)
                0x0000000000006ff0                svcUnmapMemory
 .text.svcQueryMemory
                0x0000000000006ff8       0x14 /opt/devkitpro/libnx/lib/libnx.a(svc.o)
                0x0000000000006ff8                svcQueryMemory
 .text.svcExitProcess
                0x000000000000700c        0x8 /opt/devkitpro/libnx/lib/libnx.a(svc.o)
                0x000000000000700c                svcExitProcess
 .text.svcSleepThread
                0x0000000000007014        0x8 /opt/devkitpro/libnx/lib/libnx.a(svc.o)
                0x0000000000007014                svcSleepThread
 .text.svcMapSharedMemory
                0x000000000000701c        0x8 /opt/devkitpro/libnx/lib/libnx.a(svc.o)
                0x000000000000701c                svcMapSharedMemory
 .text.svcUnmapSharedMemory
                0x0000000000007024        0x8 /opt/devkitpro/libnx/lib/libnx.a(svc.o)
                0x0000000000007024                svcUnmapSharedMemory
 .text.svcCreateTransferMemory
                0x000000000000702c       0x14 /opt/devkitpro/libnx/lib/libnx.a(svc.o)
                0x000000000000702c                svcCreateTransferMemory
 .text.svcCloseHandle
                0x0000000000007040        0x8 /opt/devkitpro/libnx/lib/libnx.a(svc.o)
                0x0000000000007040                svcCloseHandle
 .text.svcResetSignal
                0x0000000000007048        0x8 /opt/devkitpro/libnx/lib/libnx.a(svc.o)
                0x0000000000007048                svcResetSignal
 .text.svcWaitSynchronization
                0x0000000000007050       0x14 /opt/devkitpro/libnx/lib/libnx.a(svc.o)
                0x0000000000007050                svcWaitSynchronization
 .text.svcArbitrateLock
                0x0000000000007064        0x8 /opt/devkitpro/libnx/lib/libnx.a(svc.o)
                0x0000000000007064                svcArbitrateLock
 .text.svcArbitrateUnlock
                0x000000000000706c        0x8 /opt/devkitpro/libnx/lib/libnx.a(svc.o)
                0x000000000000706c                svcArbitrateUnlock
 .text.svcConnectToNamedPort
                0x0000000000007074       0x14 /opt/devkitpro/libnx/lib/libnx.a(svc.o)
                0x0000000000007074                svcConnectToNamedPort
 .text.svcSendSyncRequest
                0x0000000000007088        0x8 /opt/devkitpro/libnx/lib/libnx.a(svc.o)
                0x0000000000007088                svcSendSyncRequest
 .text.svcBreak
                0x0000000000007090        0x8 /opt/devkitpro/libnx/lib/libnx.a(svc.o)
                0x0000000000007090                svcBreak
 .text.svcGetInfo
                0x0000000000007098       0x14 /opt/devkitpro/libnx/lib/libnx.a(svc.o)
                0x0000000000007098                svcGetInfo
 .text.svcUnmapTransferMemory
                0x00000000000070ac        0x8 /opt/devkitpro/libnx/lib/libnx.a(svc.o)
                0x00000000000070ac                svcUnmapTransferMemory
 .text.__aarch64_read_tp
                0x00000000000070b4        0xc /opt/devkitpro/libnx/lib/libnx.a(readtp.o)
                0x00000000000070b4                __aarch64_read_tp
 .text._CacheValues
                0x00000000000070c0      0x180 /opt/devkitpro/libnx/lib/libnx.a(detect.o)
 .text.kernelAbove200
                0x0000000000007240       0x1c /opt/devkitpro/libnx/lib/libnx.a(detect.o)
                0x0000000000007240                kernelAbove200
 *fill*         0x000000000000725c        0x4 
 .text.kernelAbove300
                0x0000000000007260       0x1c /opt/devkitpro/libnx/lib/libnx.a(detect.o)
                0x0000000000007260                kernelAbove300
 *fill*         0x000000000000727c        0x4 
 .text.detectDebugger
                0x0000000000007280       0x30 /opt/devkitpro/libnx/lib/libnx.a(detect.o)
                0x0000000000007280                detectDebugger
 .text.shmemLoadRemote
                0x00000000000072b0       0x14 /opt/devkitpro/libnx/lib/libnx.a(shmem.o)
                0x00000000000072b0                shmemLoadRemote
 *fill*         0x00000000000072c4        0xc 
 .text.shmemMap
                0x00000000000072d0       0x84 /opt/devkitpro/libnx/lib/libnx.a(shmem.o)
                0x00000000000072d0                shmemMap
 *fill*         0x0000000000007354        0xc 
 .text.shmemUnmap
                0x0000000000007360       0x58 /opt/devkitpro/libnx/lib/libnx.a(shmem.o)
                0x0000000000007360                shmemUnmap
 *fill*         0x00000000000073b8        0x8 
 .text.shmemClose
                0x00000000000073c0       0x44 /opt/devkitpro/libnx/lib/libnx.a(shmem.o)
                0x00000000000073c0                shmemClose
 *fill*         0x0000000000007404        0xc 
 .text.rwlockReadLock
                0x0000000000007410       0x4c /opt/devkitpro/libnx/lib/libnx.a(rwlock.o)
                0x0000000000007410                rwlockReadLock
 *fill*         0x000000000000745c        0x4 
 .text.rwlockReadUnlock
                0x0000000000007460       0x4c /opt/devkitpro/libnx/lib/libnx.a(rwlock.o)
                0x0000000000007460                rwlockReadUnlock
 *fill*         0x00000000000074ac        0x4 
 .text.rwlockWriteLock
                0x00000000000074b0        0x8 /opt/devkitpro/libnx/lib/libnx.a(rwlock.o)
                0x00000000000074b0                rwlockWriteLock
 *fill*         0x00000000000074b8        0x8 
 .text.rwlockWriteUnlock
                0x00000000000074c0        0x8 /opt/devkitpro/libnx/lib/libnx.a(rwlock.o)
                0x00000000000074c0                rwlockWriteUnlock
 *fill*         0x00000000000074c8        0x8 
 .text.mutexLock
                0x00000000000074d0       0x8c /opt/devkitpro/libnx/lib/libnx.a(mutex.o)
                0x00000000000074d0                mutexLock
 *fill*         0x000000000000755c        0x4 
 .text.mutexUnlock
                0x0000000000007560       0x30 /opt/devkitpro/libnx/lib/libnx.a(mutex.o)
                0x0000000000007560                mutexUnlock
 .text.rmutexLock
                0x0000000000007590       0x4c /opt/devkitpro/libnx/lib/libnx.a(mutex.o)
                0x0000000000007590                rmutexLock
 *fill*         0x00000000000075dc        0x4 
 .text.rmutexUnlock
                0x00000000000075e0       0x1c /opt/devkitpro/libnx/lib/libnx.a(mutex.o)
                0x00000000000075e0                rmutexUnlock
 *fill*         0x00000000000075fc        0x4 
 .text._GetRegionFromInfo.isra.1
                0x0000000000007600       0x7c /opt/devkitpro/libnx/lib/libnx.a(virtmem.o)
 *fill*         0x000000000000767c        0x4 
 .text.virtmemSetup
                0x0000000000007680       0xe4 /opt/devkitpro/libnx/lib/libnx.a(virtmem.o)
                0x0000000000007680                virtmemSetup
 *fill*         0x0000000000007764        0xc 
 .text.virtmemReserve
                0x0000000000007770      0x13c /opt/devkitpro/libnx/lib/libnx.a(virtmem.o)
                0x0000000000007770                virtmemReserve
 *fill*         0x00000000000078ac        0x4 
 .text.virtmemFree
                0x00000000000078b0        0x4 /opt/devkitpro/libnx/lib/libnx.a(virtmem.o)
                0x00000000000078b0                virtmemFree
 *fill*         0x00000000000078b4        0xc 
 .text.eventLoadRemote
                0x00000000000078c0        0xc /opt/devkitpro/libnx/lib/libnx.a(event.o)
                0x00000000000078c0                eventLoadRemote
 *fill*         0x00000000000078cc        0x4 
 .text.eventWait
                0x00000000000078d0      0x11c /opt/devkitpro/libnx/lib/libnx.a(event.o)
                0x00000000000078d0                eventWait
 *fill*         0x00000000000079ec        0x4 
 .text.eventClose
                0x00000000000079f0       0x50 /opt/devkitpro/libnx/lib/libnx.a(event.o)
                0x00000000000079f0                eventClose
 .text.ipcCloseObjectById
                0x0000000000007a40       0x34 /opt/devkitpro/libnx/lib/libnx.a(nv.o)
 *fill*         0x0000000000007a74        0xc 
 .text.ipcQueryPointerBufferSize.constprop.7
                0x0000000000007a80       0xc8 /opt/devkitpro/libnx/lib/libnx.a(nv.o)
 *fill*         0x0000000000007b48        0x8 
 .text._nvSetClientPID
                0x0000000000007b50       0xd8 /opt/devkitpro/libnx/lib/libnx.a(nv.o)
 *fill*         0x0000000000007c28        0x8 
 .text._nvInitialize.constprop.6
                0x0000000000007c30       0xf0 /opt/devkitpro/libnx/lib/libnx.a(nv.o)
 .text.nvExit   0x0000000000007d20       0xb4 /opt/devkitpro/libnx/lib/libnx.a(nv.o)
                0x0000000000007d20                nvExit
 *fill*         0x0000000000007dd4        0xc 
 .text.nvInitialize
                0x0000000000007de0      0x128 /opt/devkitpro/libnx/lib/libnx.a(nv.o)
                0x0000000000007de0                nvInitialize
 *fill*         0x0000000000007f08        0x8 
 .text.nvConvertError
                0x0000000000007f10      0x12c /opt/devkitpro/libnx/lib/libnx.a(nv.o)
                0x0000000000007f10                nvConvertError
 *fill*         0x000000000000803c        0x4 
 .text.nvOpen   0x0000000000008040      0x12c /opt/devkitpro/libnx/lib/libnx.a(nv.o)
                0x0000000000008040                nvOpen
 *fill*         0x000000000000816c        0x4 
 .text.nvIoctl  0x0000000000008170      0x218 /opt/devkitpro/libnx/lib/libnx.a(nv.o)
                0x0000000000008170                nvIoctl
 *fill*         0x0000000000008388        0x8 
 .text.nvClose  0x0000000000008390       0xdc /opt/devkitpro/libnx/lib/libnx.a(nv.o)
                0x0000000000008390                nvClose
 *fill*         0x000000000000846c        0x4 
 .text.nvQueryEvent
                0x0000000000008470      0x15c /opt/devkitpro/libnx/lib/libnx.a(nv.o)
                0x0000000000008470                nvQueryEvent
 *fill*         0x00000000000085cc        0x4 
 .text.ipcCloseObjectById
                0x00000000000085d0       0x34 /opt/devkitpro/libnx/lib/libnx.a(vi.o)
 *fill*         0x0000000000008604        0xc 
 .text._viGetSession.constprop.7
                0x0000000000008610      0x134 /opt/devkitpro/libnx/lib/libnx.a(vi.o)
 *fill*         0x0000000000008744        0xc 
 .text.viExit   0x0000000000008750      0x1e4 /opt/devkitpro/libnx/lib/libnx.a(vi.o)
                0x0000000000008750                viExit
 *fill*         0x0000000000008934        0xc 
 .text.viInitialize
                0x0000000000008940      0x304 /opt/devkitpro/libnx/lib/libnx.a(vi.o)
                0x0000000000008940                viInitialize
 *fill*         0x0000000000008c44        0xc 
 .text.viGetSession_IHOSBinderDriverRelay
                0x0000000000008c50        0xc /opt/devkitpro/libnx/lib/libnx.a(vi.o)
                0x0000000000008c50                viGetSession_IHOSBinderDriverRelay
 *fill*         0x0000000000008c5c        0x4 
 .text.viOpenDisplay
                0x0000000000008c60      0x140 /opt/devkitpro/libnx/lib/libnx.a(vi.o)
                0x0000000000008c60                viOpenDisplay
 .text.viCloseDisplay
                0x0000000000008da0      0x104 /opt/devkitpro/libnx/lib/libnx.a(vi.o)
                0x0000000000008da0                viCloseDisplay
 *fill*         0x0000000000008ea4        0xc 
 .text.viGetDisplayVsyncEvent
                0x0000000000008eb0      0x13c /opt/devkitpro/libnx/lib/libnx.a(vi.o)
                0x0000000000008eb0                viGetDisplayVsyncEvent
 *fill*         0x0000000000008fec        0x4 
 .text.viCloseLayer
                0x0000000000008ff0      0x104 /opt/devkitpro/libnx/lib/libnx.a(vi.o)
                0x0000000000008ff0                viCloseLayer
 *fill*         0x00000000000090f4        0xc 
 .text.viCreateLayer
                0x0000000000009100      0x320 /opt/devkitpro/libnx/lib/libnx.a(vi.o)
                0x0000000000009100                viCreateLayer
 .text.viSetLayerScalingMode
                0x0000000000009420       0xe8 /opt/devkitpro/libnx/lib/libnx.a(vi.o)
                0x0000000000009420                viSetLayerScalingMode
 *fill*         0x0000000000009508        0x8 
 .text.ipcCloseObjectById
                0x0000000000009510       0x34 /opt/devkitpro/libnx/lib/libnx.a(bsd.o)
 *fill*         0x0000000000009544        0xc 
 .text._bsdRegisterClient.isra.5.constprop.11
                0x0000000000009550      0x120 /opt/devkitpro/libnx/lib/libnx.a(bsd.o)
 .text._bsdDispatchBasicCommand.isra.6
                0x0000000000009670      0x308 /opt/devkitpro/libnx/lib/libnx.a(bsd.o)
 *fill*         0x0000000000009978        0x8 
 .text._bsdSocketCreationCommand
                0x0000000000009980       0x44 /opt/devkitpro/libnx/lib/libnx.a(bsd.o)
 *fill*         0x00000000000099c4        0xc 
 .text.ipcQueryPointerBufferSize.constprop.10
                0x00000000000099d0       0xc8 /opt/devkitpro/libnx/lib/libnx.a(bsd.o)
 *fill*         0x0000000000009a98        0x8 
 .text._bsdStartMonitor.constprop.9
                0x0000000000009aa0       0xf8 /opt/devkitpro/libnx/lib/libnx.a(bsd.o)
 *fill*         0x0000000000009b98        0x8 
 .text.bsdExit  0x0000000000009ba0       0xf0 /opt/devkitpro/libnx/lib/libnx.a(bsd.o)
                0x0000000000009ba0                bsdExit
 .text.bsdInitialize
                0x0000000000009c90      0x14c /opt/devkitpro/libnx/lib/libnx.a(bsd.o)
                0x0000000000009c90                bsdInitialize
 *fill*         0x0000000000009ddc        0x4 
 .text.bsdSocket
                0x0000000000009de0       0x14 /opt/devkitpro/libnx/lib/libnx.a(bsd.o)
                0x0000000000009de0                bsdSocket
 *fill*         0x0000000000009df4        0xc 
 .text.bsdOpen  0x0000000000009e00       0xc4 /opt/devkitpro/libnx/lib/libnx.a(bsd.o)
                0x0000000000009e00                bsdOpen
 *fill*         0x0000000000009ec4        0xc 
 .text.bsdConnect
                0x0000000000009ed0       0xa8 /opt/devkitpro/libnx/lib/libnx.a(bsd.o)
                0x0000000000009ed0                bsdConnect
 *fill*         0x0000000000009f78        0x8 
 .text.bsdWrite
                0x0000000000009f80       0xbc /opt/devkitpro/libnx/lib/libnx.a(bsd.o)
                0x0000000000009f80                bsdWrite
 *fill*         0x000000000000a03c        0x4 
 .text.bsdRead  0x000000000000a040       0xfc /opt/devkitpro/libnx/lib/libnx.a(bsd.o)
                0x000000000000a040                bsdRead
 *fill*         0x000000000000a13c        0x4 
 .text.bsdClose
                0x000000000000a140       0x40 /opt/devkitpro/libnx/lib/libnx.a(bsd.o)
                0x000000000000a140                bsdClose
 .text.nvFenceInit
                0x000000000000a180       0x5c /opt/devkitpro/libnx/lib/libnx.a(fence.o)
                0x000000000000a180                nvFenceInit
 *fill*         0x000000000000a1dc        0x4 
 .text.nvFenceExit
                0x000000000000a1e0       0x98 /opt/devkitpro/libnx/lib/libnx.a(fence.o)
                0x000000000000a1e0                nvFenceExit
 *fill*         0x000000000000a278        0x8 
 .text.nvFenceWait
                0x000000000000a280      0x194 /opt/devkitpro/libnx/lib/libnx.a(fence.o)
                0x000000000000a280                nvFenceWait
 *fill*         0x000000000000a414        0xc 
 .text.nvMultiFenceWait
                0x000000000000a420       0x7c /opt/devkitpro/libnx/lib/libnx.a(fence.o)
                0x000000000000a420                nvMultiFenceWait
 *fill*         0x000000000000a49c        0x4 
 .text.nvioctlNvhostCtrl_EventSignal
                0x000000000000a4a0       0x24 /opt/devkitpro/libnx/lib/libnx.a(nvhost-ctrl.o)
                0x000000000000a4a0                nvioctlNvhostCtrl_EventSignal
 *fill*         0x000000000000a4c4        0xc 
 .text.nvioctlNvhostCtrl_EventWaitAsync
                0x000000000000a4d0       0x28 /opt/devkitpro/libnx/lib/libnx.a(nvhost-ctrl.o)
                0x000000000000a4d0                nvioctlNvhostCtrl_EventWaitAsync
 *fill*         0x000000000000a4f8        0x8 
 .text.nvioctlNvhostCtrl_EventRegister
                0x000000000000a500       0x24 /opt/devkitpro/libnx/lib/libnx.a(nvhost-ctrl.o)
                0x000000000000a500                nvioctlNvhostCtrl_EventRegister
 *fill*         0x000000000000a524        0xc 
 .text.nvioctlNvhostCtrl_EventUnregister
                0x000000000000a530       0x24 /opt/devkitpro/libnx/lib/libnx.a(nvhost-ctrl.o)
                0x000000000000a530                nvioctlNvhostCtrl_EventUnregister
 *fill*         0x000000000000a554        0xc 
 .text.nvioctlNvmap_Create
                0x000000000000a560       0x3c /opt/devkitpro/libnx/lib/libnx.a(nvmap.o)
                0x000000000000a560                nvioctlNvmap_Create
 *fill*         0x000000000000a59c        0x4 
 .text.nvioctlNvmap_Alloc
                0x000000000000a5a0       0x30 /opt/devkitpro/libnx/lib/libnx.a(nvmap.o)
                0x000000000000a5a0                nvioctlNvmap_Alloc
 .text.nvioctlNvmap_GetId
                0x000000000000a5d0       0x3c /opt/devkitpro/libnx/lib/libnx.a(nvmap.o)
                0x000000000000a5d0                nvioctlNvmap_GetId
 *fill*         0x000000000000a60c        0x4 
 .text.bqRequestBuffer
                0x000000000000a610       0xf0 /opt/devkitpro/libnx/lib/libnx.a(buffer_producer.o)
                0x000000000000a610                bqRequestBuffer
 .text.bqDequeueBuffer
                0x000000000000a700      0x154 /opt/devkitpro/libnx/lib/libnx.a(buffer_producer.o)
                0x000000000000a700                bqDequeueBuffer
 *fill*         0x000000000000a854        0xc 
 .text.bqDetachBuffer
                0x000000000000a860       0x9c /opt/devkitpro/libnx/lib/libnx.a(buffer_producer.o)
                0x000000000000a860                bqDetachBuffer
 *fill*         0x000000000000a8fc        0x4 
 .text.bqQueueBuffer
                0x000000000000a900       0xe0 /opt/devkitpro/libnx/lib/libnx.a(buffer_producer.o)
                0x000000000000a900                bqQueueBuffer
 .text.bqCancelBuffer
                0x000000000000a9e0       0x90 /opt/devkitpro/libnx/lib/libnx.a(buffer_producer.o)
                0x000000000000a9e0                bqCancelBuffer
 .text.bqConnect
                0x000000000000aa70       0xe4 /opt/devkitpro/libnx/lib/libnx.a(buffer_producer.o)
                0x000000000000aa70                bqConnect
 *fill*         0x000000000000ab54        0xc 
 .text.bqDisconnect
                0x000000000000ab60       0x9c /opt/devkitpro/libnx/lib/libnx.a(buffer_producer.o)
                0x000000000000ab60                bqDisconnect
 *fill*         0x000000000000abfc        0x4 
 .text.bqSetPreallocatedBuffer
                0x000000000000ac00       0xb4 /opt/devkitpro/libnx/lib/libnx.a(buffer_producer.o)
                0x000000000000ac00                bqSetPreallocatedBuffer
 *fill*         0x000000000000acb4        0xc 
 .text._binderTransactParcelAuto
                0x000000000000acc0      0x248 /opt/devkitpro/libnx/lib/libnx.a(binder.o)
 *fill*         0x000000000000af08        0x8 
 .text.ipcQueryPointerBufferSize
                0x000000000000af10       0xc8 /opt/devkitpro/libnx/lib/libnx.a(binder.o)
 *fill*         0x000000000000afd8        0x8 
 .text._binderTransactParcel
                0x000000000000afe0      0x138 /opt/devkitpro/libnx/lib/libnx.a(binder.o)
 *fill*         0x000000000000b118        0x8 
 .text.binderCreate
                0x000000000000b120       0x14 /opt/devkitpro/libnx/lib/libnx.a(binder.o)
                0x000000000000b120                binderCreate
 *fill*         0x000000000000b134        0xc 
 .text.binderTransactParcel
                0x000000000000b140       0x10 /opt/devkitpro/libnx/lib/libnx.a(binder.o)
                0x000000000000b140                binderTransactParcel
 .text.binderConvertErrorCode
                0x000000000000b150      0x124 /opt/devkitpro/libnx/lib/libnx.a(binder.o)
                0x000000000000b150                binderConvertErrorCode
 *fill*         0x000000000000b274        0xc 
 .text.binderAdjustRefcount
                0x000000000000b280       0xe8 /opt/devkitpro/libnx/lib/libnx.a(binder.o)
                0x000000000000b280                binderAdjustRefcount
 *fill*         0x000000000000b368        0x8 
 .text.binderClose
                0x000000000000b370       0x74 /opt/devkitpro/libnx/lib/libnx.a(binder.o)
                0x000000000000b370                binderClose
 *fill*         0x000000000000b3e4        0xc 
 .text.binderInitSession
                0x000000000000b3f0       0xc4 /opt/devkitpro/libnx/lib/libnx.a(binder.o)
                0x000000000000b3f0                binderInitSession
 *fill*         0x000000000000b4b4        0xc 
 .text.binderGetNativeHandle
                0x000000000000b4c0      0x144 /opt/devkitpro/libnx/lib/libnx.a(binder.o)
                0x000000000000b4c0                binderGetNativeHandle
 *fill*         0x000000000000b604        0xc 
 .text.parcelCreate
                0x000000000000b610       0x28 /opt/devkitpro/libnx/lib/libnx.a(parcel.o)
                0x000000000000b610                parcelCreate
 *fill*         0x000000000000b638        0x8 
 .text.parcelTransact
                0x000000000000b640      0x19c /opt/devkitpro/libnx/lib/libnx.a(parcel.o)
                0x000000000000b640                parcelTransact
 *fill*         0x000000000000b7dc        0x4 
 .text.parcelWriteData
                0x000000000000b7e0       0x88 /opt/devkitpro/libnx/lib/libnx.a(parcel.o)
                0x000000000000b7e0                parcelWriteData
 *fill*         0x000000000000b868        0x8 
 .text.parcelReadData
                0x000000000000b870       0x98 /opt/devkitpro/libnx/lib/libnx.a(parcel.o)
                0x000000000000b870                parcelReadData
 *fill*         0x000000000000b908        0x8 
 .text.parcelWriteInt32
                0x000000000000b910       0x20 /opt/devkitpro/libnx/lib/libnx.a(parcel.o)
                0x000000000000b910                parcelWriteInt32
 .text.parcelWriteUInt32
                0x000000000000b930       0x20 /opt/devkitpro/libnx/lib/libnx.a(parcel.o)
                0x000000000000b930                parcelWriteUInt32
 .text.parcelWriteString16
                0x000000000000b950       0x80 /opt/devkitpro/libnx/lib/libnx.a(parcel.o)
                0x000000000000b950                parcelWriteString16
 .text.parcelWriteInterfaceToken
                0x000000000000b9d0       0x30 /opt/devkitpro/libnx/lib/libnx.a(parcel.o)
                0x000000000000b9d0                parcelWriteInterfaceToken
 .text.parcelReadInt32
                0x000000000000ba00       0x24 /opt/devkitpro/libnx/lib/libnx.a(parcel.o)
                0x000000000000ba00                parcelReadInt32
 *fill*         0x000000000000ba24        0xc 
 .text.parcelReadFlattenedObject
                0x000000000000ba30       0x68 /opt/devkitpro/libnx/lib/libnx.a(parcel.o)
                0x000000000000ba30                parcelReadFlattenedObject
 *fill*         0x000000000000ba98        0x8 
 .text.parcelWriteFlattenedObject
                0x000000000000baa0       0x44 /opt/devkitpro/libnx/lib/libnx.a(parcel.o)
                0x000000000000baa0                parcelWriteFlattenedObject
 *fill*         0x000000000000bae4        0xc 
 .text.__nx_dynamic
                0x000000000000baf0       0xa0 /opt/devkitpro/libnx/lib/libnx.a(dynamic.o)
                0x000000000000baf0                __nx_dynamic
 .text.__libnx_initheap
                0x000000000000bb90       0xd8 /opt/devkitpro/libnx/lib/libnx.a(init.o)
                0x000000000000bb90                __libnx_initheap
 *fill*         0x000000000000bc68        0x8 
 .text.__appInit
                0x000000000000bc70       0x90 /opt/devkitpro/libnx/lib/libnx.a(init.o)
                0x000000000000bc70                __appInit
 .text.__appExit
                0x000000000000bd00       0x34 /opt/devkitpro/libnx/lib/libnx.a(init.o)
                0x000000000000bd00                __appExit
 *fill*         0x000000000000bd34        0xc 
 .text.__libnx_init
                0x000000000000bd40       0x28 /opt/devkitpro/libnx/lib/libnx.a(init.o)
                0x000000000000bd40                __libnx_init
 *fill*         0x000000000000bd68        0x8 
 .text.__libnx_exit
                0x000000000000bd70       0x20 /opt/devkitpro/libnx/lib/libnx.a(init.o)
                0x000000000000bd70                __libnx_exit
 .text.nxlinkSetup
                0x000000000000bd90       0xc4 /opt/devkitpro/libnx/lib/libnx.a(nxlink.o)
                0x000000000000bd90                nxlinkSetup
 *fill*         0x000000000000be54        0xc 
 .text.envSetup
                0x000000000000be60      0x1b0 /opt/devkitpro/libnx/lib/libnx.a(env.o)
                0x000000000000be60                envSetup
 .text.envGetMainThreadHandle
                0x000000000000c010       0x20 /opt/devkitpro/libnx/lib/libnx.a(env.o)
                0x000000000000c010                envGetMainThreadHandle
 .text.envIsNso
                0x000000000000c030        0xc /opt/devkitpro/libnx/lib/libnx.a(env.o)
                0x000000000000c030                envIsNso
 *fill*         0x000000000000c03c        0x4 
 .text.envHasHeapOverride
                0x000000000000c040       0x14 /opt/devkitpro/libnx/lib/libnx.a(env.o)
                0x000000000000c040                envHasHeapOverride
 *fill*         0x000000000000c054        0xc 
 .text.envGetHeapOverrideAddr
                0x000000000000c060        0xc /opt/devkitpro/libnx/lib/libnx.a(env.o)
                0x000000000000c060                envGetHeapOverrideAddr
 *fill*         0x000000000000c06c        0x4 
 .text.envGetHeapOverrideSize
                0x000000000000c070        0xc /opt/devkitpro/libnx/lib/libnx.a(env.o)
                0x000000000000c070                envGetHeapOverrideSize
 *fill*         0x000000000000c07c        0x4 
 .text.envHasArgv
                0x000000000000c080       0x14 /opt/devkitpro/libnx/lib/libnx.a(env.o)
                0x000000000000c080                envHasArgv
 *fill*         0x000000000000c094        0xc 
 .text.envGetArgv
                0x000000000000c0a0        0xc /opt/devkitpro/libnx/lib/libnx.a(env.o)
                0x000000000000c0a0                envGetArgv
 *fill*         0x000000000000c0ac        0x4 
 .text.envGetExitFuncPtr
                0x000000000000c0b0        0xc /opt/devkitpro/libnx/lib/libnx.a(env.o)
                0x000000000000c0b0                envGetExitFuncPtr
 *fill*         0x000000000000c0bc        0x4 
 .text.mutexInit
                0x000000000000c0c0        0x8 /opt/devkitpro/libnx/lib/libnx.a(newlib.o)
 *fill*         0x000000000000c0c8        0x8 
 .text.rmutexInit
                0x000000000000c0d0        0xc /opt/devkitpro/libnx/lib/libnx.a(newlib.o)
 *fill*         0x000000000000c0dc        0x4 
 .text.__libnx_gtod
                0x000000000000c0e0       0x8c /opt/devkitpro/libnx/lib/libnx.a(newlib.o)
                0x000000000000c0e0                __libnx_gtod
 *fill*         0x000000000000c16c        0x4 
 .text.__libnx_clock_settime
                0x000000000000c170       0x20 /opt/devkitpro/libnx/lib/libnx.a(newlib.o)
                0x000000000000c170                __libnx_clock_settime
 .text.__libnx_nanosleep
                0x000000000000c190       0x28 /opt/devkitpro/libnx/lib/libnx.a(newlib.o)
                0x000000000000c190                __libnx_nanosleep
 *fill*         0x000000000000c1b8        0x8 
 .text.__libnx_get_reent
                0x000000000000c1c0       0x34 /opt/devkitpro/libnx/lib/libnx.a(newlib.o)
 *fill*         0x000000000000c1f4        0xc 
 .text.__libnx_clock_gettime
                0x000000000000c200       0xd0 /opt/devkitpro/libnx/lib/libnx.a(newlib.o)
                0x000000000000c200                __libnx_clock_gettime
 .text.__libnx_clock_getres
                0x000000000000c2d0       0x58 /opt/devkitpro/libnx/lib/libnx.a(newlib.o)
                0x000000000000c2d0                __libnx_clock_getres
 *fill*         0x000000000000c328        0x8 
 .text.__libnx_init_time
                0x000000000000c330       0x54 /opt/devkitpro/libnx/lib/libnx.a(newlib.o)
                0x000000000000c330                __libnx_init_time
 *fill*         0x000000000000c384        0xc 
 .text.newlibSetup
                0x000000000000c390      0x118 /opt/devkitpro/libnx/lib/libnx.a(newlib.o)
                0x000000000000c390                newlibSetup
 *fill*         0x000000000000c4a8        0x8 
 .text.fsdev_link
                0x000000000000c4b0       0x10 /opt/devkitpro/libnx/lib/libnx.a(fs_dev.o)
 .text.fsdev_dirreset
                0x000000000000c4c0       0x10 /opt/devkitpro/libnx/lib/libnx.a(fs_dev.o)
 .text.fsdev_chmod
                0x000000000000c4d0       0x10 /opt/devkitpro/libnx/lib/libnx.a(fs_dev.o)
 .text.error_cmp
                0x000000000000c4e0       0x1c /opt/devkitpro/libnx/lib/libnx.a(fs_dev.o)
 *fill*         0x000000000000c4fc        0x4 
 .text.fsdev_translate_error
                0x000000000000c500       0x58 /opt/devkitpro/libnx/lib/libnx.a(fs_dev.o)
 *fill*         0x000000000000c558        0x8 
 .text.fsdev_fsync
                0x000000000000c560       0x40 /opt/devkitpro/libnx/lib/libnx.a(fs_dev.o)
 .text.fsdev_ftruncate
                0x000000000000c5a0       0x60 /opt/devkitpro/libnx/lib/libnx.a(fs_dev.o)
 .text.fsdev_dirclose
                0x000000000000c600       0x20 /opt/devkitpro/libnx/lib/libnx.a(fs_dev.o)
 .text.fsdev_dirnext
                0x000000000000c620      0x16c /opt/devkitpro/libnx/lib/libnx.a(fs_dev.o)
 *fill*         0x000000000000c78c        0x4 
 .text.fsdev_close
                0x000000000000c790       0x1c /opt/devkitpro/libnx/lib/libnx.a(fs_dev.o)
 *fill*         0x000000000000c7ac        0x4 
 .text.fsdev_fstat
                0x000000000000c7b0       0x80 /opt/devkitpro/libnx/lib/libnx.a(fs_dev.o)
 .text.fsdev_seek
                0x000000000000c830       0xb0 /opt/devkitpro/libnx/lib/libnx.a(fs_dev.o)
 .text.fsdev_read
                0x000000000000c8e0      0x198 /opt/devkitpro/libnx/lib/libnx.a(fs_dev.o)
 *fill*         0x000000000000ca78        0x8 
 .text.fsdev_write
                0x000000000000ca80      0x1a0 /opt/devkitpro/libnx/lib/libnx.a(fs_dev.o)
 .text.fsdevFindDevice
                0x000000000000cc20      0x120 /opt/devkitpro/libnx/lib/libnx.a(fs_dev.o)
 .text._fsdevMountDevice
                0x000000000000cd40      0x168 /opt/devkitpro/libnx/lib/libnx.a(fs_dev.o)
 *fill*         0x000000000000cea8        0x8 
 .text.fsdev_getfspath
                0x000000000000ceb0      0x1fc /opt/devkitpro/libnx/lib/libnx.a(fs_dev.o)
 *fill*         0x000000000000d0ac        0x4 
 .text.fsdev_rmdir
                0x000000000000d0b0       0x70 /opt/devkitpro/libnx/lib/libnx.a(fs_dev.o)
 .text.fsdev_statvfs
                0x000000000000d120       0xd4 /opt/devkitpro/libnx/lib/libnx.a(fs_dev.o)
 *fill*         0x000000000000d1f4        0xc 
 .text.fsdev_diropen
                0x000000000000d200       0xec /opt/devkitpro/libnx/lib/libnx.a(fs_dev.o)
 *fill*         0x000000000000d2ec        0x4 
 .text.fsdev_mkdir
                0x000000000000d2f0       0x70 /opt/devkitpro/libnx/lib/libnx.a(fs_dev.o)
 .text.fsdev_rename
                0x000000000000d360      0x114 /opt/devkitpro/libnx/lib/libnx.a(fs_dev.o)
 *fill*         0x000000000000d474        0xc 
 .text.fsdev_chdir
                0x000000000000d480       0xe8 /opt/devkitpro/libnx/lib/libnx.a(fs_dev.o)
 *fill*         0x000000000000d568        0x8 
 .text.fsdev_unlink
                0x000000000000d570       0x70 /opt/devkitpro/libnx/lib/libnx.a(fs_dev.o)
 .text.fsdev_stat
                0x000000000000d5e0      0x168 /opt/devkitpro/libnx/lib/libnx.a(fs_dev.o)
 *fill*         0x000000000000d748        0x8 
 .text.fsdev_open
                0x000000000000d750      0x180 /opt/devkitpro/libnx/lib/libnx.a(fs_dev.o)
 .text._fsdevUnmountDeviceStruct.part.4
                0x000000000000d8d0       0xb8 /opt/devkitpro/libnx/lib/libnx.a(fs_dev.o)
 *fill*         0x000000000000d988        0x8 
 .text.fsdev_fchmod
                0x000000000000d990       0x10 /opt/devkitpro/libnx/lib/libnx.a(fs_dev.o)
 .text.fsdevMountSdmc
                0x000000000000d9a0      0x158 /opt/devkitpro/libnx/lib/libnx.a(fs_dev.o)
                0x000000000000d9a0                fsdevMountSdmc
 *fill*         0x000000000000daf8        0x8 
 .text.fsdevUnmountAll
                0x000000000000db00       0x64 /opt/devkitpro/libnx/lib/libnx.a(fs_dev.o)
                0x000000000000db00                fsdevUnmountAll
 *fill*         0x000000000000db64        0xc 
 .text.decode_utf8
                0x000000000000db70      0x12c /opt/devkitpro/libnx/lib/libnx.a(decode_utf8.o)
                0x000000000000db70                decode_utf8
 *fill*         0x000000000000dc9c        0x4 
 .text.tmemCreate
                0x000000000000dca0       0xa8 /opt/devkitpro/libnx/lib/libnx.a(tmem.o)
                0x000000000000dca0                tmemCreate
 *fill*         0x000000000000dd48        0x8 
 .text.tmemUnmap
                0x000000000000dd50       0x58 /opt/devkitpro/libnx/lib/libnx.a(tmem.o)
                0x000000000000dd50                tmemUnmap
 *fill*         0x000000000000dda8        0x8 
 .text.tmemClose
                0x000000000000ddb0       0x68 /opt/devkitpro/libnx/lib/libnx.a(tmem.o)
                0x000000000000ddb0                tmemClose
 *fill*         0x000000000000de18        0x8 
 .text.ipcCloseObjectById
                0x000000000000de20       0x34 /opt/devkitpro/libnx/lib/libnx.a(time.o)
 *fill*         0x000000000000de54        0xc 
 .text._timeGetSession
                0x000000000000de60      0x12c /opt/devkitpro/libnx/lib/libnx.a(time.o)
 *fill*         0x000000000000df8c        0x4 
 .text.timeExit
                0x000000000000df90      0x1ec /opt/devkitpro/libnx/lib/libnx.a(time.o)
                0x000000000000df90                timeExit
 *fill*         0x000000000000e17c        0x4 
 .text.timeInitialize
                0x000000000000e180       0xd8 /opt/devkitpro/libnx/lib/libnx.a(time.o)
                0x000000000000e180                timeInitialize
 *fill*         0x000000000000e258        0x8 
 .text.timeGetCurrentTime
                0x000000000000e260      0x124 /opt/devkitpro/libnx/lib/libnx.a(time.o)
                0x000000000000e260                timeGetCurrentTime
 *fill*         0x000000000000e384        0xc 
 .text.ipcCloseObjectById
                0x000000000000e390       0x34 /opt/devkitpro/libnx/lib/libnx.a(fs.o)
 *fill*         0x000000000000e3c4        0xc 
 .text.fsInitialize
                0x000000000000e3d0      0x124 /opt/devkitpro/libnx/lib/libnx.a(fs.o)
                0x000000000000e3d0                fsInitialize
 *fill*         0x000000000000e4f4        0xc 
 .text.fsExit   0x000000000000e500       0x9c /opt/devkitpro/libnx/lib/libnx.a(fs.o)
                0x000000000000e500                fsExit
 *fill*         0x000000000000e59c        0x4 
 .text.fsMountSdcard
                0x000000000000e5a0      0x134 /opt/devkitpro/libnx/lib/libnx.a(fs.o)
                0x000000000000e5a0                fsMountSdcard
 *fill*         0x000000000000e6d4        0xc 
 .text.fsFsCreateFile
                0x000000000000e6e0       0xf4 /opt/devkitpro/libnx/lib/libnx.a(fs.o)
                0x000000000000e6e0                fsFsCreateFile
 *fill*         0x000000000000e7d4        0xc 
 .text.fsFsDeleteFile
                0x000000000000e7e0       0xf0 /opt/devkitpro/libnx/lib/libnx.a(fs.o)
                0x000000000000e7e0                fsFsDeleteFile
 .text.fsFsCreateDirectory
                0x000000000000e8d0       0xf0 /opt/devkitpro/libnx/lib/libnx.a(fs.o)
                0x000000000000e8d0                fsFsCreateDirectory
 .text.fsFsDeleteDirectory
                0x000000000000e9c0       0xf0 /opt/devkitpro/libnx/lib/libnx.a(fs.o)
                0x000000000000e9c0                fsFsDeleteDirectory
 .text.fsFsRenameFile
                0x000000000000eab0      0x11c /opt/devkitpro/libnx/lib/libnx.a(fs.o)
                0x000000000000eab0                fsFsRenameFile
 *fill*         0x000000000000ebcc        0x4 
 .text.fsFsRenameDirectory
                0x000000000000ebd0      0x11c /opt/devkitpro/libnx/lib/libnx.a(fs.o)
                0x000000000000ebd0                fsFsRenameDirectory
 *fill*         0x000000000000ecec        0x4 
 .text.fsFsGetEntryType
                0x000000000000ecf0      0x104 /opt/devkitpro/libnx/lib/libnx.a(fs.o)
                0x000000000000ecf0                fsFsGetEntryType
 *fill*         0x000000000000edf4        0xc 
 .text.fsFsOpenFile
                0x000000000000ee00      0x154 /opt/devkitpro/libnx/lib/libnx.a(fs.o)
                0x000000000000ee00                fsFsOpenFile
 *fill*         0x000000000000ef54        0xc 
 .text.fsFsOpenDirectory
                0x000000000000ef60      0x14c /opt/devkitpro/libnx/lib/libnx.a(fs.o)
                0x000000000000ef60                fsFsOpenDirectory
 *fill*         0x000000000000f0ac        0x4 
 .text.fsFsGetFreeSpace
                0x000000000000f0b0      0x104 /opt/devkitpro/libnx/lib/libnx.a(fs.o)
                0x000000000000f0b0                fsFsGetFreeSpace
 *fill*         0x000000000000f1b4        0xc 
 .text.fsFsGetTotalSpace
                0x000000000000f1c0      0x104 /opt/devkitpro/libnx/lib/libnx.a(fs.o)
                0x000000000000f1c0                fsFsGetTotalSpace
 *fill*         0x000000000000f2c4        0xc 
 .text.fsFsClose
                0x000000000000f2d0       0x6c /opt/devkitpro/libnx/lib/libnx.a(fs.o)
                0x000000000000f2d0                fsFsClose
 *fill*         0x000000000000f33c        0x4 
 .text.fsFileRead
                0x000000000000f340      0x108 /opt/devkitpro/libnx/lib/libnx.a(fs.o)
                0x000000000000f340                fsFileRead
 *fill*         0x000000000000f448        0x8 
 .text.fsFileWrite
                0x000000000000f450       0xf8 /opt/devkitpro/libnx/lib/libnx.a(fs.o)
                0x000000000000f450                fsFileWrite
 *fill*         0x000000000000f548        0x8 
 .text.fsFileFlush
                0x000000000000f550       0xc8 /opt/devkitpro/libnx/lib/libnx.a(fs.o)
                0x000000000000f550                fsFileFlush
 *fill*         0x000000000000f618        0x8 
 .text.fsFileSetSize
                0x000000000000f620       0xc8 /opt/devkitpro/libnx/lib/libnx.a(fs.o)
                0x000000000000f620                fsFileSetSize
 *fill*         0x000000000000f6e8        0x8 
 .text.fsFileGetSize
                0x000000000000f6f0       0xec /opt/devkitpro/libnx/lib/libnx.a(fs.o)
                0x000000000000f6f0                fsFileGetSize
 *fill*         0x000000000000f7dc        0x4 
 .text.fsFileClose
                0x000000000000f7e0       0x6c /opt/devkitpro/libnx/lib/libnx.a(fs.o)
                0x000000000000f7e0                fsFileClose
 *fill*         0x000000000000f84c        0x4 
 .text.fsDirClose
                0x000000000000f850       0x6c /opt/devkitpro/libnx/lib/libnx.a(fs.o)
                0x000000000000f850                fsDirClose
 *fill*         0x000000000000f8bc        0x4 
 .text.fsDirRead
                0x000000000000f8c0      0x110 /opt/devkitpro/libnx/lib/libnx.a(fs.o)
                0x000000000000f8c0                fsDirRead
 .text.bsearch  0x000000000000f9d0       0xb8 /opt/devkitpro/devkitA64/bin/../lib/gcc/aarch64-none-elf/8.2.0/../../../../aarch64-none-elf/lib/pic/libg.a(lib_a-bsearch.o)
                0x000000000000f9d0                bsearch
 .text.difftime
                0x000000000000fa88        0xc /opt/devkitpro/devkitA64/bin/../lib/gcc/aarch64-none-elf/8.2.0/../../../../aarch64-none-elf/lib/pic/libg.a(lib_a-difftime.o)
                0x000000000000fa88                difftime
 *fill*         0x000000000000fa94        0x4 
 .text.__errno  0x000000000000fa98       0x14 /opt/devkitpro/devkitA64/bin/../lib/gcc/aarch64-none-elf/8.2.0/../../../../aarch64-none-elf/lib/pic/libg.a(lib_a-errno.o)
                0x000000000000fa98                __errno
 *fill*         0x000000000000faac        0x4 
 .text._fclose_r
                0x000000000000fab0      0x15c /opt/devkitpro/devkitA64/bin/../lib/gcc/aarch64-none-elf/8.2.0/../../../../aarch64-none-elf/lib/pic/libg.a(lib_a-fclose.o)
                0x000000000000fab0                _fclose_r
 *fill*         0x000000000000fc0c        0x4 
 .text.fclose   0x000000000000fc10       0x1c /opt/devkitpro/devkitA64/bin/../lib/gcc/aarch64-none-elf/8.2.0/../../../../aarch64-none-elf/lib/pic/libg.a(lib_a-fclose.o)
                0x000000000000fc10                fclose
 *fill*         0x000000000000fc2c        0x4 
 .text.__sflush_r
                0x000000000000fc30      0x214 /opt/devkitpro/devkitA64/bin/../lib/gcc/aarch64-none-elf/8.2.0/../../../../aarch64-none-elf/lib/pic/libg.a(lib_a-fflush.o)
                0x000000000000fc30                __sflush_r
 *fill*         0x000000000000fe44        0x4 
 .text._fflush_r
                0x000000000000fe48       0xb8 /opt/devkitpro/devkitA64/bin/../lib/gcc/aarch64-none-elf/8.2.0/../../../../aarch64-none-elf/lib/pic/libg.a(lib_a-fflush.o)
                0x000000000000fe48                _fflush_r
 .text.fflush   0x000000000000ff00       0x40 /opt/devkitpro/devkitA64/bin/../lib/gcc/aarch64-none-elf/8.2.0/../../../../aarch64-none-elf/lib/pic/libg.a(lib_a-fflush.o)
                0x000000000000ff00                fflush
 .text.std      0x000000000000ff40       0x78 /opt/devkitpro/devkitA64/bin/../lib/gcc/aarch64-none-elf/8.2.0/../../../../aarch64-none-elf/lib/pic/libg.a(lib_a-findfp.o)
 .text._cleanup_r
                0x000000000000ffb8        0xc /opt/devkitpro/devkitA64/bin/../lib/gcc/aarch64-none-elf/8.2.0/../../../../aarch64-none-elf/lib/pic/libg.a(lib_a-findfp.o)
                0x000000000000ffb8                _cleanup_r
 *fill*         0x000000000000ffc4        0x4 
 .text.__sfmoreglue
                0x000000000000ffc8       0x60 /opt/devkitpro/devkitA64/bin/../lib/gcc/aarch64-none-elf/8.2.0/../../../../aarch64-none-elf/lib/pic/libg.a(lib_a-findfp.o)
                0x000000000000ffc8                __sfmoreglue
 .text.__sfp_lock_acquire
                0x0000000000010028        0xc /opt/devkitpro/devkitA64/bin/../lib/gcc/aarch64-none-elf/8.2.0/../../../../aarch64-none-elf/lib/pic/libg.a(lib_a-findfp.o)
                0x0000000000010028                __sfp_lock_acquire
 *fill*         0x0000000000010034        0x4 
 .text.__sfp_lock_release
                0x0000000000010038        0xc /opt/devkitpro/devkitA64/bin/../lib/gcc/aarch64-none-elf/8.2.0/../../../../aarch64-none-elf/lib/pic/libg.a(lib_a-findfp.o)
                0x0000000000010038                __sfp_lock_release
 *fill*         0x0000000000010044        0x4 
 .text.__sinit_lock_acquire
                0x0000000000010048        0xc /opt/devkitpro/devkitA64/bin/../lib/gcc/aarch64-none-elf/8.2.0/../../../../aarch64-none-elf/lib/pic/libg.a(lib_a-findfp.o)
                0x0000000000010048                __sinit_lock_acquire
 *fill*         0x0000000000010054        0x4 
 .text.__sinit_lock_release
                0x0000000000010058        0xc /opt/devkitpro/devkitA64/bin/../lib/gcc/aarch64-none-elf/8.2.0/../../../../aarch64-none-elf/lib/pic/libg.a(lib_a-findfp.o)
                0x0000000000010058                __sinit_lock_release
 *fill*         0x0000000000010064        0x4 
 .text.__sinit  0x0000000000010068       0x80 /opt/devkitpro/devkitA64/bin/../lib/gcc/aarch64-none-elf/8.2.0/../../../../aarch64-none-elf/lib/pic/libg.a(lib_a-findfp.o)
                0x0000000000010068                __sinit
 .text.__sfp    0x00000000000100e8      0x118 /opt/devkitpro/devkitA64/bin/../lib/gcc/aarch64-none-elf/8.2.0/../../../../aarch64-none-elf/lib/pic/libg.a(lib_a-findfp.o)
                0x00000000000100e8                __sfp
 .text.__libc_fini_array
                0x0000000000010200       0x44 /opt/devkitpro/devkitA64/bin/../lib/gcc/aarch64-none-elf/8.2.0/../../../../aarch64-none-elf/lib/pic/libg.a(lib_a-fini.o)
                0x0000000000010200                __libc_fini_array
 *fill*         0x0000000000010244        0x4 
 .text._fopen_r
                0x0000000000010248      0x130 /opt/devkitpro/devkitA64/bin/../lib/gcc/aarch64-none-elf/8.2.0/../../../../aarch64-none-elf/lib/pic/libg.a(lib_a-fopen.o)
                0x0000000000010248                _fopen_r
 .text.fopen    0x0000000000010378       0x30 /opt/devkitpro/devkitA64/bin/../lib/gcc/aarch64-none-elf/8.2.0/../../../../aarch64-none-elf/lib/pic/libg.a(lib_a-fopen.o)
                0x0000000000010378                fopen
 .text._fread_r
                0x00000000000103a8      0x328 /opt/devkitpro/devkitA64/bin/../lib/gcc/aarch64-none-elf/8.2.0/../../../../aarch64-none-elf/lib/pic/libg.a(lib_a-fread.o)
                0x00000000000103a8                _fread_r
 .text.fread    0x00000000000106d0       0x40 /opt/devkitpro/devkitA64/bin/../lib/gcc/aarch64-none-elf/8.2.0/../../../../aarch64-none-elf/lib/pic/libg.a(lib_a-fread.o)
                0x00000000000106d0                fread
 .text._malloc_trim_r
                0x0000000000010710      0x118 /opt/devkitpro/devkitA64/bin/../lib/gcc/aarch64-none-elf/8.2.0/../../../../aarch64-none-elf/lib/pic/libg.a(lib_a-freer.o)
                0x0000000000010710                _malloc_trim_r
 .text._free_r  0x0000000000010828      0x2f4 /opt/devkitpro/devkitA64/bin/../lib/gcc/aarch64-none-elf/8.2.0/../../../../aarch64-none-elf/lib/pic/libg.a(lib_a-freer.o)
                0x0000000000010828                _free_r
 *fill*         0x0000000000010b1c        0x4 
 .text._fseek_r
                0x0000000000010b20        0x4 /opt/devkitpro/devkitA64/bin/../lib/gcc/aarch64-none-elf/8.2.0/../../../../aarch64-none-elf/lib/pic/libg.a(lib_a-fseek.o)
                0x0000000000010b20                _fseek_r
 *fill*         0x0000000000010b24        0x4 
 .text.fseek    0x0000000000010b28       0x3c /opt/devkitpro/devkitA64/bin/../lib/gcc/aarch64-none-elf/8.2.0/../../../../aarch64-none-elf/lib/pic/libg.a(lib_a-fseek.o)
                0x0000000000010b28                fseek
 *fill*         0x0000000000010b64        0x4 
 .text._fseeko_r
                0x0000000000010b68      0x4c4 /opt/devkitpro/devkitA64/bin/../lib/gcc/aarch64-none-elf/8.2.0/../../../../aarch64-none-elf/lib/pic/libg.a(lib_a-fseeko.o)
                0x0000000000010b68                _fseeko_r
 *fill*         0x000000000001102c        0x4 
 .text._ftell_r
                0x0000000000011030        0x4 /opt/devkitpro/devkitA64/bin/../lib/gcc/aarch64-none-elf/8.2.0/../../../../aarch64-none-elf/lib/pic/libg.a(lib_a-ftell.o)
                0x0000000000011030                _ftell_r
 *fill*         0x0000000000011034        0x4 
 .text.ftell    0x0000000000011038       0x1c /opt/devkitpro/devkitA64/bin/../lib/gcc/aarch64-none-elf/8.2.0/../../../../aarch64-none-elf/lib/pic/libg.a(lib_a-ftell.o)
                0x0000000000011038                ftell
 *fill*         0x0000000000011054        0x4 
 .text._ftello_r
                0x0000000000011058      0x164 /opt/devkitpro/devkitA64/bin/../lib/gcc/aarch64-none-elf/8.2.0/../../../../aarch64-none-elf/lib/pic/libg.a(lib_a-ftello.o)
                0x0000000000011058                _ftello_r
 *fill*         0x00000000000111bc        0x4 
 .text._fwalk   0x00000000000111c0       0xb8 /opt/devkitpro/devkitA64/bin/../lib/gcc/aarch64-none-elf/8.2.0/../../../../aarch64-none-elf/lib/pic/libg.a(lib_a-fwalk.o)
                0x00000000000111c0                _fwalk
 .text._fwalk_reent
                0x0000000000011278       0xbc /opt/devkitpro/devkitA64/bin/../lib/gcc/aarch64-none-elf/8.2.0/../../../../aarch64-none-elf/lib/pic/libg.a(lib_a-fwalk.o)
                0x0000000000011278                _fwalk_reent
 *fill*         0x0000000000011334        0x4 
 .text.gmtime   0x0000000000011338       0x28 /opt/devkitpro/devkitA64/bin/../lib/gcc/aarch64-none-elf/8.2.0/../../../../aarch64-none-elf/lib/pic/libg.a(lib_a-gmtime.o)
                0x0000000000011338                gmtime
 .text.gmtime_r
                0x0000000000011360      0x290 /opt/devkitpro/devkitA64/bin/../lib/gcc/aarch64-none-elf/8.2.0/../../../../aarch64-none-elf/lib/pic/libg.a(lib_a-gmtime_r.o)
                0x0000000000011360                gmtime_r
 .text.__libc_init_array
                0x00000000000115f0       0x8c /opt/devkitpro/devkitA64/bin/../lib/gcc/aarch64-none-elf/8.2.0/../../../../aarch64-none-elf/lib/pic/libg.a(lib_a-init.o)
                0x00000000000115f0                __libc_init_array
 *fill*         0x000000000001167c        0x4 
 .text.__locale_mb_cur_max
                0x0000000000011680       0x2c /opt/devkitpro/devkitA64/bin/../lib/gcc/aarch64-none-elf/8.2.0/../../../../aarch64-none-elf/lib/pic/libg.a(lib_a-locale.o)
                0x0000000000011680                __locale_mb_cur_max
 *fill*         0x00000000000116ac        0x4 
 .text.__locale_ctype_ptr_l
                0x00000000000116b0        0x8 /opt/devkitpro/devkitA64/bin/../lib/gcc/aarch64-none-elf/8.2.0/../../../../aarch64-none-elf/lib/pic/libg.a(lib_a-locale.o)
                0x00000000000116b0                __locale_ctype_ptr_l
 .text.__locale_ctype_ptr
                0x00000000000116b8       0x2c /opt/devkitpro/devkitA64/bin/../lib/gcc/aarch64-none-elf/8.2.0/../../../../aarch64-none-elf/lib/pic/libg.a(lib_a-locale.o)
                0x00000000000116b8                __locale_ctype_ptr
 *fill*         0x00000000000116e4        0x4 
 .text.__swhatbuf_r
                0x00000000000116e8       0xa4 /opt/devkitpro/devkitA64/bin/../lib/gcc/aarch64-none-elf/8.2.0/../../../../aarch64-none-elf/lib/pic/libg.a(lib_a-makebuf.o)
                0x00000000000116e8                __swhatbuf_r
 *fill*         0x000000000001178c        0x4 
 .text.__smakebuf_r
                0x0000000000011790      0x10c /opt/devkitpro/devkitA64/bin/../lib/gcc/aarch64-none-elf/8.2.0/../../../../aarch64-none-elf/lib/pic/libg.a(lib_a-makebuf.o)
                0x0000000000011790                __smakebuf_r
 *fill*         0x000000000001189c        0x4 
 .text.memalign
                0x00000000000118a0       0x30 /opt/devkitpro/devkitA64/bin/../lib/gcc/aarch64-none-elf/8.2.0/../../../../aarch64-none-elf/lib/pic/libg.a(lib_a-malign.o)
                0x00000000000118a0                memalign
 .text._memalign_r
                0x00000000000118d0      0x198 /opt/devkitpro/devkitA64/bin/../lib/gcc/aarch64-none-elf/8.2.0/../../../../aarch64-none-elf/lib/pic/libg.a(lib_a-malignr.o)
                0x00000000000118d0                _memalign_r
 .text.malloc   0x0000000000011a68       0x1c /opt/devkitpro/devkitA64/bin/../lib/gcc/aarch64-none-elf/8.2.0/../../../../aarch64-none-elf/lib/pic/libg.a(lib_a-malloc.o)
                0x0000000000011a68                malloc
 *fill*         0x0000000000011a84        0x4 
 .text.free     0x0000000000011a88       0x1c /opt/devkitpro/devkitA64/bin/../lib/gcc/aarch64-none-elf/8.2.0/../../../../aarch64-none-elf/lib/pic/libg.a(lib_a-malloc.o)
                0x0000000000011a88                free
 *fill*         0x0000000000011aa4        0x4 
 .text._malloc_r
                0x0000000000011aa8      0x844 /opt/devkitpro/devkitA64/bin/../lib/gcc/aarch64-none-elf/8.2.0/../../../../aarch64-none-elf/lib/pic/libg.a(lib_a-mallocr.o)
                0x0000000000011aa8                _malloc_r
 *fill*         0x00000000000122ec        0x4 
 .text.__utf8_mbtowc
                0x00000000000122f0      0x2c8 /opt/devkitpro/devkitA64/bin/../lib/gcc/aarch64-none-elf/8.2.0/../../../../aarch64-none-elf/lib/pic/libg.a(lib_a-mbtowc_r.o)
                0x00000000000122f0                __utf8_mbtowc
 *fill*         0x00000000000125b8        0x8 
 .text          0x00000000000125c0      0x16c /opt/devkitpro/devkitA64/bin/../lib/gcc/aarch64-none-elf/8.2.0/../../../../aarch64-none-elf/lib/pic/libg.a(lib_a-memcpy.o)
                0x00000000000125c0                memcpy
 *fill*         0x000000000001272c       0x14 
 .text          0x0000000000012740      0x1d8 /opt/devkitpro/devkitA64/bin/../lib/gcc/aarch64-none-elf/8.2.0/../../../../aarch64-none-elf/lib/pic/libg.a(lib_a-memset.o)
                0x0000000000012740                memset
 .text.__malloc_lock
                0x0000000000012918        0xc /opt/devkitpro/devkitA64/bin/../lib/gcc/aarch64-none-elf/8.2.0/../../../../aarch64-none-elf/lib/pic/libg.a(lib_a-mlock.o)
                0x0000000000012918                __malloc_lock
 *fill*         0x0000000000012924        0x4 
 .text.__malloc_unlock
                0x0000000000012928        0xc /opt/devkitpro/devkitA64/bin/../lib/gcc/aarch64-none-elf/8.2.0/../../../../aarch64-none-elf/lib/pic/libg.a(lib_a-mlock.o)
                0x0000000000012928                __malloc_unlock
 *fill*         0x0000000000012934        0x4 
 .text.printf   0x0000000000012938       0x8c /opt/devkitpro/devkitA64/bin/../lib/gcc/aarch64-none-elf/8.2.0/../../../../aarch64-none-elf/lib/pic/libg.a(lib_a-printf.o)
                0x0000000000012938                printf
 *fill*         0x00000000000129c4        0x4 
 .text._puts_r  0x00000000000129c8       0xd4 /opt/devkitpro/devkitA64/bin/../lib/gcc/aarch64-none-elf/8.2.0/../../../../aarch64-none-elf/lib/pic/libg.a(lib_a-puts.o)
                0x00000000000129c8                _puts_r
 *fill*         0x0000000000012a9c        0x4 
 .text.puts     0x0000000000012aa0       0x1c /opt/devkitpro/devkitA64/bin/../lib/gcc/aarch64-none-elf/8.2.0/../../../../aarch64-none-elf/lib/pic/libg.a(lib_a-puts.o)
                0x0000000000012aa0                puts
 *fill*         0x0000000000012abc        0x4 
 .text.realloc  0x0000000000012ac0       0x30 /opt/devkitpro/devkitA64/bin/../lib/gcc/aarch64-none-elf/8.2.0/../../../../aarch64-none-elf/lib/pic/libg.a(lib_a-realloc.o)
                0x0000000000012ac0                realloc
 .text._realloc_r
                0x0000000000012af0      0x56c /opt/devkitpro/devkitA64/bin/../lib/gcc/aarch64-none-elf/8.2.0/../../../../aarch64-none-elf/lib/pic/libg.a(lib_a-reallocr.o)
                0x0000000000012af0                _realloc_r
 *fill*         0x000000000001305c        0x4 
 .text.lflush   0x0000000000013060       0x20 /opt/devkitpro/devkitA64/bin/../lib/gcc/aarch64-none-elf/8.2.0/../../../../aarch64-none-elf/lib/pic/libg.a(lib_a-refill.o)
 .text.__srefill_r
                0x0000000000013080      0x1d0 /opt/devkitpro/devkitA64/bin/../lib/gcc/aarch64-none-elf/8.2.0/../../../../aarch64-none-elf/lib/pic/libg.a(lib_a-refill.o)
                0x0000000000013080                __srefill_r
 .text.sprintf  0x0000000000013250       0xa8 /opt/devkitpro/devkitA64/bin/../lib/gcc/aarch64-none-elf/8.2.0/../../../../aarch64-none-elf/lib/pic/libg.a(lib_a-sprintf.o)
                0x0000000000013250                sprintf
 .text.__sread  0x00000000000132f8       0x50 /opt/devkitpro/devkitA64/bin/../lib/gcc/aarch64-none-elf/8.2.0/../../../../aarch64-none-elf/lib/pic/libg.a(lib_a-stdio.o)
                0x00000000000132f8                __sread
 .text.__swrite
                0x0000000000013348       0x6c /opt/devkitpro/devkitA64/bin/../lib/gcc/aarch64-none-elf/8.2.0/../../../../aarch64-none-elf/lib/pic/libg.a(lib_a-stdio.o)
                0x0000000000013348                __swrite
 *fill*         0x00000000000133b4        0x4 
 .text.__sseek  0x00000000000133b8       0x50 /opt/devkitpro/devkitA64/bin/../lib/gcc/aarch64-none-elf/8.2.0/../../../../aarch64-none-elf/lib/pic/libg.a(lib_a-stdio.o)
                0x00000000000133b8                __sseek
 .text.__sclose
                0x0000000000013408        0x8 /opt/devkitpro/devkitA64/bin/../lib/gcc/aarch64-none-elf/8.2.0/../../../../aarch64-none-elf/lib/pic/libg.a(lib_a-stdio.o)
                0x0000000000013408                __sclose
 .text          0x0000000000013410       0xdc /opt/devkitpro/devkitA64/bin/../lib/gcc/aarch64-none-elf/8.2.0/../../../../aarch64-none-elf/lib/pic/libg.a(lib_a-strchr.o)
                0x0000000000013410                strchr
 *fill*         0x00000000000134ec       0x14 
 .text          0x0000000000013500       0xa4 /opt/devkitpro/devkitA64/bin/../lib/gcc/aarch64-none-elf/8.2.0/../../../../aarch64-none-elf/lib/pic/libg.a(lib_a-strcmp.o)
                0x0000000000013500                strcmp
 *fill*         0x00000000000135a4       0x1c 
 .text          0x00000000000135c0      0x140 /opt/devkitpro/devkitA64/bin/../lib/gcc/aarch64-none-elf/8.2.0/../../../../aarch64-none-elf/lib/pic/libg.a(lib_a-strlen.o)
                0x00000000000135c0                strlen
 .text.strncat  0x0000000000013700       0x84 /opt/devkitpro/devkitA64/bin/../lib/gcc/aarch64-none-elf/8.2.0/../../../../aarch64-none-elf/lib/pic/libg.a(lib_a-strncat.o)
                0x0000000000013700                strncat
 *fill*         0x0000000000013784       0x3c 
 .text          0x00000000000137c0      0x124 /opt/devkitpro/devkitA64/bin/../lib/gcc/aarch64-none-elf/8.2.0/../../../../aarch64-none-elf/lib/pic/libg.a(lib_a-strncmp.o)
                0x00000000000137dc                strncmp
 *fill*         0x00000000000138e4        0x4 
 .text.strncpy  0x00000000000138e8       0xa8 /opt/devkitpro/devkitA64/bin/../lib/gcc/aarch64-none-elf/8.2.0/../../../../aarch64-none-elf/lib/pic/libg.a(lib_a-strncpy.o)
                0x00000000000138e8                strncpy
 *fill*         0x0000000000013990       0x30 
 .text          0x00000000000139c0       0xe0 /opt/devkitpro/devkitA64/bin/../lib/gcc/aarch64-none-elf/8.2.0/../../../../aarch64-none-elf/lib/pic/libg.a(lib_a-strnlen.o)
                0x00000000000139e4                strnlen
 .text._strtoul_l.isra.0
                0x0000000000013aa0      0x1e0 /opt/devkitpro/devkitA64/bin/../lib/gcc/aarch64-none-elf/8.2.0/../../../../aarch64-none-elf/lib/pic/libg.a(lib_a-strtoul.o)
 .text.strtoul  0x0000000000013c80       0x5c /opt/devkitpro/devkitA64/bin/../lib/gcc/aarch64-none-elf/8.2.0/../../../../aarch64-none-elf/lib/pic/libg.a(lib_a-strtoul.o)
                0x0000000000013c80                strtoul
 .text.get_arg  0x0000000000013cdc      0x76c /opt/devkitpro/devkitA64/bin/../lib/gcc/aarch64-none-elf/8.2.0/../../../../aarch64-none-elf/lib/pic/libg.a(lib_a-svfprintf.o)
 .text._svfprintf_r
                0x0000000000014448     0x3b44 /opt/devkitpro/devkitA64/bin/../lib/gcc/aarch64-none-elf/8.2.0/../../../../aarch64-none-elf/lib/pic/libg.a(lib_a-svfprintf.o)
                0x0000000000014448                _svfprintf_r
 *fill*         0x0000000000017f8c        0x4 
 .text.close    0x0000000000017f90       0x1c /opt/devkitpro/devkitA64/bin/../lib/gcc/aarch64-none-elf/8.2.0/../../../../aarch64-none-elf/lib/pic/libg.a(lib_a-sysclose.o)
                0x0000000000017f90                close
 *fill*         0x0000000000017fac        0x4 
 .text.time     0x0000000000017fb0       0x40 /opt/devkitpro/devkitA64/bin/../lib/gcc/aarch64-none-elf/8.2.0/../../../../aarch64-none-elf/lib/pic/libg.a(lib_a-time.o)
                0x0000000000017fb0                time
 .text.get_arg  0x0000000000017ff0      0x76c /opt/devkitpro/devkitA64/bin/../lib/gcc/aarch64-none-elf/8.2.0/../../../../aarch64-none-elf/lib/pic/libg.a(lib_a-vfprintf.o)
 .text._vfprintf_r
                0x000000000001875c     0x3bfc /opt/devkitpro/devkitA64/bin/../lib/gcc/aarch64-none-elf/8.2.0/../../../../aarch64-none-elf/lib/pic/libg.a(lib_a-vfprintf.o)
                0x000000000001875c                _vfprintf_r
 .text.__sbprintf
                0x000000000001c358       0xec /opt/devkitpro/devkitA64/bin/../lib/gcc/aarch64-none-elf/8.2.0/../../../../aarch64-none-elf/lib/pic/libg.a(lib_a-vfprintf.o)
 *fill*         0x000000000001c444        0x4 
 .text._wcrtomb_r
                0x000000000001c448       0xd0 /opt/devkitpro/devkitA64/bin/../lib/gcc/aarch64-none-elf/8.2.0/../../../../aarch64-none-elf/lib/pic/libg.a(lib_a-wcrtomb.o)
                0x000000000001c448                _wcrtomb_r
 .text._wcsrtombs_r
                0x000000000001c518       0x10 /opt/devkitpro/devkitA64/bin/../lib/gcc/aarch64-none-elf/8.2.0/../../../../aarch64-none-elf/lib/pic/libg.a(lib_a-wcsrtombs.o)
                0x000000000001c518                _wcsrtombs_r
 .text.__utf8_wctomb
                0x000000000001c528       0xe4 /opt/devkitpro/devkitA64/bin/../lib/gcc/aarch64-none-elf/8.2.0/../../../../aarch64-none-elf/lib/pic/libg.a(lib_a-wctomb_r.o)
                0x000000000001c528                __utf8_wctomb
 *fill*         0x000000000001c60c        0x4 
 .text.__swsetup_r
                0x000000000001c610      0x140 /opt/devkitpro/devkitA64/bin/../lib/gcc/aarch64-none-elf/8.2.0/../../../../aarch64-none-elf/lib/pic/libg.a(lib_a-wsetup.o)
                0x000000000001c610                __swsetup_r
 .text.__call_exitprocs
                0x000000000001c750      0x17c /opt/devkitpro/devkitA64/bin/../lib/gcc/aarch64-none-elf/8.2.0/../../../../aarch64-none-elf/lib/pic/libg.a(lib_a-__call_atexit.o)
                0x000000000001c750                __call_exitprocs
 *fill*         0x000000000001c8cc        0x4 
 .text.quorem   0x000000000001c8d0      0x1a8 /opt/devkitpro/devkitA64/bin/../lib/gcc/aarch64-none-elf/8.2.0/../../../../aarch64-none-elf/lib/pic/libg.a(lib_a-dtoa.o)
 .text._dtoa_r  0x000000000001ca78     0x10dc /opt/devkitpro/devkitA64/bin/../lib/gcc/aarch64-none-elf/8.2.0/../../../../aarch64-none-elf/lib/pic/libg.a(lib_a-dtoa.o)
                0x000000000001ca78                _dtoa_r
 *fill*         0x000000000001db54        0x4 
 .text.__sflags
                0x000000000001db58       0xa8 /opt/devkitpro/devkitA64/bin/../lib/gcc/aarch64-none-elf/8.2.0/../../../../aarch64-none-elf/lib/pic/libg.a(lib_a-flags.o)
                0x000000000001db58                __sflags
 .text.__sfvwrite_r
                0x000000000001dc00      0x4b8 /opt/devkitpro/devkitA64/bin/../lib/gcc/aarch64-none-elf/8.2.0/../../../../aarch64-none-elf/lib/pic/libg.a(lib_a-fvwrite.o)
                0x000000000001dc00                __sfvwrite_r
 .text.__localeconv_l
                0x000000000001e0b8        0x8 /opt/devkitpro/devkitA64/bin/../lib/gcc/aarch64-none-elf/8.2.0/../../../../aarch64-none-elf/lib/pic/libg.a(lib_a-localeconv.o)
                0x000000000001e0b8                __localeconv_l
 .text._localeconv_r
                0x000000000001e0c0       0x28 /opt/devkitpro/devkitA64/bin/../lib/gcc/aarch64-none-elf/8.2.0/../../../../aarch64-none-elf/lib/pic/libg.a(lib_a-localeconv.o)
                0x000000000001e0c0                _localeconv_r
 .text          0x000000000001e0e8       0xd8 /opt/devkitpro/devkitA64/bin/../lib/gcc/aarch64-none-elf/8.2.0/../../../../aarch64-none-elf/lib/pic/libg.a(lib_a-memchr.o)
                0x000000000001e0e8                memchr
 .text          0x000000000001e1c0       0xac /opt/devkitpro/devkitA64/bin/../lib/gcc/aarch64-none-elf/8.2.0/../../../../aarch64-none-elf/lib/pic/libg.a(lib_a-memmove.o)
                0x000000000001e1c0                memmove
 *fill*         0x000000000001e26c        0x4 
 .text._Balloc  0x000000000001e270       0x90 /opt/devkitpro/devkitA64/bin/../lib/gcc/aarch64-none-elf/8.2.0/../../../../aarch64-none-elf/lib/pic/libg.a(lib_a-mprec.o)
                0x000000000001e270                _Balloc
 .text._Bfree   0x000000000001e300       0x1c /opt/devkitpro/devkitA64/bin/../lib/gcc/aarch64-none-elf/8.2.0/../../../../aarch64-none-elf/lib/pic/libg.a(lib_a-mprec.o)
                0x000000000001e300                _Bfree
 *fill*         0x000000000001e31c        0x4 
 .text.__multadd
                0x000000000001e320       0xe8 /opt/devkitpro/devkitA64/bin/../lib/gcc/aarch64-none-elf/8.2.0/../../../../aarch64-none-elf/lib/pic/libg.a(lib_a-mprec.o)
                0x000000000001e320                __multadd
 .text.__hi0bits
                0x000000000001e408       0x5c /opt/devkitpro/devkitA64/bin/../lib/gcc/aarch64-none-elf/8.2.0/../../../../aarch64-none-elf/lib/pic/libg.a(lib_a-mprec.o)
                0x000000000001e408                __hi0bits
 *fill*         0x000000000001e464        0x4 
 .text.__lo0bits
                0x000000000001e468       0xa0 /opt/devkitpro/devkitA64/bin/../lib/gcc/aarch64-none-elf/8.2.0/../../../../aarch64-none-elf/lib/pic/libg.a(lib_a-mprec.o)
                0x000000000001e468                __lo0bits
 .text.__i2b    0x000000000001e508       0x2c /opt/devkitpro/devkitA64/bin/../lib/gcc/aarch64-none-elf/8.2.0/../../../../aarch64-none-elf/lib/pic/libg.a(lib_a-mprec.o)
                0x000000000001e508                __i2b
 *fill*         0x000000000001e534        0x4 
 .text.__multiply
                0x000000000001e538      0x1c8 /opt/devkitpro/devkitA64/bin/../lib/gcc/aarch64-none-elf/8.2.0/../../../../aarch64-none-elf/lib/pic/libg.a(lib_a-mprec.o)
                0x000000000001e538                __multiply
 .text.__pow5mult
                0x000000000001e700      0x104 /opt/devkitpro/devkitA64/bin/../lib/gcc/aarch64-none-elf/8.2.0/../../../../aarch64-none-elf/lib/pic/libg.a(lib_a-mprec.o)
                0x000000000001e700                __pow5mult
 *fill*         0x000000000001e804        0x4 
 .text.__lshift
                0x000000000001e808      0x134 /opt/devkitpro/devkitA64/bin/../lib/gcc/aarch64-none-elf/8.2.0/../../../../aarch64-none-elf/lib/pic/libg.a(lib_a-mprec.o)
                0x000000000001e808                __lshift
 *fill*         0x000000000001e93c        0x4 
 .text.__mcmp   0x000000000001e940       0x50 /opt/devkitpro/devkitA64/bin/../lib/gcc/aarch64-none-elf/8.2.0/../../../../aarch64-none-elf/lib/pic/libg.a(lib_a-mprec.o)
                0x000000000001e940                __mcmp
 .text.__mdiff  0x000000000001e990      0x14c /opt/devkitpro/devkitA64/bin/../lib/gcc/aarch64-none-elf/8.2.0/../../../../aarch64-none-elf/lib/pic/libg.a(lib_a-mprec.o)
                0x000000000001e990                __mdiff
 *fill*         0x000000000001eadc        0x4 
 .text.__d2b    0x000000000001eae0      0x138 /opt/devkitpro/devkitA64/bin/../lib/gcc/aarch64-none-elf/8.2.0/../../../../aarch64-none-elf/lib/pic/libg.a(lib_a-mprec.o)
                0x000000000001eae0                __d2b
 .text.frexp    0x000000000001ec18       0x7c /opt/devkitpro/devkitA64/bin/../lib/gcc/aarch64-none-elf/8.2.0/../../../../aarch64-none-elf/lib/pic/libg.a(lib_a-s_frexp.o)
                0x000000000001ec18                frexp
 .text.__ssprint_r
                0x000000000001ec94      0x1c0 /opt/devkitpro/devkitA64/bin/../lib/gcc/aarch64-none-elf/8.2.0/../../../../aarch64-none-elf/lib/pic/libg.a(lib_a-svfiprintf.o)
                0x000000000001ec94                __ssprint_r
 .text.__sprint_r
                0x000000000001ee54       0x3c /opt/devkitpro/devkitA64/bin/../lib/gcc/aarch64-none-elf/8.2.0/../../../../aarch64-none-elf/lib/pic/libg.a(lib_a-vfiprintf.o)
                0x000000000001ee54                __sprint_r
 .text._wcsnrtombs_l
                0x000000000001ee90      0x1dc /opt/devkitpro/devkitA64/bin/../lib/gcc/aarch64-none-elf/8.2.0/../../../../aarch64-none-elf/lib/pic/libg.a(lib_a-wcsnrtombs.o)
                0x000000000001ee90                _wcsnrtombs_l
 *fill*         0x000000000001f06c        0x4 
 .text._wcsnrtombs_r
                0x000000000001f070       0x54 /opt/devkitpro/devkitA64/bin/../lib/gcc/aarch64-none-elf/8.2.0/../../../../aarch64-none-elf/lib/pic/libg.a(lib_a-wcsnrtombs.o)
                0x000000000001f070                _wcsnrtombs_r
 *fill*         0x000000000001f0c4        0x4 
 .text._calloc_r
                0x000000000001f0c8       0x94 /opt/devkitpro/devkitA64/bin/../lib/gcc/aarch64-none-elf/8.2.0/../../../../aarch64-none-elf/lib/pic/libg.a(lib_a-callocr.o)
                0x000000000001f0c8                _calloc_r
 *fill*         0x000000000001f15c        0x4 
 .text.null_write
                0x000000000001f160        0x8 /opt/devkitpro/devkitA64/bin/../lib/gcc/aarch64-none-elf/8.2.0/../../../../aarch64-none-elf/lib/pic/libsysbase.a(iosupport.o)
 .text.setDefaultDevice
                0x000000000001f168       0x18 /opt/devkitpro/devkitA64/bin/../lib/gcc/aarch64-none-elf/8.2.0/../../../../aarch64-none-elf/lib/pic/libsysbase.a(iosupport.o)
                0x000000000001f168                setDefaultDevice
 .text.FindDevice
                0x000000000001f180       0xf8 /opt/devkitpro/devkitA64/bin/../lib/gcc/aarch64-none-elf/8.2.0/../../../../aarch64-none-elf/lib/pic/libsysbase.a(iosupport.o)
                0x000000000001f180                FindDevice
 .text.RemoveDevice
                0x000000000001f278       0x34 /opt/devkitpro/devkitA64/bin/../lib/gcc/aarch64-none-elf/8.2.0/../../../../aarch64-none-elf/lib/pic/libsysbase.a(iosupport.o)
                0x000000000001f278                RemoveDevice
 *fill*         0x000000000001f2ac        0x4 
 .text.AddDevice
                0x000000000001f2b0       0xd8 /opt/devkitpro/devkitA64/bin/../lib/gcc/aarch64-none-elf/8.2.0/../../../../aarch64-none-elf/lib/pic/libsysbase.a(iosupport.o)
                0x000000000001f2b0                AddDevice
 .text._close_r
                0x000000000001f388       0xa8 /opt/devkitpro/devkitA64/bin/../lib/gcc/aarch64-none-elf/8.2.0/../../../../aarch64-none-elf/lib/pic/libsysbase.a(close.o)
                0x000000000001f388                _close_r
 .text._fstat_r
                0x000000000001f430       0x80 /opt/devkitpro/devkitA64/bin/../lib/gcc/aarch64-none-elf/8.2.0/../../../../aarch64-none-elf/lib/pic/libsysbase.a(fstat.o)
                0x000000000001f430                _fstat_r
 .text._gettimeofday_r
                0x000000000001f4b0       0x28 /opt/devkitpro/devkitA64/bin/../lib/gcc/aarch64-none-elf/8.2.0/../../../../aarch64-none-elf/lib/pic/libsysbase.a(gettod.o)
                0x000000000001f4b0                _gettimeofday_r
 .text._isatty_r
                0x000000000001f4d8        0x8 /opt/devkitpro/devkitA64/bin/../lib/gcc/aarch64-none-elf/8.2.0/../../../../aarch64-none-elf/lib/pic/libsysbase.a(isatty.o)
                0x000000000001f4d8                _isatty_r
 .text._lseek_r
                0x000000000001f4e0       0x94 /opt/devkitpro/devkitA64/bin/../lib/gcc/aarch64-none-elf/8.2.0/../../../../aarch64-none-elf/lib/pic/libsysbase.a(lseek.o)
                0x000000000001f4e0                _lseek_r
 *fill*         0x000000000001f574        0x4 
 .text._open_r  0x000000000001f578       0xe0 /opt/devkitpro/devkitA64/bin/../lib/gcc/aarch64-none-elf/8.2.0/../../../../aarch64-none-elf/lib/pic/libsysbase.a(open.o)
                0x000000000001f578                _open_r
 .text._read_r  0x000000000001f658       0xa4 /opt/devkitpro/devkitA64/bin/../lib/gcc/aarch64-none-elf/8.2.0/../../../../aarch64-none-elf/lib/pic/libsysbase.a(read.o)
                0x000000000001f658                _read_r
 *fill*         0x000000000001f6fc        0x4 
 .text._sbrk_r  0x000000000001f700       0x78 /opt/devkitpro/devkitA64/bin/../lib/gcc/aarch64-none-elf/8.2.0/../../../../aarch64-none-elf/lib/pic/libsysbase.a(sbrk.o)
                0x000000000001f700                _sbrk_r
 .text.usleep   0x000000000001f778       0x7c /opt/devkitpro/devkitA64/bin/../lib/gcc/aarch64-none-elf/8.2.0/../../../../aarch64-none-elf/lib/pic/libsysbase.a(usleep.o)
                0x000000000001f778                usleep
 *fill*         0x000000000001f7f4        0x4 
 .text._write_r
                0x000000000001f7f8       0xa4 /opt/devkitpro/devkitA64/bin/../lib/gcc/aarch64-none-elf/8.2.0/../../../../aarch64-none-elf/lib/pic/libsysbase.a(write.o)
                0x000000000001f7f8                _write_r
 *fill*         0x000000000001f89c        0x4 
 .text._exit    0x000000000001f8a0       0x24 /opt/devkitpro/devkitA64/bin/../lib/gcc/aarch64-none-elf/8.2.0/../../../../aarch64-none-elf/lib/pic/libsysbase.a(_exit.o)
                0x000000000001f8a0                _exit
 *fill*         0x000000000001f8c4        0x4 
 .text._concatenate_path
                0x000000000001f8c8      0x234 /opt/devkitpro/devkitA64/bin/../lib/gcc/aarch64-none-elf/8.2.0/../../../../aarch64-none-elf/lib/pic/libsysbase.a(chdir.o)
                0x000000000001f8c8                _concatenate_path
 *fill*         0x000000000001fafc        0x4 
 .text.chdir    0x000000000001fb00      0x178 /opt/devkitpro/devkitA64/bin/../lib/gcc/aarch64-none-elf/8.2.0/../../../../aarch64-none-elf/lib/pic/libsysbase.a(chdir.o)
                0x000000000001fb00                chdir
 .text.__libc_lock_acquire
                0x000000000001fc78       0x18 /opt/devkitpro/devkitA64/bin/../lib/gcc/aarch64-none-elf/8.2.0/../../../../aarch64-none-elf/lib/pic/libsysbase.a(syscall_support.o)
                0x000000000001fc78                __libc_lock_acquire
 .text.__libc_lock_release
                0x000000000001fc90       0x18 /opt/devkitpro/devkitA64/bin/../lib/gcc/aarch64-none-elf/8.2.0/../../../../aarch64-none-elf/lib/pic/libsysbase.a(syscall_support.o)
                0x000000000001fc90                __libc_lock_release
 .text.__libc_lock_init_recursive
                0x000000000001fca8       0x18 /opt/devkitpro/devkitA64/bin/../lib/gcc/aarch64-none-elf/8.2.0/../../../../aarch64-none-elf/lib/pic/libsysbase.a(syscall_support.o)
                0x000000000001fca8                __libc_lock_init_recursive
 .text.__libc_lock_acquire_recursive
                0x000000000001fcc0       0x18 /opt/devkitpro/devkitA64/bin/../lib/gcc/aarch64-none-elf/8.2.0/../../../../aarch64-none-elf/lib/pic/libsysbase.a(syscall_support.o)
                0x000000000001fcc0                __libc_lock_acquire_recursive
 .text.__libc_lock_release_recursive
                0x000000000001fcd8       0x18 /opt/devkitpro/devkitA64/bin/../lib/gcc/aarch64-none-elf/8.2.0/../../../../aarch64-none-elf/lib/pic/libsysbase.a(syscall_support.o)
                0x000000000001fcd8                __libc_lock_release_recursive
 .text.__libc_lock_close_recursive
                0x000000000001fcf0       0x18 /opt/devkitpro/devkitA64/bin/../lib/gcc/aarch64-none-elf/8.2.0/../../../../aarch64-none-elf/lib/pic/libsysbase.a(syscall_support.o)
                0x000000000001fcf0                __libc_lock_close_recursive
 .text.__free_handle