Archive member included to satisfy reference by file (symbol)

/opt/devkitpro/libnx/lib/libnx.a(applet.o)
                              main.o (appletMainLoop)
/opt/devkitpro/libnx/lib/libnx.a(hid.o)
                              main.o (hidKeysDown)
/opt/devkitpro/libnx/lib/libnx.a(apm.o)
                              /opt/devkitpro/libnx/lib/libnx.a(applet.o) (apmExit)
/opt/devkitpro/libnx/lib/libnx.a(sm.o)
                              /opt/devkitpro/libnx/lib/libnx.a(applet.o) (smGetService)
/opt/devkitpro/libnx/lib/libnx.a(fatal.o)
                              /opt/devkitpro/libnx/lib/libnx.a(applet.o) (fatalSimple)
/opt/devkitpro/libnx/lib/libnx.a(gfx.o)
                              main.o (gfxInitDefault)
/opt/devkitpro/libnx/lib/libnx.a(nvgfx.o)
                              /opt/devkitpro/libnx/lib/libnx.a(gfx.o) (nvgfxInitialize)
/opt/devkitpro/libnx/lib/libnx.a(nxlink_stdio.o)
                              main.o (nxlinkStdio)
/opt/devkitpro/libnx/lib/libnx.a(argv.o)
                              /opt/devkitpro/libnx/lib/libnx.a(nxlink_stdio.o) (__nxlink_host)
/opt/devkitpro/libnx/lib/libnx.a(socket.o)
                              main.o (socketGetDefaultInitConfig)
/opt/devkitpro/libnx/lib/libnx.a(convert_errno.o)
                              /opt/devkitpro/libnx/lib/libnx.a(socket.o) (_convert_errno)
/opt/devkitpro/libnx/lib/libnx.a(cache.o)
                              /opt/devkitpro/libnx/lib/libnx.a(gfx.o) (armDCacheFlush)
/opt/devkitpro/libnx/lib/libnx.a(svc.o)
                              /opt/devkitpro/libnx/lib/libnx.a(argv.o) (svcQueryMemory)
/opt/devkitpro/libnx/lib/libnx.a(readtp.o)
                              /opt/devkitpro/libnx/lib/libnx.a(socket.o) (__aarch64_read_tp)
/opt/devkitpro/libnx/lib/libnx.a(switch_crt0.o)
                              (_start)
/opt/devkitpro/libnx/lib/libnx.a(detect.o)
                              /opt/devkitpro/libnx/lib/libnx.a(applet.o) (kernelAbove200)
/opt/devkitpro/libnx/lib/libnx.a(shmem.o)
                              /opt/devkitpro/libnx/lib/libnx.a(hid.o) (shmemLoadRemote)
/opt/devkitpro/libnx/lib/libnx.a(rwlock.o)
                              /opt/devkitpro/libnx/lib/libnx.a(hid.o) (rwlockReadLock)
/opt/devkitpro/libnx/lib/libnx.a(mutex.o)
                              /opt/devkitpro/libnx/lib/libnx.a(detect.o) (mutexLock)
/opt/devkitpro/libnx/lib/libnx.a(virtmem.o)
                              /opt/devkitpro/libnx/lib/libnx.a(shmem.o) (virtmemReserve)
/opt/devkitpro/libnx/lib/libnx.a(event.o)
                              /opt/devkitpro/libnx/lib/libnx.a(gfx.o) (eventWait)
/opt/devkitpro/libnx/lib/libnx.a(nv.o)
                              /opt/devkitpro/libnx/lib/libnx.a(gfx.o) (nvExit)
/opt/devkitpro/libnx/lib/libnx.a(sfdnsres.o)
                              /opt/devkitpro/libnx/lib/libnx.a(socket.o) (sfdnsresGetHostByName)
/opt/devkitpro/libnx/lib/libnx.a(vi.o)
                              /opt/devkitpro/libnx/lib/libnx.a(gfx.o) (viExit)
/opt/devkitpro/libnx/lib/libnx.a(bsd.o)
                              /opt/devkitpro/libnx/lib/libnx.a(socket.o) (g_bsdResult)
/opt/devkitpro/libnx/lib/libnx.a(nifm.o)
                              /opt/devkitpro/libnx/lib/libnx.a(socket.o) (nifmGetCurrentIpAddress)
/opt/devkitpro/libnx/lib/libnx.a(fence.o)
                              /opt/devkitpro/libnx/lib/libnx.a(gfx.o) (nvFenceInit)
/opt/devkitpro/libnx/lib/libnx.a(nvhost-ctrl.o)
                              /opt/devkitpro/libnx/lib/libnx.a(fence.o) (nvioctlNvhostCtrl_EventSignal)
/opt/devkitpro/libnx/lib/libnx.a(nvmap.o)
                              /opt/devkitpro/libnx/lib/libnx.a(nvgfx.o) (nvioctlNvmap_Create)
/opt/devkitpro/libnx/lib/libnx.a(buffer_producer.o)
                              /opt/devkitpro/libnx/lib/libnx.a(gfx.o) (bqRequestBuffer)
/opt/devkitpro/libnx/lib/libnx.a(binder.o)
                              /opt/devkitpro/libnx/lib/libnx.a(gfx.o) (binderCreate)
/opt/devkitpro/libnx/lib/libnx.a(parcel.o)
                              /opt/devkitpro/libnx/lib/libnx.a(buffer_producer.o) (parcelCreate)
/opt/devkitpro/libnx/lib/libnx.a(dynamic.o)
                              /opt/devkitpro/libnx/lib/libnx.a(switch_crt0.o) (__nx_dynamic)
/opt/devkitpro/libnx/lib/libnx.a(init.o)
                              /opt/devkitpro/libnx/lib/libnx.a(switch_crt0.o) (__libnx_init)
/opt/devkitpro/libnx/lib/libnx.a(nxlink.o)
                              /opt/devkitpro/libnx/lib/libnx.a(argv.o) (nxlinkSetup)
/opt/devkitpro/libnx/lib/libnx.a(env.o)
                              /opt/devkitpro/libnx/lib/libnx.a(init.o) (envSetup)
/opt/devkitpro/libnx/lib/libnx.a(newlib.o)
                              /opt/devkitpro/libnx/lib/libnx.a(init.o) (__libnx_init_time)
/opt/devkitpro/libnx/lib/libnx.a(fs_dev.o)
                              /opt/devkitpro/libnx/lib/libnx.a(init.o) (fsdevMountSdmc)
/opt/devkitpro/libnx/lib/libnx.a(decode_utf8.o)
                              /opt/devkitpro/libnx/lib/libnx.a(fs_dev.o) (decode_utf8)
[...]
Memory Configuration

Name             Origin             Length             Attributes
*default*        0x0000000000000000 0xffffffffffffffff

Linker script and memory map

                0x0000000000000000                PROVIDE (__start__ = 0x0)
                0x0000000000000000                . = __start__

.crt0           0x0000000000000000      0x130
 *(.crt0)
 .crt0          0x0000000000000000      0x130 /opt/devkitpro/libnx/lib/libnx.a(switch_crt0.o)
                0x0000000000000000                _start
                0x0000000000000104                __nx_exit
                0x0000000000000114                __nx_mod0
                0x0000000000000130                . = ALIGN (0x8)

.init           0x0000000000000130       0x38
 *(.init)
 .init          0x0000000000000130       0x18 /opt/devkitpro/devkitA64/bin/../lib/gcc/aarch64-none-elf/8.2.0/pic/crti.o
                0x0000000000000130                _init
 .init          0x0000000000000148       0x1c /opt/devkitpro/devkitA64/bin/../lib/gcc/aarch64-none-elf/8.2.0/pic/crtn.o
                0x0000000000000168                . = ALIGN (0x8)
 *fill*         0x0000000000000164        0x4 

.plt            0x0000000000000168        0x0
 *(.plt)
 .plt           0x0000000000000168        0x0 /opt/devkitpro/devkitA64/bin/../lib/gcc/aarch64-none-elf/8.2.0/pic/crti.o
 *(.iplt)
                0x0000000000000168                . = ALIGN (0x8)

.text           0x0000000000000180    0x20358
 *(.text.unlikely .text.*_unlikely .text.unlikely.*)
 *(.text.exit .text.exit.*)
 .text.exit     0x0000000000000180       0x38 /opt/devkitpro/devkitA64/bin/../lib/gcc/aarch64-none-elf/8.2.0/../../../../aarch64-none-elf/lib/pic/libg.a(lib_a-exit.o)
                0x0000000000000180                exit
 *(.text.startup .text.startup.*)
 *fill*         0x00000000000001b8        0x8 
 .text.startup.main
                0x00000000000001c0      0x1b4 main.o
                0x00000000000001c0                main
 *(.text.hot .text.hot.*)
 *(.text .stub .text.* .gnu.linkonce.t.*)
 *fill*         0x0000000000000374        0x4 
 .text.deregister_tm_clones
                0x0000000000000378       0x2c /opt/devkitpro/devkitA64/bin/../lib/gcc/aarch64-none-elf/8.2.0/pic/crtbegin.o
 *fill*         0x00000000000003a4        0x4 
 .text.register_tm_clones
                0x00000000000003a8       0x38 /opt/devkitpro/devkitA64/bin/../lib/gcc/aarch64-none-elf/8.2.0/pic/crtbegin.o
 .text.__do_global_dtors_aux
                0x00000000000003e0       0x48 /opt/devkitpro/devkitA64/bin/../lib/gcc/aarch64-none-elf/8.2.0/pic/crtbegin.o
 .text.frame_dummy
                0x0000000000000428       0x34 /opt/devkitpro/devkitA64/bin/../lib/gcc/aarch64-none-elf/8.2.0/pic/crtbegin.o
 *fill*         0x000000000000045c        0x4 
 .text.allocFontChar
                0x0000000000000460     0x18fc font.o
                0x0000000000000460                allocFontChar
 *fill*         0x0000000000001d5c        0x4 
 .text.drawPixel.part.0
                0x0000000000001d60       0x48 main.o
 *fill*         0x0000000000001da8        0x8 
 .text.drawRect
                0x0000000000001db0       0xa4 main.o
                0x0000000000001db0                drawRect
 *fill*         0x0000000000001e54        0xc 
 .text.drawBackground
                0x0000000000001e60      0x10c main.o
                0x0000000000001e60                drawBackground
 *fill*         0x0000000000001f6c        0x4 
 .text.drawTextAtOffset
                0x0000000000001f70      0x10c main.o
                0x0000000000001f70                drawTextAtOffset
 *fill*         0x000000000000207c        0x4 
 .text.drawCenteredTextAtOffset
                0x0000000000002080       0x6c main.o
                0x0000000000002080                drawCenteredTextAtOffset
 *fill*         0x00000000000020ec        0x4 
 .text.findNextStart
                0x00000000000020f0      0x2d8 main.o
                0x00000000000020f0                findNextStart
 *fill*         0x00000000000023c8        0x8 
 .text.readSchedule
                0x00000000000023d0       0xb0 main.o
                0x00000000000023d0                readSchedule
 .text.scheduleError
                0x0000000000002480       0xb8 main.o
                0x0000000000002480                scheduleError
 *fill*         0x0000000000002538        0x8 
 .text.showTimeUntilNextLecture
                0x0000000000002540       0x80 main.o
                0x0000000000002540                showTimeUntilNextLecture
 .text.ipcCloseObjectById
                0x00000000000025c0       0x34 /opt/devkitpro/libnx/lib/libnx.a(applet.o)
 *fill*         0x00000000000025f4        0xc 
 .text._appletGetHandle
                0x0000000000002600      0x124 /opt/devkitpro/libnx/lib/libnx.a(applet.o)
 *fill*         0x0000000000002724        0xc 
 .text._appletGetPerformanceMode.constprop.14
                0x0000000000002730       0xe0 /opt/devkitpro/libnx/lib/libnx.a(applet.o)
 .text._appletGetOperationMode.constprop.13
                0x0000000000002810       0xe0 /opt/devkitpro/libnx/lib/libnx.a(applet.o)
 .text._appletGetCurrentFocusState.constprop.15
                0x00000000000028f0       0xe0 /opt/devkitpro/libnx/lib/libnx.a(applet.o)
 .text._appletReceiveMessage
                0x00000000000029d0       0xec /opt/devkitpro/libnx/lib/libnx.a(applet.o)
 *fill*         0x0000000000002abc        0x4 
 .text._appletAcquireForegroundRights
                0x0000000000002ac0       0xcc /opt/devkitpro/libnx/lib/libnx.a(applet.o)
 *fill*         0x0000000000002b8c        0x4 
 .text._appletSetPerformanceModeChangedNotification.constprop.17
                0x0000000000002b90       0xd4 /opt/devkitpro/libnx/lib/libnx.a(applet.o)
 *fill*         0x0000000000002c64        0xc 
 .text._appletSetOperationModeChangedNotification.constprop.16
                0x0000000000002c70       0xd4 /opt/devkitpro/libnx/lib/libnx.a(applet.o)
 *fill*         0x0000000000002d44        0xc 
 .text._appletSetOutOfFocusSuspendingEnabled
                0x0000000000002d50       0xd0 /opt/devkitpro/libnx/lib/libnx.a(applet.o)
 .text._appletSetFocusHandlingMode
                0x0000000000002e20       0xd8 /opt/devkitpro/libnx/lib/libnx.a(applet.o)
 *fill*         0x0000000000002ef8        0x8 
 .text._appletGetAppletResourceUserId.constprop.11
                0x0000000000002f00       0xe0 /opt/devkitpro/libnx/lib/libnx.a(applet.o)
 .text._appletGetSessionProxy.constprop.10
                0x0000000000002fe0      0x13c /opt/devkitpro/libnx/lib/libnx.a(applet.o)
 *fill*         0x000000000000311c        0x4 
 .text.appletExit
                0x0000000000003120      0x564 /opt/devkitpro/libnx/lib/libnx.a(applet.o)
                0x0000000000003120                appletExit
 *fill*         0x0000000000003684        0xc 
 .text.appletGetAppletType
                0x0000000000003690       0x10 /opt/devkitpro/libnx/lib/libnx.a(applet.o)
                0x0000000000003690                appletGetAppletType
 .text.appletHook
                0x00000000000036a0       0x28 /opt/devkitpro/libnx/lib/libnx.a(applet.o)
                0x00000000000036a0                appletHook
 *fill*         0x00000000000036c8        0x8 
 .text.appletUnhook
                0x00000000000036d0       0x34 /opt/devkitpro/libnx/lib/libnx.a(applet.o)
                0x00000000000036d0                appletUnhook
 *fill*         0x0000000000003704        0xc 
 .text.appletGetAppletResourceUserId
                0x0000000000003710       0x28 /opt/devkitpro/libnx/lib/libnx.a(applet.o)
                0x0000000000003710                appletGetAppletResourceUserId
 *fill*         0x0000000000003738        0x8 
 .text.appletNotifyRunning
                0x0000000000003740      0x120 /opt/devkitpro/libnx/lib/libnx.a(applet.o)
                0x0000000000003740                appletNotifyRunning
 .text.appletInitialize
                0x0000000000003860      0x56c /opt/devkitpro/libnx/lib/libnx.a(applet.o)
                0x0000000000003860                appletInitialize
 *fill*         0x0000000000003dcc        0x4 
 .text.appletCreateManagedDisplayLayer
                0x0000000000003dd0       0xec /opt/devkitpro/libnx/lib/libnx.a(applet.o)
                0x0000000000003dd0                appletCreateManagedDisplayLayer
 *fill*         0x0000000000003ebc        0x4 
 .text.appletGetOperationMode
                0x0000000000003ec0        0xc /opt/devkitpro/libnx/lib/libnx.a(applet.o)
                0x0000000000003ec0                appletGetOperationMode
 *fill*         0x0000000000003ecc        0x4 
 .text.appletMainLoop
                0x0000000000003ed0      0x144 /opt/devkitpro/libnx/lib/libnx.a(applet.o)
                0x0000000000003ed0                appletMainLoop
 *fill*         0x0000000000004014        0xc 
 .text.ipcCloseObjectById
                0x0000000000004020       0x34 /opt/devkitpro/libnx/lib/libnx.a(hid.o)
 *fill*         0x0000000000004054        0xc 
 .text._hidGetSharedMemoryHandle.constprop.8
                0x0000000000004060      0x124 /opt/devkitpro/libnx/lib/libnx.a(hid.o)
 *fill*         0x0000000000004184        0xc 
 .text._hidCreateAppletResource.constprop.7
                0x0000000000004190      0x134 /opt/devkitpro/libnx/lib/libnx.a(hid.o)
 *fill*         0x00000000000042c4        0xc 
 .text.hidReset
                0x00000000000042d0      0x1b0 /opt/devkitpro/libnx/lib/libnx.a(hid.o)
                0x00000000000042d0                hidReset
 .text.hidGetSharedmemAddr
                0x0000000000004480        0xc /opt/devkitpro/libnx/lib/libnx.a(hid.o)
                0x0000000000004480                hidGetSharedmemAddr
 *fill*         0x000000000000448c        0x4 
 .text.hidKeysDown
                0x0000000000004490       0x6c /opt/devkitpro/libnx/lib/libnx.a(hid.o)
                0x0000000000004490                hidKeysDown
 *fill*         0x00000000000044fc        0x4 
 .text.hidTouchCount
                0x0000000000004500        0xc /opt/devkitpro/libnx/lib/libnx.a(hid.o)
                0x0000000000004500                hidTouchCount
 *fill*         0x000000000000450c        0x4 
 .text.hidScanInput
                0x0000000000004510      0x49c /opt/devkitpro/libnx/lib/libnx.a(hid.o)
                0x0000000000004510                hidScanInput
 *fill*         0x00000000000049ac        0x4 
 .text.hidSetNpadJoyAssignmentModeDual
                0x00000000000049b0      0x10c /opt/devkitpro/libnx/lib/libnx.a(hid.o)
                0x00000000000049b0                hidSetNpadJoyAssignmentModeDual
 *fill*         0x0000000000004abc        0x4 
 .text.hidExit  0x0000000000004ac0      0x128 /opt/devkitpro/libnx/lib/libnx.a(hid.o)
                0x0000000000004ac0                hidExit
 *fill*         0x0000000000004be8        0x8 
 .text.hidInitialize
                0x0000000000004bf0      0x10c /opt/devkitpro/libnx/lib/libnx.a(hid.o)
                0x0000000000004bf0                hidInitialize
 *fill*         0x0000000000004cfc        0x4 
 .text.ipcCloseObjectById
                0x0000000000004d00       0x34 /opt/devkitpro/libnx/lib/libnx.a(apm.o)
 *fill*         0x0000000000004d34        0xc 
 .text._apmGetSession.constprop.4
                0x0000000000004d40      0x124 /opt/devkitpro/libnx/lib/libnx.a(apm.o)
 *fill*         0x0000000000004e64        0xc 
 .text.apmExit  0x0000000000004e70       0xf0 /opt/devkitpro/libnx/lib/libnx.a(apm.o)
                0x0000000000004e70                apmExit
 .text.apmInitialize
                0x0000000000004f60       0x8c /opt/devkitpro/libnx/lib/libnx.a(apm.o)
                0x0000000000004f60                apmInitialize
 *fill*         0x0000000000004fec        0x4 
 .text.apmSetPerformanceConfiguration
                0x0000000000004ff0       0xcc /opt/devkitpro/libnx/lib/libnx.a(apm.o)
                0x0000000000004ff0                apmSetPerformanceConfiguration
 *fill*         0x00000000000050bc        0x4 
 .text.smAddOverrideHandle
                0x00000000000050c0       0x44 /opt/devkitpro/libnx/lib/libnx.a(sm.o)
                0x00000000000050c0                smAddOverrideHandle
 *fill*         0x0000000000005104        0xc 
 .text.smGetServiceOverride
                0x0000000000005110       0x60 /opt/devkitpro/libnx/lib/libnx.a(sm.o)
                0x0000000000005110                smGetServiceOverride
 .text.smHasInitialized
                0x0000000000005170       0x14 /opt/devkitpro/libnx/lib/libnx.a(sm.o)
                0x0000000000005170                smHasInitialized
 *fill*         0x0000000000005184        0xc 
 .text.smExit   0x0000000000005190       0x5c /opt/devkitpro/libnx/lib/libnx.a(sm.o)
                0x0000000000005190                smExit
 *fill*         0x00000000000051ec        0x4 
 .text.smEncodeName
                0x00000000000051f0       0x38 /opt/devkitpro/libnx/lib/libnx.a(sm.o)
                0x00000000000051f0                smEncodeName
 *fill*         0x0000000000005228        0x8 
 .text.smGetServiceOriginal
                0x0000000000005230      0x12c /opt/devkitpro/libnx/lib/libnx.a(sm.o)
                0x0000000000005230                smGetServiceOriginal
 *fill*         0x000000000000535c        0x4 
 .text.smInitialize
                0x0000000000005360      0x158 /opt/devkitpro/libnx/lib/libnx.a(sm.o)
                0x0000000000005360                smInitialize
 *fill*         0x00000000000054b8        0x8 
 .text.smGetService
                0x00000000000054c0       0x74 /opt/devkitpro/libnx/lib/libnx.a(sm.o)
                0x00000000000054c0                smGetService
 *fill*         0x0000000000005534        0xc 
 .text.fatalWithType
                0x0000000000005540       0xec /opt/devkitpro/libnx/lib/libnx.a(fatal.o)
                0x0000000000005540                fatalWithType
 *fill*         0x000000000000562c        0x4 
 .text.fatalSimple
                0x0000000000005630       0x14 /opt/devkitpro/libnx/lib/libnx.a(fatal.o)
                0x0000000000005630                fatalSimple
 *fill*         0x0000000000005644        0xc 
 .text._gfxCancelBuffer
                0x0000000000005650       0x48 /opt/devkitpro/libnx/lib/libnx.a(gfx.o)
 *fill*         0x0000000000005698        0x8 
 .text._gfxDequeueBuffer.part.0
                0x00000000000056a0      0x170 /opt/devkitpro/libnx/lib/libnx.a(gfx.o)
 .text.gfxInitDefault
                0x0000000000005810      0x4b4 /opt/devkitpro/libnx/lib/libnx.a(gfx.o)
                0x0000000000005810                gfxInitDefault
 *fill*         0x0000000000005cc4        0xc 
 .text.gfxConfigureCrop
                0x0000000000005cd0       0xe8 /opt/devkitpro/libnx/lib/libnx.a(gfx.o)
                0x0000000000005cd0                gfxConfigureCrop
 *fill*         0x0000000000005db8        0x8 
 .text.gfxConfigureResolution
                0x0000000000005dc0       0x14 /opt/devkitpro/libnx/lib/libnx.a(gfx.o)
                0x0000000000005dc0                gfxConfigureResolution
 *fill*         0x0000000000005dd4        0xc 
 .text._gfxAutoResolutionAppletHook
                0x0000000000005de0       0x60 /opt/devkitpro/libnx/lib/libnx.a(gfx.o)
 .text.gfxConfigureAutoResolution
                0x0000000000005e40      0x11c /opt/devkitpro/libnx/lib/libnx.a(gfx.o)
                0x0000000000005e40                gfxConfigureAutoResolution
 *fill*         0x0000000000005f5c        0x4 
 .text.gfxExit  0x0000000000005f60      0x174 /opt/devkitpro/libnx/lib/libnx.a(gfx.o)
                0x0000000000005f60                gfxExit
 *fill*         0x00000000000060d4        0xc 
 .text._gfxGraphicBufferInit
                0x00000000000060e0       0x3c /opt/devkitpro/libnx/lib/libnx.a(gfx.o)
                0x00000000000060e0                _gfxGraphicBufferInit
 *fill*         0x000000000000611c        0x4 
 .text.gfxWaitForVsync
                0x0000000000006120       0x2c /opt/devkitpro/libnx/lib/libnx.a(gfx.o)
                0x0000000000006120                gfxWaitForVsync
 *fill*         0x000000000000614c        0x4 
 .text.gfxSwapBuffers
                0x0000000000006150       0x64 /opt/devkitpro/libnx/lib/libnx.a(gfx.o)
                0x0000000000006150                gfxSwapBuffers
 *fill*         0x00000000000061b4        0xc 
 .text.gfxGetFramebuffer
                0x00000000000061c0       0x68 /opt/devkitpro/libnx/lib/libnx.a(gfx.o)
                0x00000000000061c0                gfxGetFramebuffer
 *fill*         0x0000000000006228        0x8 
 .text.gfxFlushBuffers
                0x0000000000006230      0x12c /opt/devkitpro/libnx/lib/libnx.a(gfx.o)
                0x0000000000006230                gfxFlushBuffers
 *fill*         0x000000000000635c        0x4 
 .text.nvmapobjClose.part.0.constprop.3
                0x0000000000006360       0x38 /opt/devkitpro/libnx/lib/libnx.a(nvgfx.o)
 *fill*         0x0000000000006398        0x8 
 .text.nvgfxInitialize
                0x00000000000063a0      0x1e8 /opt/devkitpro/libnx/lib/libnx.a(nvgfx.o)
                0x00000000000063a0                nvgfxInitialize
 *fill*         0x0000000000006588        0x8 
 .text.nvgfxExit
                0x0000000000006590       0x58 /opt/devkitpro/libnx/lib/libnx.a(nvgfx.o)
                0x0000000000006590                nvgfxExit
 *fill*         0x00000000000065e8        0x8 
 .text.nvgfxGetFramebuffer
                0x00000000000065f0       0x4c /opt/devkitpro/libnx/lib/libnx.a(nvgfx.o)
                0x00000000000065f0                nvgfxGetFramebuffer
 *fill*         0x000000000000663c        0x4 
 .text.nxlinkStdio
                0x0000000000006640       0xb8 /opt/devkitpro/libnx/lib/libnx.a(nxlink_stdio.o)
                0x0000000000006640                nxlinkStdio
 *fill*         0x00000000000066f8        0x8 
 .text.argvSetup
                0x0000000000006700      0x368 /opt/devkitpro/libnx/lib/libnx.a(argv.o)
                0x0000000000006700                argvSetup
 *fill*         0x0000000000006a68        0x8 
 .text._socketParseBsdResult.part.0
                0x0000000000006a70       0xa8 /opt/devkitpro/libnx/lib/libnx.a(socket.o)
 *fill*         0x0000000000006b18        0x8 
 .text._socketRead
                0x0000000000006b20       0x48 /opt/devkitpro/libnx/lib/libnx.a(socket.o)
 *fill*         0x0000000000006b68        0x8 
 .text._socketWrite
                0x0000000000006b70       0x48 /opt/devkitpro/libnx/lib/libnx.a(socket.o)
 *fill*         0x0000000000006bb8        0x8 
 .text._socketClose
                0x0000000000006bc0       0x3c /opt/devkitpro/libnx/lib/libnx.a(socket.o)
 *fill*         0x0000000000006bfc        0x4 
 .text._socketOpen
                0x0000000000006c00       0x7c /opt/devkitpro/libnx/lib/libnx.a(socket.o)
 *fill*         0x0000000000006c7c        0x4 
 .text._socketGetFd
                0x0000000000006c80       0x80 /opt/devkitpro/libnx/lib/libnx.a(socket.o)
 .text.socketGetDefaultInitConfig
                0x0000000000006d00        0xc /opt/devkitpro/libnx/lib/libnx.a(socket.o)
                0x0000000000006d00                socketGetDefaultInitConfig
 *fill*         0x0000000000006d0c        0x4 
 .text.socketExit
                0x0000000000006d10       0x1c /opt/devkitpro/libnx/lib/libnx.a(socket.o)
                0x0000000000006d10                socketExit
 *fill*         0x0000000000006d2c        0x4 
 .text.socketInitialize
                0x0000000000006d30      0x110 /opt/devkitpro/libnx/lib/libnx.a(socket.o)
                0x0000000000006d30                socketInitialize
 .text.socket   0x0000000000006e40       0xa4 /opt/devkitpro/libnx/lib/libnx.a(socket.o)
                0x0000000000006e40                socket
 *fill*         0x0000000000006ee4        0xc 
 .text.connect  0x0000000000006ef0       0x54 /opt/devkitpro/libnx/lib/libnx.a(socket.o)
                0x0000000000006ef0                connect
 *fill*         0x0000000000006f44        0xc 
 .text._convert_errno
                0x0000000000006f50       0x30 /opt/devkitpro/libnx/lib/libnx.a(convert_errno.o)
                0x0000000000006f50                _convert_errno
 .text.armDCacheFlush
                0x0000000000006f80       0x3c /opt/devkitpro/libnx/lib/libnx.a(cache.o)
                0x0000000000006f80                armDCacheFlush
 .text.svcSetHeapSize
                0x0000000000006fbc       0x14 /opt/devkitpro/libnx/lib/libnx.a(svc.o)
                0x0000000000006fbc                svcSetHeapSize
 .text.svcUnmapMemory
                0x0000000000006fd0        0x8 /opt/devkitpro/libnx/lib/libnx.a(svc.o)
                0x0000000000006fd0                svcUnmapMemory
 .text.svcQueryMemory
                0x0000000000006fd8       0x14 /opt/devkitpro/libnx/lib/libnx.a(svc.o)
                0x0000000000006fd8                svcQueryMemory
 .text.svcExitProcess
                0x0000000000006fec        0x8 /opt/devkitpro/libnx/lib/libnx.a(svc.o)
                0x0000000000006fec                svcExitProcess
 .text.svcSleepThread
                0x0000000000006ff4        0x8 /opt/devkitpro/libnx/lib/libnx.a(svc.o)
                0x0000000000006ff4                svcSleepThread
 .text.svcMapSharedMemory
                0x0000000000006ffc        0x8 /opt/devkitpro/libnx/lib/libnx.a(svc.o)
                0x0000000000006ffc                svcMapSharedMemory
 .text.svcUnmapSharedMemory
                0x0000000000007004        0x8 /opt/devkitpro/libnx/lib/libnx.a(svc.o)
                0x0000000000007004                svcUnmapSharedMemory
 .text.svcCreateTransferMemory
                0x000000000000700c       0x14 /opt/devkitpro/libnx/lib/libnx.a(svc.o)
                0x000000000000700c                svcCreateTransferMemory
 .text.svcCloseHandle
                0x0000000000007020        0x8 /opt/devkitpro/libnx/lib/libnx.a(svc.o)
                0x0000000000007020                svcCloseHandle
 .text.svcResetSignal
                0x0000000000007028        0x8 /opt/devkitpro/libnx/lib/libnx.a(svc.o)
                0x0000000000007028                svcResetSignal
 .text.svcWaitSynchronization
                0x0000000000007030       0x14 /opt/devkitpro/libnx/lib/libnx.a(svc.o)
                0x0000000000007030                svcWaitSynchronization
 .text.svcArbitrateLock
                0x0000000000007044        0x8 /opt/devkitpro/libnx/lib/libnx.a(svc.o)
                0x0000000000007044                svcArbitrateLock
 .text.svcArbitrateUnlock
                0x000000000000704c        0x8 /opt/devkitpro/libnx/lib/libnx.a(svc.o)
                0x000000000000704c                svcArbitrateUnlock
 .text.svcConnectToNamedPort
                0x0000000000007054       0x14 /opt/devkitpro/libnx/lib/libnx.a(svc.o)
                0x0000000000007054                svcConnectToNamedPort
 .text.svcSendSyncRequest
                0x0000000000007068        0x8 /opt/devkitpro/libnx/lib/libnx.a(svc.o)
                0x0000000000007068                svcSendSyncRequest
 .text.svcBreak
                0x0000000000007070        0x8 /opt/devkitpro/libnx/lib/libnx.a(svc.o)
                0x0000000000007070                svcBreak
 .text.svcGetInfo
                0x0000000000007078       0x14 /opt/devkitpro/libnx/lib/libnx.a(svc.o)
                0x0000000000007078                svcGetInfo
 .text.svcUnmapTransferMemory
                0x000000000000708c        0x8 /opt/devkitpro/libnx/lib/libnx.a(svc.o)
                0x000000000000708c                svcUnmapTransferMemory
 .text.__aarch64_read_tp
                0x0000000000007094        0xc /opt/devkitpro/libnx/lib/libnx.a(readtp.o)
                0x0000000000007094                __aarch64_read_tp
 .text._CacheValues
                0x00000000000070a0      0x180 /opt/devkitpro/libnx/lib/libnx.a(detect.o)
 .text.kernelAbove200
                0x0000000000007220       0x1c /opt/devkitpro/libnx/lib/libnx.a(detect.o)
                0x0000000000007220                kernelAbove200
 *fill*         0x000000000000723c        0x4 
 .text.kernelAbove300
                0x0000000000007240       0x1c /opt/devkitpro/libnx/lib/libnx.a(detect.o)
                0x0000000000007240                kernelAbove300
 *fill*         0x000000000000725c        0x4 
 .text.detectDebugger
                0x0000000000007260       0x30 /opt/devkitpro/libnx/lib/libnx.a(detect.o)
                0x0000000000007260                detectDebugger
 .text.shmemLoadRemote
                0x0000000000007290       0x14 /opt/devkitpro/libnx/lib/libnx.a(shmem.o)
                0x0000000000007290                shmemLoadRemote
 *fill*         0x00000000000072a4        0xc 
 .text.shmemMap
                0x00000000000072b0       0x84 /opt/devkitpro/libnx/lib/libnx.a(shmem.o)
                0x00000000000072b0                shmemMap
 *fill*         0x0000000000007334        0xc 
 .text.shmemUnmap
                0x0000000000007340       0x58 /opt/devkitpro/libnx/lib/libnx.a(shmem.o)
                0x0000000000007340                shmemUnmap
 *fill*         0x0000000000007398        0x8 
 .text.shmemClose
                0x00000000000073a0       0x44 /opt/devkitpro/libnx/lib/libnx.a(shmem.o)
                0x00000000000073a0                shmemClose
 *fill*         0x00000000000073e4        0xc 
 .text.rwlockReadLock
                0x00000000000073f0       0x4c /opt/devkitpro/libnx/lib/libnx.a(rwlock.o)
                0x00000000000073f0                rwlockReadLock
 *fill*         0x000000000000743c        0x4 
 .text.rwlockReadUnlock
                0x0000000000007440       0x4c /opt/devkitpro/libnx/lib/libnx.a(rwlock.o)
                0x0000000000007440                rwlockReadUnlock
 *fill*         0x000000000000748c        0x4 
 .text.rwlockWriteLock
                0x0000000000007490        0x8 /opt/devkitpro/libnx/lib/libnx.a(rwlock.o)
                0x0000000000007490                rwlockWriteLock
 *fill*         0x0000000000007498        0x8 
 .text.rwlockWriteUnlock
                0x00000000000074a0        0x8 /opt/devkitpro/libnx/lib/libnx.a(rwlock.o)
                0x00000000000074a0                rwlockWriteUnlock
 *fill*         0x00000000000074a8        0x8 
 .text.mutexLock
                0x00000000000074b0       0x8c /opt/devkitpro/libnx/lib/libnx.a(mutex.o)
                0x00000000000074b0                mutexLock
 *fill*         0x000000000000753c        0x4 
 .text.mutexUnlock
                0x0000000000007540       0x30 /opt/devkitpro/libnx/lib/libnx.a(mutex.o)
                0x0000000000007540                mutexUnlock
 .text.rmutexLock
                0x0000000000007570       0x4c /opt/devkitpro/libnx/lib/libnx.a(mutex.o)
                0x0000000000007570                rmutexLock
 *fill*         0x00000000000075bc        0x4 
 .text.rmutexUnlock
                0x00000000000075c0       0x1c /opt/devkitpro/libnx/lib/libnx.a(mutex.o)
                0x00000000000075c0                rmutexUnlock
 *fill*         0x00000000000075dc        0x4 
 .text._GetRegionFromInfo.isra.1
                0x00000000000075e0       0x7c /opt/devkitpro/libnx/lib/libnx.a(virtmem.o)
 *fill*         0x000000000000765c        0x4 
 .text.virtmemSetup
                0x0000000000007660       0xe4 /opt/devkitpro/libnx/lib/libnx.a(virtmem.o)
                0x0000000000007660                virtmemSetup
 *fill*         0x0000000000007744        0xc 
 .text.virtmemReserve
                0x0000000000007750      0x13c /opt/devkitpro/libnx/lib/libnx.a(virtmem.o)
                0x0000000000007750                virtmemReserve
 *fill*         0x000000000000788c        0x4 
 .text.virtmemFree
                0x0000000000007890        0x4 /opt/devkitpro/libnx/lib/libnx.a(virtmem.o)
                0x0000000000007890                virtmemFree
 *fill*         0x0000000000007894        0xc 
 .text.eventLoadRemote
                0x00000000000078a0        0xc /opt/devkitpro/libnx/lib/libnx.a(event.o)
                0x00000000000078a0                eventLoadRemote
 *fill*         0x00000000000078ac        0x4 
 .text.eventWait
                0x00000000000078b0      0x11c /opt/devkitpro/libnx/lib/libnx.a(event.o)
                0x00000000000078b0                eventWait
 *fill*         0x00000000000079cc        0x4 
 .text.eventClose
                0x00000000000079d0       0x50 /opt/devkitpro/libnx/lib/libnx.a(event.o)
                0x00000000000079d0                eventClose
 .text.ipcCloseObjectById
                0x0000000000007a20       0x34 /opt/devkitpro/libnx/lib/libnx.a(nv.o)
 *fill*         0x0000000000007a54        0xc 
 .text.ipcQueryPointerBufferSize.constprop.7
                0x0000000000007a60       0xc8 /opt/devkitpro/libnx/lib/libnx.a(nv.o)
 *fill*         0x0000000000007b28        0x8 
 .text._nvSetClientPID
                0x0000000000007b30       0xd8 /opt/devkitpro/libnx/lib/libnx.a(nv.o)
 *fill*         0x0000000000007c08        0x8 
 .text._nvInitialize.constprop.6
                0x0000000000007c10       0xf0 /opt/devkitpro/libnx/lib/libnx.a(nv.o)
 .text.nvExit   0x0000000000007d00       0xb4 /opt/devkitpro/libnx/lib/libnx.a(nv.o)
                0x0000000000007d00                nvExit
 *fill*         0x0000000000007db4        0xc 
 .text.nvInitialize
                0x0000000000007dc0      0x128 /opt/devkitpro/libnx/lib/libnx.a(nv.o)
                0x0000000000007dc0                nvInitialize
 *fill*         0x0000000000007ee8        0x8 
 .text.nvConvertError
                0x0000000000007ef0      0x12c /opt/devkitpro/libnx/lib/libnx.a(nv.o)
                0x0000000000007ef0                nvConvertError
 *fill*         0x000000000000801c        0x4 
 .text.nvOpen   0x0000000000008020      0x12c /opt/devkitpro/libnx/lib/libnx.a(nv.o)
                0x0000000000008020                nvOpen
 *fill*         0x000000000000814c        0x4 
 .text.nvIoctl  0x0000000000008150      0x218 /opt/devkitpro/libnx/lib/libnx.a(nv.o)
                0x0000000000008150                nvIoctl
 *fill*         0x0000000000008368        0x8 
 .text.nvClose  0x0000000000008370       0xdc /opt/devkitpro/libnx/lib/libnx.a(nv.o)
                0x0000000000008370                nvClose
 *fill*         0x000000000000844c        0x4 
 .text.nvQueryEvent
                0x0000000000008450      0x15c /opt/devkitpro/libnx/lib/libnx.a(nv.o)
                0x0000000000008450                nvQueryEvent
 *fill*         0x00000000000085ac        0x4 
 .text.ipcCloseObjectById
                0x00000000000085b0       0x34 /opt/devkitpro/libnx/lib/libnx.a(vi.o)
 *fill*         0x00000000000085e4        0xc 
 .text._viGetSession.constprop.7
                0x00000000000085f0      0x134 /opt/devkitpro/libnx/lib/libnx.a(vi.o)
 *fill*         0x0000000000008724        0xc 
 .text.viExit   0x0000000000008730      0x1e4 /opt/devkitpro/libnx/lib/libnx.a(vi.o)
                0x0000000000008730                viExit
 *fill*         0x0000000000008914        0xc 
 .text.viInitialize
                0x0000000000008920      0x304 /opt/devkitpro/libnx/lib/libnx.a(vi.o)
                0x0000000000008920                viInitialize
 *fill*         0x0000000000008c24        0xc 
 .text.viGetSession_IHOSBinderDriverRelay
                0x0000000000008c30        0xc /opt/devkitpro/libnx/lib/libnx.a(vi.o)
                0x0000000000008c30                viGetSession_IHOSBinderDriverRelay
 *fill*         0x0000000000008c3c        0x4 
 .text.viOpenDisplay
                0x0000000000008c40      0x140 /opt/devkitpro/libnx/lib/libnx.a(vi.o)
                0x0000000000008c40                viOpenDisplay
 .text.viCloseDisplay
                0x0000000000008d80      0x104 /opt/devkitpro/libnx/lib/libnx.a(vi.o)
                0x0000000000008d80                viCloseDisplay
 *fill*         0x0000000000008e84        0xc 
 .text.viGetDisplayVsyncEvent
                0x0000000000008e90      0x13c /opt/devkitpro/libnx/lib/libnx.a(vi.o)
                0x0000000000008e90                viGetDisplayVsyncEvent
 *fill*         0x0000000000008fcc        0x4 
 .text.viCloseLayer
                0x0000000000008fd0      0x104 /opt/devkitpro/libnx/lib/libnx.a(vi.o)
                0x0000000000008fd0                viCloseLayer
 *fill*         0x00000000000090d4        0xc 
 .text.viCreateLayer
                0x00000000000090e0      0x320 /opt/devkitpro/libnx/lib/libnx.a(vi.o)
                0x00000000000090e0                viCreateLayer
 .text.viSetLayerScalingMode
                0x0000000000009400       0xe8 /opt/devkitpro/libnx/lib/libnx.a(vi.o)
                0x0000000000009400                viSetLayerScalingMode
 *fill*         0x00000000000094e8        0x8 
 .text.ipcCloseObjectById
                0x00000000000094f0       0x34 /opt/devkitpro/libnx/lib/libnx.a(bsd.o)
 *fill*         0x0000000000009524        0xc 
 .text._bsdRegisterClient.isra.5.constprop.11
                0x0000000000009530      0x120 /opt/devkitpro/libnx/lib/libnx.a(bsd.o)
 .text._bsdDispatchBasicCommand.isra.6
                0x0000000000009650      0x308 /opt/devkitpro/libnx/lib/libnx.a(bsd.o)
 *fill*         0x0000000000009958        0x8 
 .text._bsdSocketCreationCommand
                0x0000000000009960       0x44 /opt/devkitpro/libnx/lib/libnx.a(bsd.o)
 *fill*         0x00000000000099a4        0xc 
 .text.ipcQueryPointerBufferSize.constprop.10
                0x00000000000099b0       0xc8 /opt/devkitpro/libnx/lib/libnx.a(bsd.o)
 *fill*         0x0000000000009a78        0x8 
 .text._bsdStartMonitor.constprop.9
                0x0000000000009a80       0xf8 /opt/devkitpro/libnx/lib/libnx.a(bsd.o)
 *fill*         0x0000000000009b78        0x8 
 .text.bsdExit  0x0000000000009b80       0xf0 /opt/devkitpro/libnx/lib/libnx.a(bsd.o)
                0x0000000000009b80                bsdExit
 .text.bsdInitialize
                0x0000000000009c70      0x14c /opt/devkitpro/libnx/lib/libnx.a(bsd.o)
                0x0000000000009c70                bsdInitialize
 *fill*         0x0000000000009dbc        0x4 
 .text.bsdSocket
                0x0000000000009dc0       0x14 /opt/devkitpro/libnx/lib/libnx.a(bsd.o)
                0x0000000000009dc0                bsdSocket
 *fill*         0x0000000000009dd4        0xc 
 .text.bsdOpen  0x0000000000009de0       0xc4 /opt/devkitpro/libnx/lib/libnx.a(bsd.o)
                0x0000000000009de0                bsdOpen
 *fill*         0x0000000000009ea4        0xc 
 .text.bsdConnect
                0x0000000000009eb0       0xa8 /opt/devkitpro/libnx/lib/libnx.a(bsd.o)
                0x0000000000009eb0                bsdConnect
 *fill*         0x0000000000009f58        0x8 
 .text.bsdWrite
                0x0000000000009f60       0xbc /opt/devkitpro/libnx/lib/libnx.a(bsd.o)
                0x0000000000009f60                bsdWrite
 *fill*         0x000000000000a01c        0x4 
 .text.bsdRead  0x000000000000a020       0xfc /opt/devkitpro/libnx/lib/libnx.a(bsd.o)
                0x000000000000a020                bsdRead
 *fill*         0x000000000000a11c        0x4 
 .text.bsdClose
                0x000000000000a120       0x40 /opt/devkitpro/libnx/lib/libnx.a(bsd.o)
                0x000000000000a120                bsdClose
 .text.nvFenceInit
                0x000000000000a160       0x5c /opt/devkitpro/libnx/lib/libnx.a(fence.o)
                0x000000000000a160                nvFenceInit
 *fill*         0x000000000000a1bc        0x4 
 .text.nvFenceExit
                0x000000000000a1c0       0x98 /opt/devkitpro/libnx/lib/libnx.a(fence.o)
                0x000000000000a1c0                nvFenceExit
 *fill*         0x000000000000a258        0x8 
 .text.nvFenceWait
                0x000000000000a260      0x194 /opt/devkitpro/libnx/lib/libnx.a(fence.o)
                0x000000000000a260                nvFenceWait
 *fill*         0x000000000000a3f4        0xc 
 .text.nvMultiFenceWait
                0x000000000000a400       0x7c /opt/devkitpro/libnx/lib/libnx.a(fence.o)
                0x000000000000a400                nvMultiFenceWait
 *fill*         0x000000000000a47c        0x4 
 .text.nvioctlNvhostCtrl_EventSignal
                0x000000000000a480       0x24 /opt/devkitpro/libnx/lib/libnx.a(nvhost-ctrl.o)
                0x000000000000a480                nvioctlNvhostCtrl_EventSignal
 *fill*         0x000000000000a4a4        0xc 
 .text.nvioctlNvhostCtrl_EventWaitAsync
                0x000000000000a4b0       0x28 /opt/devkitpro/libnx/lib/libnx.a(nvhost-ctrl.o)
                0x000000000000a4b0                nvioctlNvhostCtrl_EventWaitAsync
 *fill*         0x000000000000a4d8        0x8 
 .text.nvioctlNvhostCtrl_EventRegister
                0x000000000000a4e0       0x24 /opt/devkitpro/libnx/lib/libnx.a(nvhost-ctrl.o)
                0x000000000000a4e0                nvioctlNvhostCtrl_EventRegister
 *fill*         0x000000000000a504        0xc 
 .text.nvioctlNvhostCtrl_EventUnregister
                0x000000000000a510       0x24 /opt/devkitpro/libnx/lib/libnx.a(nvhost-ctrl.o)
                0x000000000000a510                nvioctlNvhostCtrl_EventUnregister
 *fill*         0x000000000000a534        0xc 
 .text.nvioctlNvmap_Create
                0x000000000000a540       0x3c /opt/devkitpro/libnx/lib/libnx.a(nvmap.o)
                0x000000000000a540                nvioctlNvmap_Create
 *fill*         0x000000000000a57c        0x4 
 .text.nvioctlNvmap_Alloc
                0x000000000000a580       0x30 /opt/devkitpro/libnx/lib/libnx.a(nvmap.o)
                0x000000000000a580                nvioctlNvmap_Alloc
 .text.nvioctlNvmap_GetId
                0x000000000000a5b0       0x3c /opt/devkitpro/libnx/lib/libnx.a(nvmap.o)
                0x000000000000a5b0                nvioctlNvmap_GetId
 *fill*         0x000000000000a5ec        0x4 
 .text.bqRequestBuffer
                0x000000000000a5f0       0xf0 /opt/devkitpro/libnx/lib/libnx.a(buffer_producer.o)
                0x000000000000a5f0                bqRequestBuffer
 .text.bqDequeueBuffer
                0x000000000000a6e0      0x154 /opt/devkitpro/libnx/lib/libnx.a(buffer_producer.o)
                0x000000000000a6e0                bqDequeueBuffer
 *fill*         0x000000000000a834        0xc 
 .text.bqDetachBuffer
                0x000000000000a840       0x9c /opt/devkitpro/libnx/lib/libnx.a(buffer_producer.o)
                0x000000000000a840                bqDetachBuffer
 *fill*         0x000000000000a8dc        0x4 
 .text.bqQueueBuffer
                0x000000000000a8e0       0xe0 /opt/devkitpro/libnx/lib/libnx.a(buffer_producer.o)
                0x000000000000a8e0                bqQueueBuffer
 .text.bqCancelBuffer
                0x000000000000a9c0       0x90 /opt/devkitpro/libnx/lib/libnx.a(buffer_producer.o)
                0x000000000000a9c0                bqCancelBuffer
 .text.bqConnect
                0x000000000000aa50       0xe4 /opt/devkitpro/libnx/lib/libnx.a(buffer_producer.o)
                0x000000000000aa50                bqConnect
 *fill*         0x000000000000ab34        0xc 
 .text.bqDisconnect
                0x000000000000ab40       0x9c /opt/devkitpro/libnx/lib/libnx.a(buffer_producer.o)
                0x000000000000ab40                bqDisconnect
 *fill*         0x000000000000abdc        0x4 
 .text.bqSetPreallocatedBuffer
                0x000000000000abe0       0xb4 /opt/devkitpro/libnx/lib/libnx.a(buffer_producer.o)
                0x000000000000abe0                bqSetPreallocatedBuffer
 *fill*         0x000000000000ac94        0xc 
 .text._binderTransactParcelAuto
                0x000000000000aca0      0x248 /opt/devkitpro/libnx/lib/libnx.a(binder.o)
 *fill*         0x000000000000aee8        0x8 
 .text.ipcQueryPointerBufferSize
                0x000000000000aef0       0xc8 /opt/devkitpro/libnx/lib/libnx.a(binder.o)
 *fill*         0x000000000000afb8        0x8 
 .text._binderTransactParcel
                0x000000000000afc0      0x138 /opt/devkitpro/libnx/lib/libnx.a(binder.o)
 *fill*         0x000000000000b0f8        0x8 
 .text.binderCreate
                0x000000000000b100       0x14 /opt/devkitpro/libnx/lib/libnx.a(binder.o)
                0x000000000000b100                binderCreate
 *fill*         0x000000000000b114        0xc 
 .text.binderTransactParcel
                0x000000000000b120       0x10 /opt/devkitpro/libnx/lib/libnx.a(binder.o)
                0x000000000000b120                binderTransactParcel
 .text.binderConvertErrorCode
                0x000000000000b130      0x124 /opt/devkitpro/libnx/lib/libnx.a(binder.o)
                0x000000000000b130                binderConvertErrorCode
 *fill*         0x000000000000b254        0xc 
 .text.binderAdjustRefcount
                0x000000000000b260       0xe8 /opt/devkitpro/libnx/lib/libnx.a(binder.o)
                0x000000000000b260                binderAdjustRefcount
 *fill*         0x000000000000b348        0x8 
 .text.binderClose
                0x000000000000b350       0x74 /opt/devkitpro/libnx/lib/libnx.a(binder.o)
                0x000000000000b350                binderClose
 *fill*         0x000000000000b3c4        0xc 
 .text.binderInitSession
                0x000000000000b3d0       0xc4 /opt/devkitpro/libnx/lib/libnx.a(binder.o)
                0x000000000000b3d0                binderInitSession
 *fill*         0x000000000000b494        0xc 
 .text.binderGetNativeHandle
                0x000000000000b4a0      0x144 /opt/devkitpro/libnx/lib/libnx.a(binder.o)
                0x000000000000b4a0                binderGetNativeHandle
 *fill*         0x000000000000b5e4        0xc 
 .text.parcelCreate
                0x000000000000b5f0       0x28 /opt/devkitpro/libnx/lib/libnx.a(parcel.o)
                0x000000000000b5f0                parcelCreate
 *fill*         0x000000000000b618        0x8 
 .text.parcelTransact
                0x000000000000b620      0x19c /opt/devkitpro/libnx/lib/libnx.a(parcel.o)
                0x000000000000b620                parcelTransact
 *fill*         0x000000000000b7bc        0x4 
 .text.parcelWriteData
                0x000000000000b7c0       0x88 /opt/devkitpro/libnx/lib/libnx.a(parcel.o)
                0x000000000000b7c0                parcelWriteData
 *fill*         0x000000000000b848        0x8 
 .text.parcelReadData
                0x000000000000b850       0x98 /opt/devkitpro/libnx/lib/libnx.a(parcel.o)
                0x000000000000b850                parcelReadData
 *fill*         0x000000000000b8e8        0x8 
 .text.parcelWriteInt32
                0x000000000000b8f0       0x20 /opt/devkitpro/libnx/lib/libnx.a(parcel.o)
                0x000000000000b8f0                parcelWriteInt32
 .text.parcelWriteUInt32
                0x000000000000b910       0x20 /opt/devkitpro/libnx/lib/libnx.a(parcel.o)
                0x000000000000b910                parcelWriteUInt32
 .text.parcelWriteString16
                0x000000000000b930       0x80 /opt/devkitpro/libnx/lib/libnx.a(parcel.o)
                0x000000000000b930                parcelWriteString16
 .text.parcelWriteInterfaceToken
                0x000000000000b9b0       0x30 /opt/devkitpro/libnx/lib/libnx.a(parcel.o)
                0x000000000000b9b0                parcelWriteInterfaceToken
 .text.parcelReadInt32
                0x000000000000b9e0       0x24 /opt/devkitpro/libnx/lib/libnx.a(parcel.o)
                0x000000000000b9e0                parcelReadInt32
 *fill*         0x000000000000ba04        0xc 
 .text.parcelReadFlattenedObject
                0x000000000000ba10       0x68 /opt/devkitpro/libnx/lib/libnx.a(parcel.o)
                0x000000000000ba10                parcelReadFlattenedObject
 *fill*         0x000000000000ba78        0x8 
 .text.parcelWriteFlattenedObject
                0x000000000000ba80       0x44 /opt/devkitpro/libnx/lib/libnx.a(parcel.o)
                0x000000000000ba80                parcelWriteFlattenedObject
 *fill*         0x000000000000bac4        0xc 
 .text.__nx_dynamic
                0x000000000000bad0       0xa0 /opt/devkitpro/libnx/lib/libnx.a(dynamic.o)
                0x000000000000bad0                __nx_dynamic
 .text.__libnx_initheap
                0x000000000000bb70       0xd8 /opt/devkitpro/libnx/lib/libnx.a(init.o)
                0x000000000000bb70                __libnx_initheap
 *fill*         0x000000000000bc48        0x8 
 .text.__appInit
                0x000000000000bc50       0x90 /opt/devkitpro/libnx/lib/libnx.a(init.o)
                0x000000000000bc50                __appInit
 .text.__appExit
                0x000000000000bce0       0x34 /opt/devkitpro/libnx/lib/libnx.a(init.o)
                0x000000000000bce0                __appExit
 *fill*         0x000000000000bd14        0xc 
 .text.__libnx_init
                0x000000000000bd20       0x28 /opt/devkitpro/libnx/lib/libnx.a(init.o)
                0x000000000000bd20                __libnx_init
 *fill*         0x000000000000bd48        0x8 
 .text.__libnx_exit
                0x000000000000bd50       0x20 /opt/devkitpro/libnx/lib/libnx.a(init.o)
                0x000000000000bd50                __libnx_exit
 .text.nxlinkSetup
                0x000000000000bd70       0xc4 /opt/devkitpro/libnx/lib/libnx.a(nxlink.o)
                0x000000000000bd70                nxlinkSetup
 *fill*         0x000000000000be34        0xc 
 .text.envSetup
                0x000000000000be40      0x1b0 /opt/devkitpro/libnx/lib/libnx.a(env.o)
                0x000000000000be40                envSetup
 .text.envGetMainThreadHandle
                0x000000000000bff0       0x20 /opt/devkitpro/libnx/lib/libnx.a(env.o)
                0x000000000000bff0                envGetMainThreadHandle
 .text.envIsNso
                0x000000000000c010        0xc /opt/devkitpro/libnx/lib/libnx.a(env.o)
                0x000000000000c010                envIsNso
 *fill*         0x000000000000c01c        0x4 
 .text.envHasHeapOverride
                0x000000000000c020       0x14 /opt/devkitpro/libnx/lib/libnx.a(env.o)
                0x000000000000c020                envHasHeapOverride
 *fill*         0x000000000000c034        0xc 
 .text.envGetHeapOverrideAddr
                0x000000000000c040        0xc /opt/devkitpro/libnx/lib/libnx.a(env.o)
                0x000000000000c040                envGetHeapOverrideAddr
 *fill*         0x000000000000c04c        0x4 
 .text.envGetHeapOverrideSize
                0x000000000000c050        0xc /opt/devkitpro/libnx/lib/libnx.a(env.o)
                0x000000000000c050                envGetHeapOverrideSize
 *fill*         0x000000000000c05c        0x4 
 .text.envHasArgv
                0x000000000000c060       0x14 /opt/devkitpro/libnx/lib/libnx.a(env.o)
                0x000000000000c060                envHasArgv
 *fill*         0x000000000000c074        0xc 
 .text.envGetArgv
                0x000000000000c080        0xc /opt/devkitpro/libnx/lib/libnx.a(env.o)
                0x000000000000c080                envGetArgv
 *fill*         0x000000000000c08c        0x4 
 .text.envGetExitFuncPtr
                0x000000000000c090        0xc /opt/devkitpro/libnx/lib/libnx.a(env.o)
                0x000000000000c090                envGetExitFuncPtr
 *fill*         0x000000000000c09c        0x4 
 .text.mutexInit
                0x000000000000c0a0        0x8 /opt/devkitpro/libnx/lib/libnx.a(newlib.o)
 *fill*         0x000000000000c0a8        0x8 
 .text.rmutexInit
                0x000000000000c0b0        0xc /opt/devkitpro/libnx/lib/libnx.a(newlib.o)
 *fill*         0x000000000000c0bc        0x4 
 .text.__libnx_gtod
                0x000000000000c0c0       0x8c /opt/devkitpro/libnx/lib/libnx.a(newlib.o)
                0x000000000000c0c0                __libnx_gtod
 *fill*         0x000000000000c14c        0x4 
 .text.__libnx_clock_settime
                0x000000000000c150       0x20 /opt/devkitpro/libnx/lib/libnx.a(newlib.o)
                0x000000000000c150                __libnx_clock_settime
 .text.__libnx_nanosleep
                0x000000000000c170       0x28 /opt/devkitpro/libnx/lib/libnx.a(newlib.o)
                0x000000000000c170                __libnx_nanosleep
 *fill*         0x000000000000c198        0x8 
 .text.__libnx_get_reent
                0x000000000000c1a0       0x34 /opt/devkitpro/libnx/lib/libnx.a(newlib.o)
 *fill*         0x000000000000c1d4        0xc 
 .text.__libnx_clock_gettime
                0x000000000000c1e0       0xd0 /opt/devkitpro/libnx/lib/libnx.a(newlib.o)
                0x000000000000c1e0                __libnx_clock_gettime
 .text.__libnx_clock_getres
                0x000000000000c2b0       0x58 /opt/devkitpro/libnx/lib/libnx.a(newlib.o)
                0x000000000000c2b0                __libnx_clock_getres
 *fill*         0x000000000000c308        0x8 
 .text.__libnx_init_time
                0x000000000000c310       0x54 /opt/devkitpro/libnx/lib/libnx.a(newlib.o)
                0x000000000000c310                __libnx_init_time
 *fill*         0x000000000000c364        0xc 
 .text.newlibSetup
                0x000000000000c370      0x118 /opt/devkitpro/libnx/lib/libnx.a(newlib.o)
                0x000000000000c370                newlibSetup
 *fill*         0x000000000000c488        0x8 
 .text.fsdev_link
                0x000000000000c490       0x10 /opt/devkitpro/libnx/lib/libnx.a(fs_dev.o)
 .text.fsdev_dirreset
                0x000000000000c4a0       0x10 /opt/devkitpro/libnx/lib/libnx.a(fs_dev.o)
 .text.fsdev_chmod
                0x000000000000c4b0       0x10 /opt/devkitpro/libnx/lib/libnx.a(fs_dev.o)
 .text.error_cmp
                0x000000000000c4c0       0x1c /opt/devkitpro/libnx/lib/libnx.a(fs_dev.o)
 *fill*         0x000000000000c4dc        0x4 
 .text.fsdev_translate_error
                0x000000000000c4e0       0x58 /opt/devkitpro/libnx/lib/libnx.a(fs_dev.o)
 *fill*         0x000000000000c538        0x8 
 .text.fsdev_fsync
                0x000000000000c540       0x40 /opt/devkitpro/libnx/lib/libnx.a(fs_dev.o)
 .text.fsdev_ftruncate
                0x000000000000c580       0x60 /opt/devkitpro/libnx/lib/libnx.a(fs_dev.o)
 .text.fsdev_dirclose
                0x000000000000c5e0       0x20 /opt/devkitpro/libnx/lib/libnx.a(fs_dev.o)
 .text.fsdev_dirnext
                0x000000000000c600      0x16c /opt/devkitpro/libnx/lib/libnx.a(fs_dev.o)
 *fill*         0x000000000000c76c        0x4 
 .text.fsdev_close
                0x000000000000c770       0x1c /opt/devkitpro/libnx/lib/libnx.a(fs_dev.o)
 *fill*         0x000000000000c78c        0x4 
 .text.fsdev_fstat
                0x000000000000c790       0x80 /opt/devkitpro/libnx/lib/libnx.a(fs_dev.o)
 .text.fsdev_seek
                0x000000000000c810       0xb0 /opt/devkitpro/libnx/lib/libnx.a(fs_dev.o)
 .text.fsdev_read
                0x000000000000c8c0      0x198 /opt/devkitpro/libnx/lib/libnx.a(fs_dev.o)
 *fill*         0x000000000000ca58        0x8 
 .text.fsdev_write
                0x000000000000ca60      0x1a0 /opt/devkitpro/libnx/lib/libnx.a(fs_dev.o)
 .text.fsdevFindDevice
                0x000000000000cc00      0x120 /opt/devkitpro/libnx/lib/libnx.a(fs_dev.o)
 .text._fsdevMountDevice
                0x000000000000cd20      0x168 /opt/devkitpro/libnx/lib/libnx.a(fs_dev.o)
 *fill*         0x000000000000ce88        0x8 
 .text.fsdev_getfspath
                0x000000000000ce90      0x1fc /opt/devkitpro/libnx/lib/libnx.a(fs_dev.o)
 *fill*         0x000000000000d08c        0x4 
 .text.fsdev_rmdir
                0x000000000000d090       0x70 /opt/devkitpro/libnx/lib/libnx.a(fs_dev.o)
 .text.fsdev_statvfs
                0x000000000000d100       0xd4 /opt/devkitpro/libnx/lib/libnx.a(fs_dev.o)
 *fill*         0x000000000000d1d4        0xc 
 .text.fsdev_diropen
                0x000000000000d1e0       0xec /opt/devkitpro/libnx/lib/libnx.a(fs_dev.o)
 *fill*         0x000000000000d2cc        0x4 
 .text.fsdev_mkdir
                0x000000000000d2d0       0x70 /opt/devkitpro/libnx/lib/libnx.a(fs_dev.o)
 .text.fsdev_rename
                0x000000000000d340      0x114 /opt/devkitpro/libnx/lib/libnx.a(fs_dev.o)
 *fill*         0x000000000000d454        0xc 
 .text.fsdev_chdir
                0x000000000000d460       0xe8 /opt/devkitpro/libnx/lib/libnx.a(fs_dev.o)
 *fill*         0x000000000000d548        0x8 
 .text.fsdev_unlink
                0x000000000000d550       0x70 /opt/devkitpro/libnx/lib/libnx.a(fs_dev.o)
 .text.fsdev_stat
                0x000000000000d5c0      0x168 /opt/devkitpro/libnx/lib/libnx.a(fs_dev.o)
 *fill*         0x000000000000d728        0x8 
 .text.fsdev_open
                0x000000000000d730      0x180 /opt/devkitpro/libnx/lib/libnx.a(fs_dev.o)
 .text._fsdevUnmountDeviceStruct.part.4
                0x000000000000d8b0       0xb8 /opt/devkitpro/libnx/lib/libnx.a(fs_dev.o)
 *fill*         0x000000000000d968        0x8 
 .text.fsdev_fchmod
                0x000000000000d970       0x10 /opt/devkitpro/libnx/lib/libnx.a(fs_dev.o)
 .text.fsdevMountSdmc
                0x000000000000d980      0x158 /opt/devkitpro/libnx/lib/libnx.a(fs_dev.o)
                0x000000000000d980                fsdevMountSdmc
 *fill*         0x000000000000dad8        0x8 
 .text.fsdevUnmountAll
                0x000000000000dae0       0x64 /opt/devkitpro/libnx/lib/libnx.a(fs_dev.o)
                0x000000000000dae0                fsdevUnmountAll
 *fill*         0x000000000000db44        0xc 
 .text.decode_utf8
                0x000000000000db50      0x12c /opt/devkitpro/libnx/lib/libnx.a(decode_utf8.o)
                0x000000000000db50                decode_utf8
 *fill*         0x000000000000dc7c        0x4 
 .text.tmemCreate
                0x000000000000dc80       0xa8 /opt/devkitpro/libnx/lib/libnx.a(tmem.o)
                0x000000000000dc80                tmemCreate
 *fill*         0x000000000000dd28        0x8 
 .text.tmemUnmap
                0x000000000000dd30       0x58 /opt/devkitpro/libnx/lib/libnx.a(tmem.o)
                0x000000000000dd30                tmemUnmap
 *fill*         0x000000000000dd88        0x8 
 .text.tmemClose
                0x000000000000dd90       0x68 /opt/devkitpro/libnx/lib/libnx.a(tmem.o)
                0x000000000000dd90                tmemClose
 *fill*         0x000000000000ddf8        0x8 
 .text.ipcCloseObjectById
                0x000000000000de00       0x34 /opt/devkitpro/libnx/lib/libnx.a(time.o)
 *fill*         0x000000000000de34        0xc 
 .text._timeGetSession
                0x000000000000de40      0x12c /opt/devkitpro/libnx/lib/libnx.a(time.o)
 *fill*         0x000000000000df6c        0x4 
 .text.timeExit
                0x000000000000df70      0x1ec /opt/devkitpro/libnx/lib/libnx.a(time.o)
                0x000000000000df70                timeExit
 *fill*         0x000000000000e15c        0x4 
 .text.timeInitialize
                0x000000000000e160       0xd8 /opt/devkitpro/libnx/lib/libnx.a(time.o)
                0x000000000000e160                timeInitialize
 *fill*         0x000000000000e238        0x8 
 .text.timeGetCurrentTime
                0x000000000000e240      0x124 /opt/devkitpro/libnx/lib/libnx.a(time.o)
                0x000000000000e240                timeGetCurrentTime
 *fill*         0x000000000000e364        0xc 
 .text.ipcCloseObjectById
                0x000000000000e370       0x34 /opt/devkitpro/libnx/lib/libnx.a(fs.o)
 *fill*         0x000000000000e3a4        0xc 
 .text.fsInitialize
                0x000000000000e3b0      0x124 /opt/devkitpro/libnx/lib/libnx.a(fs.o)
                0x000000000000e3b0                fsInitialize
 *fill*         0x000000000000e4d4        0xc 
 .text.fsExit   0x000000000000e4e0       0x9c /opt/devkitpro/libnx/lib/libnx.a(fs.o)
                0x000000000000e4e0                fsExit
 *fill*         0x000000000000e57c        0x4 
 .text.fsMountSdcard
                0x000000000000e580      0x134 /opt/devkitpro/libnx/lib/libnx.a(fs.o)
                0x000000000000e580                fsMountSdcard
 *fill*         0x000000000000e6b4        0xc 
 .text.fsFsCreateFile
                0x000000000000e6c0       0xf4 /opt/devkitpro/libnx/lib/libnx.a(fs.o)
                0x000000000000e6c0                fsFsCreateFile
 *fill*         0x000000000000e7b4        0xc 
 .text.fsFsDeleteFile
                0x000000000000e7c0       0xf0 /opt/devkitpro/libnx/lib/libnx.a(fs.o)
                0x000000000000e7c0                fsFsDeleteFile
 .text.fsFsCreateDirectory
                0x000000000000e8b0       0xf0 /opt/devkitpro/libnx/lib/libnx.a(fs.o)
                0x000000000000e8b0                fsFsCreateDirectory
 .text.fsFsDeleteDirectory
                0x000000000000e9a0       0xf0 /opt/devkitpro/libnx/lib/libnx.a(fs.o)
                0x000000000000e9a0                fsFsDeleteDirectory
 .text.fsFsRenameFile
                0x000000000000ea90      0x11c /opt/devkitpro/libnx/lib/libnx.a(fs.o)
                0x000000000000ea90                fsFsRenameFile
 *fill*         0x000000000000ebac        0x4 
 .text.fsFsRenameDirectory
                0x000000000000ebb0      0x11c /opt/devkitpro/libnx/lib/libnx.a(fs.o)
                0x000000000000ebb0                fsFsRenameDirectory
 *fill*         0x000000000000eccc        0x4 
 .text.fsFsGetEntryType
                0x000000000000ecd0      0x104 /opt/devkitpro/libnx/lib/libnx.a(fs.o)
                0x000000000000ecd0                fsFsGetEntryType
 *fill*         0x000000000000edd4        0xc 
 .text.fsFsOpenFile
                0x000000000000ede0      0x154 /opt/devkitpro/libnx/lib/libnx.a(fs.o)
                0x000000000000ede0                fsFsOpenFile
 *fill*         0x000000000000ef34        0xc 
 .text.fsFsOpenDirectory
                0x000000000000ef40      0x14c /opt/devkitpro/libnx/lib/libnx.a(fs.o)
                0x000000000000ef40                fsFsOpenDirectory
 *fill*         0x000000000000f08c        0x4 
 .text.fsFsGetFreeSpace
                0x000000000000f090      0x104 /opt/devkitpro/libnx/lib/libnx.a(fs.o)
                0x000000000000f090                fsFsGetFreeSpace
 *fill*         0x000000000000f194        0xc 
 .text.fsFsGetTotalSpace
                0x000000000000f1a0      0x104 /opt/devkitpro/libnx/lib/libnx.a(fs.o)
                0x000000000000f1a0                fsFsGetTotalSpace
 *fill*         0x000000000000f2a4        0xc 
 .text.fsFsClose
                0x000000000000f2b0       0x6c /opt/devkitpro/libnx/lib/libnx.a(fs.o)
                0x000000000000f2b0                fsFsClose
 *fill*         0x000000000000f31c        0x4 
 .text.fsFileRead
                0x000000000000f320      0x108 /opt/devkitpro/libnx/lib/libnx.a(fs.o)
                0x000000000000f320                fsFileRead
 *fill*         0x000000000000f428        0x8 
 .text.fsFileWrite
                0x000000000000f430       0xf8 /opt/devkitpro/libnx/lib/libnx.a(fs.o)
                0x000000000000f430                fsFileWrite
 *fill*         0x000000000000f528        0x8 
 .text.fsFileFlush
                0x000000000000f530       0xc8 /opt/devkitpro/libnx/lib/libnx.a(fs.o)
                0x000000000000f530                fsFileFlush
 *fill*         0x000000000000f5f8        0x8 
 .text.fsFileSetSize
                0x000000000000f600       0xc8 /opt/devkitpro/libnx/lib/libnx.a(fs.o)
                0x000000000000f600                fsFileSetSize
 *fill*         0x000000000000f6c8        0x8 
 .text.fsFileGetSize
                0x000000000000f6d0       0xec /opt/devkitpro/libnx/lib/libnx.a(fs.o)
                0x000000000000f6d0                fsFileGetSize
 *fill*         0x000000000000f7bc        0x4 
 .text.fsFileClose
                0x000000000000f7c0       0x6c /opt/devkitpro/libnx/lib/libnx.a(fs.o)
                0x000000000000f7c0                fsFileClose
 *fill*         0x000000000000f82c        0x4 
 .text.fsDirClose
                0x000000000000f830       0x6c /opt/devkitpro/libnx/lib/libnx.a(fs.o)
                0x000000000000f830                fsDirClose
 *fill*         0x000000000000f89c        0x4 
 .text.fsDirRead
                0x000000000000f8a0      0x110 /opt/devkitpro/libnx/lib/libnx.a(fs.o)
                0x000000000000f8a0                fsDirRead
 .text.bsearch  0x000000000000f9b0       0xb8 /opt/devkitpro/devkitA64/bin/../lib/gcc/aarch64-none-elf/8.2.0/../../../../aarch64-none-elf/lib/pic/libg.a(lib_a-bsearch.o)
                0x000000000000f9b0                bsearch
 .text.difftime
                0x000000000000fa68        0xc /opt/devkitpro/devkitA64/bin/../lib/gcc/aarch64-none-elf/8.2.0/../../../../aarch64-none-elf/lib/pic/libg.a(lib_a-difftime.o)
                0x000000000000fa68                difftime
 *fill*         0x000000000000fa74        0x4 
 .text.__errno  0x000000000000fa78       0x14 /opt/devkitpro/devkitA64/bin/../lib/gcc/aarch64-none-elf/8.2.0/../../../../aarch64-none-elf/lib/pic/libg.a(lib_a-errno.o)
                0x000000000000fa78                __errno
 *fill*         0x000000000000fa8c        0x4 
 .text._fclose_r
                0x000000000000fa90      0x15c /opt/devkitpro/devkitA64/bin/../lib/gcc/aarch64-none-elf/8.2.0/../../../../aarch64-none-elf/lib/pic/libg.a(lib_a-fclose.o)
                0x000000000000fa90                _fclose_r
 *fill*         0x000000000000fbec        0x4 
 .text.fclose   0x000000000000fbf0       0x1c /opt/devkitpro/devkitA64/bin/../lib/gcc/aarch64-none-elf/8.2.0/../../../../aarch64-none-elf/lib/pic/libg.a(lib_a-fclose.o)
                0x000000000000fbf0                fclose
 *fill*         0x000000000000fc0c        0x4 
 .text.__sflush_r
                0x000000000000fc10      0x214 /opt/devkitpro/devkitA64/bin/../lib/gcc/aarch64-none-elf/8.2.0/../../../../aarch64-none-elf/lib/pic/libg.a(lib_a-fflush.o)
                0x000000000000fc10                __sflush_r
 *fill*         0x000000000000fe24        0x4 
 .text._fflush_r
                0x000000000000fe28       0xb8 /opt/devkitpro/devkitA64/bin/../lib/gcc/aarch64-none-elf/8.2.0/../../../../aarch64-none-elf/lib/pic/libg.a(lib_a-fflush.o)
                0x000000000000fe28                _fflush_r
 .text.fflush   0x000000000000fee0       0x40 /opt/devkitpro/devkitA64/bin/../lib/gcc/aarch64-none-elf/8.2.0/../../../../aarch64-none-elf/lib/pic/libg.a(lib_a-fflush.o)
                0x000000000000fee0                fflush
 .text.std      0x000000000000ff20       0x78 /opt/devkitpro/devkitA64/bin/../lib/gcc/aarch64-none-elf/8.2.0/../../../../aarch64-none-elf/lib/pic/libg.a(lib_a-findfp.o)
 .text._cleanup_r
                0x000000000000ff98        0xc /opt/devkitpro/devkitA64/bin/../lib/gcc/aarch64-none-elf/8.2.0/../../../../aarch64-none-elf/lib/pic/libg.a(lib_a-findfp.o)
                0x000000000000ff98                _cleanup_r
 *fill*         0x000000000000ffa4        0x4 
 .text.__sfmoreglue
                0x000000000000ffa8       0x60 /opt/devkitpro/devkitA64/bin/../lib/gcc/aarch64-none-elf/8.2.0/../../../../aarch64-none-elf/lib/pic/libg.a(lib_a-findfp.o)
                0x000000000000ffa8                __sfmoreglue
 .text.__sfp_lock_acquire
                0x0000000000010008        0xc /opt/devkitpro/devkitA64/bin/../lib/gcc/aarch64-none-elf/8.2.0/../../../../aarch64-none-elf/lib/pic/libg.a(lib_a-findfp.o)
                0x0000000000010008                __sfp_lock_acquire
 *fill*         0x0000000000010014        0x4 
 .text.__sfp_lock_release
                0x0000000000010018        0xc /opt/devkitpro/devkitA64/bin/../lib/gcc/aarch64-none-elf/8.2.0/../../../../aarch64-none-elf/lib/pic/libg.a(lib_a-findfp.o)
                0x0000000000010018                __sfp_lock_release
 *fill*         0x0000000000010024        0x4 
 .text.__sinit_lock_acquire
                0x0000000000010028        0xc /opt/devkitpro/devkitA64/bin/../lib/gcc/aarch64-none-elf/8.2.0/../../../../aarch64-none-elf/lib/pic/libg.a(lib_a-findfp.o)
                0x0000000000010028                __sinit_lock_acquire
 *fill*         0x0000000000010034        0x4 
 .text.__sinit_lock_release
                0x0000000000010038        0xc /opt/devkitpro/devkitA64/bin/../lib/gcc/aarch64-none-elf/8.2.0/../../../../aarch64-none-elf/lib/pic/libg.a(lib_a-findfp.o)
                0x0000000000010038                __sinit_lock_release
 *fill*         0x0000000000010044        0x4 
 .text.__sinit  0x0000000000010048       0x80 /opt/devkitpro/devkitA64/bin/../lib/gcc/aarch64-none-elf/8.2.0/../../../../aarch64-none-elf/lib/pic/libg.a(lib_a-findfp.o)
                0x0000000000010048                __sinit
 .text.__sfp    0x00000000000100c8      0x118 /opt/devkitpro/devkitA64/bin/../lib/gcc/aarch64-none-elf/8.2.0/../../../../aarch64-none-elf/lib/pic/libg.a(lib_a-findfp.o)
                0x00000000000100c8                __sfp
 .text.__libc_fini_array
                0x00000000000101e0       0x44 /opt/devkitpro/devkitA64/bin/../lib/gcc/aarch64-none-elf/8.2.0/../../../../aarch64-none-elf/lib/pic/libg.a(lib_a-fini.o)
                0x00000000000101e0                __libc_fini_array
 *fill*         0x0000000000010224        0x4 
 .text._fopen_r
                0x0000000000010228      0x130 /opt/devkitpro/devkitA64/bin/../lib/gcc/aarch64-none-elf/8.2.0/../../../../aarch64-none-elf/lib/pic/libg.a(lib_a-fopen.o)
                0x0000000000010228                _fopen_r
 .text.fopen    0x0000000000010358       0x30 /opt/devkitpro/devkitA64/bin/../lib/gcc/aarch64-none-elf/8.2.0/../../../../aarch64-none-elf/lib/pic/libg.a(lib_a-fopen.o)
                0x0000000000010358                fopen
 .text._fread_r
                0x0000000000010388      0x328 /opt/devkitpro/devkitA64/bin/../lib/gcc/aarch64-none-elf/8.2.0/../../../../aarch64-none-elf/lib/pic/libg.a(lib_a-fread.o)
                0x0000000000010388                _fread_r
 .text.fread    0x00000000000106b0       0x40 /opt/devkitpro/devkitA64/bin/../lib/gcc/aarch64-none-elf/8.2.0/../../../../aarch64-none-elf/lib/pic/libg.a(lib_a-fread.o)
                0x00000000000106b0                fread
 .text._malloc_trim_r
                0x00000000000106f0      0x118 /opt/devkitpro/devkitA64/bin/../lib/gcc/aarch64-none-elf/8.2.0/../../../../aarch64-none-elf/lib/pic/libg.a(lib_a-freer.o)
                0x00000000000106f0                _malloc_trim_r
 .text._free_r  0x0000000000010808      0x2f4 /opt/devkitpro/devkitA64/bin/../lib/gcc/aarch64-none-elf/8.2.0/../../../../aarch64-none-elf/lib/pic/libg.a(lib_a-freer.o)
                0x0000000000010808                _free_r
 *fill*         0x0000000000010afc        0x4 
 .text._fseek_r
                0x0000000000010b00        0x4 /opt/devkitpro/devkitA64/bin/../lib/gcc/aarch64-none-elf/8.2.0/../../../../aarch64-none-elf/lib/pic/libg.a(lib_a-fseek.o)
                0x0000000000010b00                _fseek_r
 *fill*         0x0000000000010b04        0x4 
 .text.fseek    0x0000000000010b08       0x3c /opt/devkitpro/devkitA64/bin/../lib/gcc/aarch64-none-elf/8.2.0/../../../../aarch64-none-elf/lib/pic/libg.a(lib_a-fseek.o)
                0x0000000000010b08                fseek
 *fill*         0x0000000000010b44        0x4 
 .text._fseeko_r
                0x0000000000010b48      0x4c4 /opt/devkitpro/devkitA64/bin/../lib/gcc/aarch64-none-elf/8.2.0/../../../../aarch64-none-elf/lib/pic/libg.a(lib_a-fseeko.o)
                0x0000000000010b48                _fseeko_r
 *fill*         0x000000000001100c        0x4 
 .text._ftell_r
                0x0000000000011010        0x4 /opt/devkitpro/devkitA64/bin/../lib/gcc/aarch64-none-elf/8.2.0/../../../../aarch64-none-elf/lib/pic/libg.a(lib_a-ftell.o)
                0x0000000000011010                _ftell_r
 *fill*         0x0000000000011014        0x4 
 .text.ftell    0x0000000000011018       0x1c /opt/devkitpro/devkitA64/bin/../lib/gcc/aarch64-none-elf/8.2.0/../../../../aarch64-none-elf/lib/pic/libg.a(lib_a-ftell.o)
                0x0000000000011018                ftell
 *fill*         0x0000000000011034        0x4 
 .text._ftello_r
                0x0000000000011038      0x164 /opt/devkitpro/devkitA64/bin/../lib/gcc/aarch64-none-elf/8.2.0/../../../../aarch64-none-elf/lib/pic/libg.a(lib_a-ftello.o)
                0x0000000000011038                _ftello_r
 *fill*         0x000000000001119c        0x4 
 .text._fwalk   0x00000000000111a0       0xb8 /opt/devkitpro/devkitA64/bin/../lib/gcc/aarch64-none-elf/8.2.0/../../../../aarch64-none-elf/lib/pic/libg.a(lib_a-fwalk.o)
                0x00000000000111a0                _fwalk
 .text._fwalk_reent
                0x0000000000011258       0xbc /opt/devkitpro/devkitA64/bin/../lib/gcc/aarch64-none-elf/8.2.0/../../../../aarch64-none-elf/lib/pic/libg.a(lib_a-fwalk.o)
                0x0000000000011258                _fwalk_reent
 *fill*         0x0000000000011314        0x4 
 .text.gmtime   0x0000000000011318       0x28 /opt/devkitpro/devkitA64/bin/../lib/gcc/aarch64-none-elf/8.2.0/../../../../aarch64-none-elf/lib/pic/libg.a(lib_a-gmtime.o)
                0x0000000000011318                gmtime
 .text.gmtime_r
                0x0000000000011340      0x290 /opt/devkitpro/devkitA64/bin/../lib/gcc/aarch64-none-elf/8.2.0/../../../../aarch64-none-elf/lib/pic/libg.a(lib_a-gmtime_r.o)
                0x0000000000011340                gmtime_r
 .text.__libc_init_array
                0x00000000000115d0       0x8c /opt/devkitpro/devkitA64/bin/../lib/gcc/aarch64-none-elf/8.2.0/../../../../aarch64-none-elf/lib/pic/libg.a(lib_a-init.o)
                0x00000000000115d0                __libc_init_array
 *fill*         0x000000000001165c        0x4 
 .text.__locale_mb_cur_max
                0x0000000000011660       0x2c /opt/devkitpro/devkitA64/bin/../lib/gcc/aarch64-none-elf/8.2.0/../../../../aarch64-none-elf/lib/pic/libg.a(lib_a-locale.o)
                0x0000000000011660                __locale_mb_cur_max
 *fill*         0x000000000001168c        0x4 
 .text.__locale_ctype_ptr_l
                0x0000000000011690        0x8 /opt/devkitpro/devkitA64/bin/../lib/gcc/aarch64-none-elf/8.2.0/../../../../aarch64-none-elf/lib/pic/libg.a(lib_a-locale.o)
                0x0000000000011690                __locale_ctype_ptr_l
 .text.__locale_ctype_ptr
                0x0000000000011698       0x2c /opt/devkitpro/devkitA64/bin/../lib/gcc/aarch64-none-elf/8.2.0/../../../../aarch64-none-elf/lib/pic/libg.a(lib_a-locale.o)
                0x0000000000011698                __locale_ctype_ptr
 *fill*         0x00000000000116c4        0x4 
 .text.__swhatbuf_r
                0x00000000000116c8       0xa4 /opt/devkitpro/devkitA64/bin/../lib/gcc/aarch64-none-elf/8.2.0/../../../../aarch64-none-elf/lib/pic/libg.a(lib_a-makebuf.o)
                0x00000000000116c8                __swhatbuf_r
 *fill*         0x000000000001176c        0x4 
 .text.__smakebuf_r
                0x0000000000011770      0x10c /opt/devkitpro/devkitA64/bin/../lib/gcc/aarch64-none-elf/8.2.0/../../../../aarch64-none-elf/lib/pic/libg.a(lib_a-makebuf.o)
                0x0000000000011770                __smakebuf_r
 *fill*         0x000000000001187c        0x4 
 .text.memalign
                0x0000000000011880       0x30 /opt/devkitpro/devkitA64/bin/../lib/gcc/aarch64-none-elf/8.2.0/../../../../aarch64-none-elf/lib/pic/libg.a(lib_a-malign.o)
                0x0000000000011880                memalign
 .text._memalign_r
                0x00000000000118b0      0x198 /opt/devkitpro/devkitA64/bin/../lib/gcc/aarch64-none-elf/8.2.0/../../../../aarch64-none-elf/lib/pic/libg.a(lib_a-malignr.o)
                0x00000000000118b0                _memalign_r
 .text.malloc   0x0000000000011a48       0x1c /opt/devkitpro/devkitA64/bin/../lib/gcc/aarch64-none-elf/8.2.0/../../../../aarch64-none-elf/lib/pic/libg.a(lib_a-malloc.o)
                0x0000000000011a48                malloc
 *fill*         0x0000000000011a64        0x4 
 .text.free     0x0000000000011a68       0x1c /opt/devkitpro/devkitA64/bin/../lib/gcc/aarch64-none-elf/8.2.0/../../../../aarch64-none-elf/lib/pic/libg.a(lib_a-malloc.o)
                0x0000000000011a68                free
 *fill*         0x0000000000011a84        0x4 
 .text._malloc_r
                0x0000000000011a88      0x844 /opt/devkitpro/devkitA64/bin/../lib/gcc/aarch64-none-elf/8.2.0/../../../../aarch64-none-elf/lib/pic/libg.a(lib_a-mallocr.o)
                0x0000000000011a88                _malloc_r
 *fill*         0x00000000000122cc        0x4 
 .text.__utf8_mbtowc
                0x00000000000122d0      0x2c8 /opt/devkitpro/devkitA64/bin/../lib/gcc/aarch64-none-elf/8.2.0/../../../../aarch64-none-elf/lib/pic/libg.a(lib_a-mbtowc_r.o)
                0x00000000000122d0                __utf8_mbtowc
 *fill*         0x0000000000012598       0x28 
 .text          0x00000000000125c0      0x16c /opt/devkitpro/devkitA64/bin/../lib/gcc/aarch64-none-elf/8.2.0/../../../../aarch64-none-elf/lib/pic/libg.a(lib_a-memcpy.o)
                0x00000000000125c0                memcpy
 *fill*         0x000000000001272c       0x14 
 .text          0x0000000000012740      0x1d8 /opt/devkitpro/devkitA64/bin/../lib/gcc/aarch64-none-elf/8.2.0/../../../../aarch64-none-elf/lib/pic/libg.a(lib_a-memset.o)
                0x0000000000012740                memset
 .text.__malloc_lock
                0x0000000000012918        0xc /opt/devkitpro/devkitA64/bin/../lib/gcc/aarch64-none-elf/8.2.0/../../../../aarch64-none-elf/lib/pic/libg.a(lib_a-mlock.o)
                0x0000000000012918                __malloc_lock
 *fill*         0x0000000000012924        0x4 
 .text.__malloc_unlock
                0x0000000000012928        0xc /opt/devkitpro/devkitA64/bin/../lib/gcc/aarch64-none-elf/8.2.0/../../../../aarch64-none-elf/lib/pic/libg.a(lib_a-mlock.o)
                0x0000000000012928                __malloc_unlock
 *fill*         0x0000000000012934        0x4 
 .text.printf   0x0000000000012938       0x8c /opt/devkitpro/devkitA64/bin/../lib/gcc/aarch64-none-elf/8.2.0/../../../../aarch64-none-elf/lib/pic/libg.a(lib_a-printf.o)
                0x0000000000012938                printf
 *fill*         0x00000000000129c4        0x4 
 .text._puts_r  0x00000000000129c8       0xd4 /opt/devkitpro/devkitA64/bin/../lib/gcc/aarch64-none-elf/8.2.0/../../../../aarch64-none-elf/lib/pic/libg.a(lib_a-puts.o)
                0x00000000000129c8                _puts_r
 *fill*         0x0000000000012a9c        0x4 
 .text.puts     0x0000000000012aa0       0x1c /opt/devkitpro/devkitA64/bin/../lib/gcc/aarch64-none-elf/8.2.0/../../../../aarch64-none-elf/lib/pic/libg.a(lib_a-puts.o)
                0x0000000000012aa0                puts
 *fill*         0x0000000000012abc        0x4 
 .text.realloc  0x0000000000012ac0       0x30 /opt/devkitpro/devkitA64/bin/../lib/gcc/aarch64-none-elf/8.2.0/../../../../aarch64-none-elf/lib/pic/libg.a(lib_a-realloc.o)
                0x0000000000012ac0                realloc
 .text._realloc_r
                0x0000000000012af0      0x56c /opt/devkitpro/devkitA64/bin/../lib/gcc/aarch64-none-elf/8.2.0/../../../../aarch64-none-elf/lib/pic/libg.a(lib_a-reallocr.o)
                0x0000000000012af0                _realloc_r
 *fill*         0x000000000001305c        0x4 
 .text.lflush   0x0000000000013060       0x20 /opt/devkitpro/devkitA64/bin/../lib/gcc/aarch64-none-elf/8.2.0/../../../../aarch64-none-elf/lib/pic/libg.a(lib_a-refill.o)
 .text.__srefill_r
                0x0000000000013080      0x1d0 /opt/devkitpro/devkitA64/bin/../lib/gcc/aarch64-none-elf/8.2.0/../../../../aarch64-none-elf/lib/pic/libg.a(lib_a-refill.o)
                0x0000000000013080                __srefill_r
 .text.sprintf  0x0000000000013250       0xa8 /opt/devkitpro/devkitA64/bin/../lib/gcc/aarch64-none-elf/8.2.0/../../../../aarch64-none-elf/lib/pic/libg.a(lib_a-sprintf.o)
                0x0000000000013250                sprintf
 .text.__sread  0x00000000000132f8       0x50 /opt/devkitpro/devkitA64/bin/../lib/gcc/aarch64-none-elf/8.2.0/../../../../aarch64-none-elf/lib/pic/libg.a(lib_a-stdio.o)
                0x00000000000132f8                __sread
 .text.__swrite
                0x0000000000013348       0x6c /opt/devkitpro/devkitA64/bin/../lib/gcc/aarch64-none-elf/8.2.0/../../../../aarch64-none-elf/lib/pic/libg.a(lib_a-stdio.o)
                0x0000000000013348                __swrite
 *fill*         0x00000000000133b4        0x4 
 .text.__sseek  0x00000000000133b8       0x50 /opt/devkitpro/devkitA64/bin/../lib/gcc/aarch64-none-elf/8.2.0/../../../../aarch64-none-elf/lib/pic/libg.a(lib_a-stdio.o)
                0x00000000000133b8                __sseek
 .text.__sclose
                0x0000000000013408        0x8 /opt/devkitpro/devkitA64/bin/../lib/gcc/aarch64-none-elf/8.2.0/../../../../aarch64-none-elf/lib/pic/libg.a(lib_a-stdio.o)
                0x0000000000013408                __sclose
 .text          0x0000000000013410       0xdc /opt/devkitpro/devkitA64/bin/../lib/gcc/aarch64-none-elf/8.2.0/../../../../aarch64-none-elf/lib/pic/libg.a(lib_a-strchr.o)
                0x0000000000013410                strchr
 *fill*         0x00000000000134ec       0x14 
 .text          0x0000000000013500       0xa4 /opt/devkitpro/devkitA64/bin/../lib/gcc/aarch64-none-elf/8.2.0/../../../../aarch64-none-elf/lib/pic/libg.a(lib_a-strcmp.o)
                0x0000000000013500                strcmp
 *fill*         0x00000000000135a4       0x1c 
 .text          0x00000000000135c0      0x140 /opt/devkitpro/devkitA64/bin/../lib/gcc/aarch64-none-elf/8.2.0/../../../../aarch64-none-elf/lib/pic/libg.a(lib_a-strlen.o)
                0x00000000000135c0                strlen
 .text.strncat  0x0000000000013700       0x84 /opt/devkitpro/devkitA64/bin/../lib/gcc/aarch64-none-elf/8.2.0/../../../../aarch64-none-elf/lib/pic/libg.a(lib_a-strncat.o)
                0x0000000000013700                strncat
 *fill*         0x0000000000013784       0x3c 
 .text          0x00000000000137c0      0x124 /opt/devkitpro/devkitA64/bin/../lib/gcc/aarch64-none-elf/8.2.0/../../../../aarch64-none-elf/lib/pic/libg.a(lib_a-strncmp.o)
                0x00000000000137dc                strncmp
 *fill*         0x00000000000138e4        0x4 
 .text.strncpy  0x00000000000138e8       0xa8 /opt/devkitpro/devkitA64/bin/../lib/gcc/aarch64-none-elf/8.2.0/../../../../aarch64-none-elf/lib/pic/libg.a(lib_a-strncpy.o)
                0x00000000000138e8                strncpy
 *fill*         0x0000000000013990       0x30 
 .text          0x00000000000139c0       0xe0 /opt/devkitpro/devkitA64/bin/../lib/gcc/aarch64-none-elf/8.2.0/../../../../aarch64-none-elf/lib/pic/libg.a(lib_a-strnlen.o)
                0x00000000000139e4                strnlen
 .text._strtoul_l.isra.0
                0x0000000000013aa0      0x1e0 /opt/devkitpro/devkitA64/bin/../lib/gcc/aarch64-none-elf/8.2.0/../../../../aarch64-none-elf/lib/pic/libg.a(lib_a-strtoul.o)
 .text.strtoul  0x0000000000013c80       0x5c /opt/devkitpro/devkitA64/bin/../lib/gcc/aarch64-none-elf/8.2.0/../../../../aarch64-none-elf/lib/pic/libg.a(lib_a-strtoul.o)
                0x0000000000013c80                strtoul
 .text.get_arg  0x0000000000013cdc      0x76c /opt/devkitpro/devkitA64/bin/../lib/gcc/aarch64-none-elf/8.2.0/../../../../aarch64-none-elf/lib/pic/libg.a(lib_a-svfprintf.o)
 .text._svfprintf_r
                0x0000000000014448     0x3b44 /opt/devkitpro/devkitA64/bin/../lib/gcc/aarch64-none-elf/8.2.0/../../../../aarch64-none-elf/lib/pic/libg.a(lib_a-svfprintf.o)
                0x0000000000014448                _svfprintf_r
 *fill*         0x0000000000017f8c        0x4 
 .text.close    0x0000000000017f90       0x1c /opt/devkitpro/devkitA64/bin/../lib/gcc/aarch64-none-elf/8.2.0/../../../../aarch64-none-elf/lib/pic/libg.a(lib_a-sysclose.o)
                0x0000000000017f90                close
 *fill*         0x0000000000017fac        0x4 
 .text.time     0x0000000000017fb0       0x40 /opt/devkitpro/devkitA64/bin/../lib/gcc/aarch64-none-elf/8.2.0/../../../../aarch64-none-elf/lib/pic/libg.a(lib_a-time.o)
                0x0000000000017fb0                time
 .text.get_arg  0x0000000000017ff0      0x76c /opt/devkitpro/devkitA64/bin/../lib/gcc/aarch64-none-elf/8.2.0/../../../../aarch64-none-elf/lib/pic/libg.a(lib_a-vfprintf.o)
 .text._vfprintf_r
                0x000000000001875c     0x3bfc /opt/devkitpro/devkitA64/bin/../lib/gcc/aarch64-none-elf/8.2.0/../../../../aarch64-none-elf/lib/pic/libg.a(lib_a-vfprintf.o)
                0x000000000001875c                _vfprintf_r
 .text.__sbprintf
                0x000000000001c358       0xec /opt/devkitpro/devkitA64/bin/../lib/gcc/aarch64-none-elf/8.2.0/../../../../aarch64-none-elf/lib/pic/libg.a(lib_a-vfprintf.o)
 *fill*         0x000000000001c444        0x4 
 .text._wcrtomb_r
                0x000000000001c448       0xd0 /opt/devkitpro/devkitA64/bin/../lib/gcc/aarch64-none-elf/8.2.0/../../../../aarch64-none-elf/lib/pic/libg.a(lib_a-wcrtomb.o)
                0x000000000001c448                _wcrtomb_r
 .text._wcsrtombs_r
                0x000000000001c518       0x10 /opt/devkitpro/devkitA64/bin/../lib/gcc/aarch64-none-elf/8.2.0/../../../../aarch64-none-elf/lib/pic/libg.a(lib_a-wcsrtombs.o)
                0x000000000001c518                _wcsrtombs_r
 .text.__utf8_wctomb
                0x000000000001c528       0xe4 /opt/devkitpro/devkitA64/bin/../lib/gcc/aarch64-none-elf/8.2.0/../../../../aarch64-none-elf/lib/pic/libg.a(lib_a-wctomb_r.o)
                0x000000000001c528                __utf8_wctomb
 *fill*         0x000000000001c60c        0x4 
 .text.__swsetup_r
                0x000000000001c610      0x140 /opt/devkitpro/devkitA64/bin/../lib/gcc/aarch64-none-elf/8.2.0/../../../../aarch64-none-elf/lib/pic/libg.a(lib_a-wsetup.o)
                0x000000000001c610                __swsetup_r
 .text.__call_exitprocs
                0x000000000001c750      0x17c /opt/devkitpro/devkitA64/bin/../lib/gcc/aarch64-none-elf/8.2.0/../../../../aarch64-none-elf/lib/pic/libg.a(lib_a-__call_atexit.o)
                0x000000000001c750                __call_exitprocs
 *fill*         0x000000000001c8cc        0x4 
 .text.quorem   0x000000000001c8d0      0x1a8 /opt/devkitpro/devkitA64/bin/../lib/gcc/aarch64-none-elf/8.2.0/../../../../aarch64-none-elf/lib/pic/libg.a(lib_a-dtoa.o)
 .text._dtoa_r  0x000000000001ca78     0x10dc /opt/devkitpro/devkitA64/bin/../lib/gcc/aarch64-none-elf/8.2.0/../../../../aarch64-none-elf/lib/pic/libg.a(lib_a-dtoa.o)
                0x000000000001ca78                _dtoa_r
 *fill*         0x000000000001db54        0x4 
 .text.__sflags
                0x000000000001db58       0xa8 /opt/devkitpro/devkitA64/bin/../lib/gcc/aarch64-none-elf/8.2.0/../../../../aarch64-none-elf/lib/pic/libg.a(lib_a-flags.o)
                0x000000000001db58                __sflags
 .text.__sfvwrite_r
                0x000000000001dc00      0x4b8 /opt/devkitpro/devkitA64/bin/../lib/gcc/aarch64-none-elf/8.2.0/../../../../aarch64-none-elf/lib/pic/libg.a(lib_a-fvwrite.o)
                0x000000000001dc00                __sfvwrite_r
 .text.__localeconv_l
                0x000000000001e0b8        0x8 /opt/devkitpro/devkitA64/bin/../lib/gcc/aarch64-none-elf/8.2.0/../../../../aarch64-none-elf/lib/pic/libg.a(lib_a-localeconv.o)
                0x000000000001e0b8                __localeconv_l
 .text._localeconv_r
                0x000000000001e0c0       0x28 /opt/devkitpro/devkitA64/bin/../lib/gcc/aarch64-none-elf/8.2.0/../../../../aarch64-none-elf/lib/pic/libg.a(lib_a-localeconv.o)
                0x000000000001e0c0                _localeconv_r
 .text          0x000000000001e0e8       0xd8 /opt/devkitpro/devkitA64/bin/../lib/gcc/aarch64-none-elf/8.2.0/../../../../aarch64-none-elf/lib/pic/libg.a(lib_a-memchr.o)
                0x000000000001e0e8                memchr
 .text          0x000000000001e1c0       0xac /opt/devkitpro/devkitA64/bin/../lib/gcc/aarch64-none-elf/8.2.0/../../../../aarch64-none-elf/lib/pic/libg.a(lib_a-memmove.o)
                0x000000000001e1c0                memmove
 *fill*         0x000000000001e26c        0x4 
 .text._Balloc  0x000000000001e270       0x90 /opt/devkitpro/devkitA64/bin/../lib/gcc/aarch64-none-elf/8.2.0/../../../../aarch64-none-elf/lib/pic/libg.a(lib_a-mprec.o)
                0x000000000001e270                _Balloc
 .text._Bfree   0x000000000001e300       0x1c /opt/devkitpro/devkitA64/bin/../lib/gcc/aarch64-none-elf/8.2.0/../../../../aarch64-none-elf/lib/pic/libg.a(lib_a-mprec.o)
                0x000000000001e300                _Bfree
 *fill*         0x000000000001e31c        0x4 
 .text.__multadd
                0x000000000001e320       0xe8 /opt/devkitpro/devkitA64/bin/../lib/gcc/aarch64-none-elf/8.2.0/../../../../aarch64-none-elf/lib/pic/libg.a(lib_a-mprec.o)
                0x000000000001e320                __multadd
 .text.__hi0bits
                0x000000000001e408       0x5c /opt/devkitpro/devkitA64/bin/../lib/gcc/aarch64-none-elf/8.2.0/../../../../aarch64-none-elf/lib/pic/libg.a(lib_a-mprec.o)
                0x000000000001e408                __hi0bits
 *fill*         0x000000000001e464        0x4 
 .text.__lo0bits
                0x000000000001e468       0xa0 /opt/devkitpro/devkitA64/bin/../lib/gcc/aarch64-none-elf/8.2.0/../../../../aarch64-none-elf/lib/pic/libg.a(lib_a-mprec.o)
                0x000000000001e468                __lo0bits
 .text.__i2b    0x000000000001e508       0x2c /opt/devkitpro/devkitA64/bin/../lib/gcc/aarch64-none-elf/8.2.0/../../../../aarch64-none-elf/lib/pic/libg.a(lib_a-mprec.o)
                0x000000000001e508                __i2b
 *fill*         0x000000000001e534        0x4 
 .text.__multiply
                0x000000000001e538      0x1c8 /opt/devkitpro/devkitA64/bin/../lib/gcc/aarch64-none-elf/8.2.0/../../../../aarch64-none-elf/lib/pic/libg.a(lib_a-mprec.o)
                0x000000000001e538                __multiply
 .text.__pow5mult
                0x000000000001e700      0x104 /opt/devkitpro/devkitA64/bin/../lib/gcc/aarch64-none-elf/8.2.0/../../../../aarch64-none-elf/lib/pic/libg.a(lib_a-mprec.o)
                0x000000000001e700                __pow5mult
 *fill*         0x000000000001e804        0x4 
 .text.__lshift
                0x000000000001e808      0x134 /opt/devkitpro/devkitA64/bin/../lib/gcc/aarch64-none-elf/8.2.0/../../../../aarch64-none-elf/lib/pic/libg.a(lib_a-mprec.o)
                0x000000000001e808                __lshift
 *fill*         0x000000000001e93c        0x4 
 .text.__mcmp   0x000000000001e940       0x50 /opt/devkitpro/devkitA64/bin/../lib/gcc/aarch64-none-elf/8.2.0/../../../../aarch64-none-elf/lib/pic/libg.a(lib_a-mprec.o)
                0x000000000001e940                __mcmp
 .text.__mdiff  0x000000000001e990      0x14c /opt/devkitpro/devkitA64/bin/../lib/gcc/aarch64-none-elf/8.2.0/../../../../aarch64-none-elf/lib/pic/libg.a(lib_a-mprec.o)
                0x000000000001e990                __mdiff
 *fill*         0x000000000001eadc        0x4 
 .text.__d2b    0x000000000001eae0      0x138 /opt/devkitpro/devkitA64/bin/../lib/gcc/aarch64-none-elf/8.2.0/../../../../aarch64-none-elf/lib/pic/libg.a(lib_a-mprec.o)
                0x000000000001eae0                __d2b
 .text.frexp    0x000000000001ec18       0x7c /opt/devkitpro/devkitA64/bin/../lib/gcc/aarch64-none-elf/8.2.0/../../../../aarch64-none-elf/lib/pic/libg.a(lib_a-s_frexp.o)
                0x000000000001ec18                frexp
 .text.__ssprint_r
                0x000000000001ec94      0x1c0 /opt/devkitpro/devkitA64/bin/../lib/gcc/aarch64-none-elf/8.2.0/../../../../aarch64-none-elf/lib/pic/libg.a(lib_a-svfiprintf.o)
                0x000000000001ec94                __ssprint_r
 .text.__sprint_r
                0x000000000001ee54       0x3c /opt/devkitpro/devkitA64/bin/../lib/gcc/aarch64-none-elf/8.2.0/../../../../aarch64-none-elf/lib/pic/libg.a(lib_a-vfiprintf.o)
                0x000000000001ee54                __sprint_r
 .text._wcsnrtombs_l
                0x000000000001ee90      0x1dc /opt/devkitpro/devkitA64/bin/../lib/gcc/aarch64-none-elf/8.2.0/../../../../aarch64-none-elf/lib/pic/libg.a(lib_a-wcsnrtombs.o)
                0x000000000001ee90                _wcsnrtombs_l
 *fill*         0x000000000001f06c        0x4 
 .text._wcsnrtombs_r
                0x000000000001f070       0x54 /opt/devkitpro/devkitA64/bin/../lib/gcc/aarch64-none-elf/8.2.0/../../../../aarch64-none-elf/lib/pic/libg.a(lib_a-wcsnrtombs.o)
                0x000000000001f070                _wcsnrtombs_r
 *fill*         0x000000000001f0c4        0x4 
 .text._calloc_r
                0x000000000001f0c8       0x94 /opt/devkitpro/devkitA64/bin/../lib/gcc/aarch64-none-elf/8.2.0/../../../../aarch64-none-elf/lib/pic/libg.a(lib_a-callocr.o)
                0x000000000001f0c8                _calloc_r
 *fill*         0x000000000001f15c        0x4 
 .text.null_write
                0x000000000001f160        0x8 /opt/devkitpro/devkitA64/bin/../lib/gcc/aarch64-none-elf/8.2.0/../../../../aarch64-none-elf/lib/pic/libsysbase.a(iosupport.o)
 .text.setDefaultDevice
                0x000000000001f168       0x18 /opt/devkitpro/devkitA64/bin/../lib/gcc/aarch64-none-elf/8.2.0/../../../../aarch64-none-elf/lib/pic/libsysbase.a(iosupport.o)
                0x000000000001f168                setDefaultDevice
 .text.FindDevice
                0x000000000001f180       0xf8 /opt/devkitpro/devkitA64/bin/../lib/gcc/aarch64-none-elf/8.2.0/../../../../aarch64-none-elf/lib/pic/libsysbase.a(iosupport.o)
                0x000000000001f180                FindDevice
 .text.RemoveDevice
                0x000000000001f278       0x34 /opt/devkitpro/devkitA64/bin/../lib/gcc/aarch64-none-elf/8.2.0/../../../../aarch64-none-elf/lib/pic/libsysbase.a(iosupport.o)
                0x000000000001f278                RemoveDevice
 *fill*         0x000000000001f2ac        0x4 
 .text.AddDevice
                0x000000000001f2b0       0xd8 /opt/devkitpro/devkitA64/bin/../lib/gcc/aarch64-none-elf/8.2.0/../../../../aarch64-none-elf/lib/pic/libsysbase.a(iosupport.o)
                0x000000000001f2b0                AddDevice
 .text._close_r
                0x000000000001f388       0xa8 /opt/devkitpro/devkitA64/bin/../lib/gcc/aarch64-none-elf/8.2.0/../../../../aarch64-none-elf/lib/pic/libsysbase.a(close.o)
                0x000000000001f388                _close_r
 .text._fstat_r
                0x000000000001f430       0x80 /opt/devkitpro/devkitA64/bin/../lib/gcc/aarch64-none-elf/8.2.0/../../../../aarch64-none-elf/lib/pic/libsysbase.a(fstat.o)
                0x000000000001f430                _fstat_r
 .text._gettimeofday_r
                0x000000000001f4b0       0x28 /opt/devkitpro/devkitA64/bin/../lib/gcc/aarch64-none-elf/8.2.0/../../../../aarch64-none-elf/lib/pic/libsysbase.a(gettod.o)
                0x000000000001f4b0                _gettimeofday_r
 .text._isatty_r
                0x000000000001f4d8        0x8 /opt/devkitpro/devkitA64/bin/../lib/gcc/aarch64-none-elf/8.2.0/../../../../aarch64-none-elf/lib/pic/libsysbase.a(isatty.o)
                0x000000000001f4d8                _isatty_r
 .text._lseek_r
                0x000000000001f4e0       0x94 /opt/devkitpro/devkitA64/bin/../lib/gcc/aarch64-none-elf/8.2.0/../../../../aarch64-none-elf/lib/pic/libsysbase.a(lseek.o)
                0x000000000001f4e0                _lseek_r
 *fill*         0x000000000001f574        0x4 
 .text._open_r  0x000000000001f578       0xe0 /opt/devkitpro/devkitA64/bin/../lib/gcc/aarch64-none-elf/8.2.0/../../../../aarch64-none-elf/lib/pic/libsysbase.a(open.o)
                0x000000000001f578                _open_r
 .text._read_r  0x000000000001f658       0xa4 /opt/devkitpro/devkitA64/bin/../lib/gcc/aarch64-none-elf/8.2.0/../../../../aarch64-none-elf/lib/pic/libsysbase.a(read.o)
                0x000000000001f658                _read_r
 *fill*         0x000000000001f6fc        0x4 
 .text._sbrk_r  0x000000000001f700       0x78 /opt/devkitpro/devkitA64/bin/../lib/gcc/aarch64-none-elf/8.2.0/../../../../aarch64-none-elf/lib/pic/libsysbase.a(sbrk.o)
                0x000000000001f700                _sbrk_r
 .text.usleep   0x000000000001f778       0x7c /opt/devkitpro/devkitA64/bin/../lib/gcc/aarch64-none-elf/8.2.0/../../../../aarch64-none-elf/lib/pic/libsysbase.a(usleep.o)
                0x000000000001f778                usleep
 *fill*         0x000000000001f7f4        0x4 
 .text._write_r
                0x000000000001f7f8       0xa4 /opt/devkitpro/devkitA64/bin/../lib/gcc/aarch64-none-elf/8.2.0/../../../../aarch64-none-elf/lib/pic/libsysbase.a(write.o)
                0x000000000001f7f8                _write_r
 *fill*         0x000000000001f89c        0x4 
 .text._exit    0x000000000001f8a0       0x24 /opt/devkitpro/devkitA64/bin/../lib/gcc/aarch64-none-elf/8.2.0/../../../../aarch64-none-elf/lib/pic/libsysbase.a(_exit.o)
                0x000000000001f8a0                _exit
 *fill*         0x000000000001f8c4        0x4 
 .text._concatenate_path
                0x000000000001f8c8      0x234 /opt/devkitpro/devkitA64/bin/../lib/gcc/aarch64-none-elf/8.2.0/../../../../aarch64-none-elf/lib/pic/libsysbase.a(chdir.o)
                0x000000000001f8c8                _concatenate_path
 *fill*         0x000000000001fafc        0x4 
 .text.chdir    0x000000000001fb00      0x178 /opt/devkitpro/devkitA64/bin/../lib/gcc/aarch64-none-elf/8.2.0/../../../../aarch64-none-elf/lib/pic/libsysbase.a(chdir.o)
                0x000000000001fb00                chdir
 .text.__libc_lock_acquire
                0x000000000001fc78       0x18 /opt/devkitpro/devkitA64/bin/../lib/gcc/aarch64-none-elf/8.2.0/../../../../aarch64-none-elf/lib/pic/libsysbase.a(syscall_support.o)
                0x000000000001fc78                __libc_lock_acquire
 .text.__libc_lock_release
                0x000000000001fc90       0x18 /opt/devkitpro/devkitA64/bin/../lib/gcc/aarch64-none-elf/8.2.0/../../../../aarch64-none-elf/lib/pic/libsysbase.a(syscall_support.o)
                0x000000000001fc90                __libc_lock_release
 .text.__libc_lock_init_recursive
                0x000000000001fca8       0x18 /opt/devkitpro/devkitA64/bin/../lib/gcc/aarch64-none-elf/8.2.0/../../../../aarch64-none-elf/lib/pic/libsysbase.a(syscall_support.o)
                0x000000000001fca8                __libc_lock_init_recursive
 .text.__libc_lock_acquire_recursive
                0x000000000001fcc0       0x18 /opt/devkitpro/devkitA64/bin/../lib/gcc/aarch64-none-elf/8.2.0/../../../../aarch64-none-elf/lib/pic/libsysbase.a(syscall_support.o)
                0x000000000001fcc0                __libc_lock_acquire_recursive
 .text.__libc_lock_release_recursive
                0x000000000001fcd8       0x18 /opt/devkitpro/devkitA64/bin/../lib/gcc/aarch64-none-elf/8.2.0/../../../../aarch64-none-elf/lib/pic/libsysbase.a(syscall_support.o)
                0x000000000001fcd8                __libc_lock_release_recursive
 .text.__libc_lock_close_recursive
                0x000000000001fcf0       0x18 /opt/devkitpro/devkitA64/bin/../lib/gcc/aarch64-none-elf/8.2.0/../../../../aarch64-none-elf/lib/pic/libsysbase.a(syscall_support.o)
                0x000000000001fcf0                __libc_lock_close_recursive
 .text.__free_handle